[0.033s] Invoking command in '/home/luca/topic-highlight/exam_ws/build/pal_robotiq_gripper': AMENT_PREFIX_PATH=/home/luca/topic-highlight/exam_ws/install/pal_robotiq_description:/home/luca/topic-highlight/exam_ws/install/pal_robotiq_controller_configuration:${AMENT_PREFIX_PATH} CMAKE_PREFIX_PATH=/home/luca/topic-highlight/exam_ws/install/pal_robotiq_description:/home/luca/topic-highlight/exam_ws/install/pal_robotiq_controller_configuration:/opt/ros/humble /usr/bin/cmake /home/luca/topic-highlight/exam_ws/src/pal_robotiq_gripper/pal_robotiq_gripper -DCMAKE_INSTALL_PREFIX=/home/luca/topic-highlight/exam_ws/install/pal_robotiq_gripper
[0.075s] -- The C compiler identification is GNU 11.4.0
[0.122s] -- The CXX compiler identification is GNU 11.4.0
[0.129s] -- Detecting C compiler ABI info
[0.185s] -- Detecting C compiler ABI info - done
[0.190s] -- Check for working C compiler: /usr/bin/cc - skipped
[0.190s] -- Detecting C compile features
[0.191s] -- Detecting C compile features - done
[0.193s] -- Detecting CXX compiler ABI info
[0.264s] -- Detecting CXX compiler ABI info - done
[0.269s] -- Check for working CXX compiler: /usr/bin/c++ - skipped
[0.269s] -- Detecting CXX compile features
[0.269s] -- Detecting CXX compile features - done
[0.269s] -- Found ament_cmake_auto: 1.3.11 (/opt/ros/humble/share/ament_cmake_auto/cmake)
[0.763s] -- Found Python3: /usr/bin/python3 (found version "3.10.12") found components: Interpreter 
[0.959s] -- Found rosidl_generator_c: 3.1.6 (/opt/ros/humble/share/rosidl_generator_c/cmake)
[0.964s] -- Found rosidl_adapter: 3.1.6 (/opt/ros/humble/share/rosidl_adapter/cmake)
[0.972s] -- Found rosidl_generator_cpp: 3.1.6 (/opt/ros/humble/share/rosidl_generator_cpp/cmake)
[0.984s] -- Using all available rosidl_typesupport_c: rosidl_typesupport_fastrtps_c;rosidl_typesupport_introspection_c
[0.999s] -- Using all available rosidl_typesupport_cpp: rosidl_typesupport_fastrtps_cpp;rosidl_typesupport_introspection_cpp
[1.042s] -- Found rmw_implementation_cmake: 6.1.2 (/opt/ros/humble/share/rmw_implementation_cmake/cmake)
[1.044s] -- Found rmw_fastrtps_cpp: 6.2.7 (/opt/ros/humble/share/rmw_fastrtps_cpp/cmake)
[1.130s] -- Found OpenSSL: /usr/lib/x86_64-linux-gnu/libcrypto.so (found version "3.0.2")  
[1.162s] -- Found FastRTPS: /opt/ros/humble/include  
[1.201s] -- Using RMW implementation 'rmw_fastrtps_cpp' as default
[1.210s] -- Looking for pthread.h
[1.277s] -- Looking for pthread.h - found
[1.277s] -- Performing Test CMAKE_HAVE_LIBC_PTHREAD
[1.349s] -- Performing Test CMAKE_HAVE_LIBC_PTHREAD - Success
[1.351s] -- Found Threads: TRUE  
[1.428s] -- Found ament_lint_auto: 0.12.11 (/opt/ros/humble/share/ament_lint_auto/cmake)
[1.460s] -- Added test 'copyright' to check source files copyright and LICENSE
[1.462s] -- Added test 'lint_cmake' to check CMake code style
[1.463s] -- Added test 'xmllint' to check XML markup files
[1.464s] -- Configuring done
[1.469s] -- Generating done
[1.472s] -- Build files have been written to: /home/luca/topic-highlight/exam_ws/build/pal_robotiq_gripper
[1.484s] Invoked command in '/home/luca/topic-highlight/exam_ws/build/pal_robotiq_gripper' returned '0': AMENT_PREFIX_PATH=/home/luca/topic-highlight/exam_ws/install/pal_robotiq_description:/home/luca/topic-highlight/exam_ws/install/pal_robotiq_controller_configuration:${AMENT_PREFIX_PATH} CMAKE_PREFIX_PATH=/home/luca/topic-highlight/exam_ws/install/pal_robotiq_description:/home/luca/topic-highlight/exam_ws/install/pal_robotiq_controller_configuration:/opt/ros/humble /usr/bin/cmake /home/luca/topic-highlight/exam_ws/src/pal_robotiq_gripper/pal_robotiq_gripper -DCMAKE_INSTALL_PREFIX=/home/luca/topic-highlight/exam_ws/install/pal_robotiq_gripper
[1.486s] Invoking command in '/home/luca/topic-highlight/exam_ws/build/pal_robotiq_gripper': AMENT_PREFIX_PATH=/home/luca/topic-highlight/exam_ws/install/pal_robotiq_description:/home/luca/topic-highlight/exam_ws/install/pal_robotiq_controller_configuration:${AMENT_PREFIX_PATH} CMAKE_PREFIX_PATH=/home/luca/topic-highlight/exam_ws/install/pal_robotiq_description:/home/luca/topic-highlight/exam_ws/install/pal_robotiq_controller_configuration:/opt/ros/humble /usr/bin/cmake --build /home/luca/topic-highlight/exam_ws/build/pal_robotiq_gripper -- -j20 -l20
[1.521s] Invoked command in '/home/luca/topic-highlight/exam_ws/build/pal_robotiq_gripper' returned '0': AMENT_PREFIX_PATH=/home/luca/topic-highlight/exam_ws/install/pal_robotiq_description:/home/luca/topic-highlight/exam_ws/install/pal_robotiq_controller_configuration:${AMENT_PREFIX_PATH} CMAKE_PREFIX_PATH=/home/luca/topic-highlight/exam_ws/install/pal_robotiq_description:/home/luca/topic-highlight/exam_ws/install/pal_robotiq_controller_configuration:/opt/ros/humble /usr/bin/cmake --build /home/luca/topic-highlight/exam_ws/build/pal_robotiq_gripper -- -j20 -l20
[1.522s] Invoking command in '/home/luca/topic-highlight/exam_ws/build/pal_robotiq_gripper': AMENT_PREFIX_PATH=/home/luca/topic-highlight/exam_ws/install/pal_robotiq_description:/home/luca/topic-highlight/exam_ws/install/pal_robotiq_controller_configuration:${AMENT_PREFIX_PATH} CMAKE_PREFIX_PATH=/home/luca/topic-highlight/exam_ws/install/pal_robotiq_description:/home/luca/topic-highlight/exam_ws/install/pal_robotiq_controller_configuration:/opt/ros/humble /usr/bin/cmake --install /home/luca/topic-highlight/exam_ws/build/pal_robotiq_gripper
[1.529s] -- Install configuration: ""
[1.530s] -- Installing: /home/luca/topic-highlight/exam_ws/install/pal_robotiq_gripper/share/ament_index/resource_index/package_run_dependencies/pal_robotiq_gripper
[1.530s] -- Installing: /home/luca/topic-highlight/exam_ws/install/pal_robotiq_gripper/share/ament_index/resource_index/parent_prefix_path/pal_robotiq_gripper
[1.530s] -- Installing: /home/luca/topic-highlight/exam_ws/install/pal_robotiq_gripper/share/pal_robotiq_gripper/environment/ament_prefix_path.sh
[1.530s] -- Installing: /home/luca/topic-highlight/exam_ws/install/pal_robotiq_gripper/share/pal_robotiq_gripper/environment/ament_prefix_path.dsv
[1.530s] -- Installing: /home/luca/topic-highlight/exam_ws/install/pal_robotiq_gripper/share/pal_robotiq_gripper/environment/path.sh
[1.530s] -- Installing: /home/luca/topic-highlight/exam_ws/install/pal_robotiq_gripper/share/pal_robotiq_gripper/environment/path.dsv
[1.530s] -- Installing: /home/luca/topic-highlight/exam_ws/install/pal_robotiq_gripper/share/pal_robotiq_gripper/local_setup.bash
[1.530s] -- Installing: /home/luca/topic-highlight/exam_ws/install/pal_robotiq_gripper/share/pal_robotiq_gripper/local_setup.sh
[1.531s] -- Installing: /home/luca/topic-highlight/exam_ws/install/pal_robotiq_gripper/share/pal_robotiq_gripper/local_setup.zsh
[1.531s] -- Installing: /home/luca/topic-highlight/exam_ws/install/pal_robotiq_gripper/share/pal_robotiq_gripper/local_setup.dsv
[1.531s] -- Installing: /home/luca/topic-highlight/exam_ws/install/pal_robotiq_gripper/share/pal_robotiq_gripper/package.dsv
[1.531s] -- Installing: /home/luca/topic-highlight/exam_ws/install/pal_robotiq_gripper/share/ament_index/resource_index/packages/pal_robotiq_gripper
[1.531s] -- Installing: /home/luca/topic-highlight/exam_ws/install/pal_robotiq_gripper/share/pal_robotiq_gripper/cmake/pal_robotiq_gripperConfig.cmake
[1.531s] -- Installing: /home/luca/topic-highlight/exam_ws/install/pal_robotiq_gripper/share/pal_robotiq_gripper/cmake/pal_robotiq_gripperConfig-version.cmake
[1.531s] -- Installing: /home/luca/topic-highlight/exam_ws/install/pal_robotiq_gripper/share/pal_robotiq_gripper/package.xml
[1.532s] Invoked command in '/home/luca/topic-highlight/exam_ws/build/pal_robotiq_gripper' returned '0': AMENT_PREFIX_PATH=/home/luca/topic-highlight/exam_ws/install/pal_robotiq_description:/home/luca/topic-highlight/exam_ws/install/pal_robotiq_controller_configuration:${AMENT_PREFIX_PATH} CMAKE_PREFIX_PATH=/home/luca/topic-highlight/exam_ws/install/pal_robotiq_description:/home/luca/topic-highlight/exam_ws/install/pal_robotiq_controller_configuration:/opt/ros/humble /usr/bin/cmake --install /home/luca/topic-highlight/exam_ws/build/pal_robotiq_gripper
