[0.010s] Invoking command in '/home/luca/topic-highlight/exam_ws/build/pal_navigation_cfg': AMENT_PREFIX_PATH=/home/luca/topic-highlight/exam_ws/install/pal_navigation_cfg_bringup:/home/luca/topic-highlight/exam_ws/install/pal_navigation_cfg_params:/home/luca/topic-highlight/exam_ws/install/launch_pal:${AMENT_PREFIX_PATH} CMAKE_PREFIX_PATH=/home/luca/topic-highlight/exam_ws/install/pal_navigation_cfg_bringup:/home/luca/topic-highlight/exam_ws/install/pal_navigation_cfg_params:/opt/ros/humble PYTHONPATH=/home/luca/topic-highlight/exam_ws/install/launch_pal/lib/python3.10/site-packages:${PYTHONPATH} /usr/bin/cmake /home/luca/topic-highlight/exam_ws/src/pal_navigation_cfg_public/pal_navigation_cfg_public -DCMAKE_INSTALL_PREFIX=/home/luca/topic-highlight/exam_ws/install/pal_navigation_cfg
[0.065s] -- The C compiler identification is GNU 11.4.0
[0.114s] -- The CXX compiler identification is GNU 11.4.0
[0.119s] -- Detecting C compiler ABI info
[0.179s] -- Detecting C compiler ABI info - done
[0.185s] -- Check for working C compiler: /usr/bin/cc - skipped
[0.185s] -- Detecting C compile features
[0.186s] -- Detecting C compile features - done
[0.188s] -- Detecting CXX compiler ABI info
[0.262s] -- Detecting CXX compiler ABI info - done
[0.268s] -- Check for working CXX compiler: /usr/bin/c++ - skipped
[0.269s] -- Detecting CXX compile features
[0.269s] -- Detecting CXX compile features - done
[0.271s] -- Found ament_cmake_auto: 1.3.11 (/opt/ros/humble/share/ament_cmake_auto/cmake)
[0.676s] -- Found Python3: /usr/bin/python3 (found version "3.10.12") found components: Interpreter 
[0.846s] -- Configuring done
[0.847s] -- Generating done
[0.849s] -- Build files have been written to: /home/luca/topic-highlight/exam_ws/build/pal_navigation_cfg
[0.852s] Invoked command in '/home/luca/topic-highlight/exam_ws/build/pal_navigation_cfg' returned '0': AMENT_PREFIX_PATH=/home/luca/topic-highlight/exam_ws/install/pal_navigation_cfg_bringup:/home/luca/topic-highlight/exam_ws/install/pal_navigation_cfg_params:/home/luca/topic-highlight/exam_ws/install/launch_pal:${AMENT_PREFIX_PATH} CMAKE_PREFIX_PATH=/home/luca/topic-highlight/exam_ws/install/pal_navigation_cfg_bringup:/home/luca/topic-highlight/exam_ws/install/pal_navigation_cfg_params:/opt/ros/humble PYTHONPATH=/home/luca/topic-highlight/exam_ws/install/launch_pal/lib/python3.10/site-packages:${PYTHONPATH} /usr/bin/cmake /home/luca/topic-highlight/exam_ws/src/pal_navigation_cfg_public/pal_navigation_cfg_public -DCMAKE_INSTALL_PREFIX=/home/luca/topic-highlight/exam_ws/install/pal_navigation_cfg
[0.854s] Invoking command in '/home/luca/topic-highlight/exam_ws/build/pal_navigation_cfg': AMENT_PREFIX_PATH=/home/luca/topic-highlight/exam_ws/install/pal_navigation_cfg_bringup:/home/luca/topic-highlight/exam_ws/install/pal_navigation_cfg_params:/home/luca/topic-highlight/exam_ws/install/launch_pal:${AMENT_PREFIX_PATH} CMAKE_PREFIX_PATH=/home/luca/topic-highlight/exam_ws/install/pal_navigation_cfg_bringup:/home/luca/topic-highlight/exam_ws/install/pal_navigation_cfg_params:/opt/ros/humble PYTHONPATH=/home/luca/topic-highlight/exam_ws/install/launch_pal/lib/python3.10/site-packages:${PYTHONPATH} /usr/bin/cmake --build /home/luca/topic-highlight/exam_ws/build/pal_navigation_cfg -- -j20 -l20
[0.898s] Invoked command in '/home/luca/topic-highlight/exam_ws/build/pal_navigation_cfg' returned '0': AMENT_PREFIX_PATH=/home/luca/topic-highlight/exam_ws/install/pal_navigation_cfg_bringup:/home/luca/topic-highlight/exam_ws/install/pal_navigation_cfg_params:/home/luca/topic-highlight/exam_ws/install/launch_pal:${AMENT_PREFIX_PATH} CMAKE_PREFIX_PATH=/home/luca/topic-highlight/exam_ws/install/pal_navigation_cfg_bringup:/home/luca/topic-highlight/exam_ws/install/pal_navigation_cfg_params:/opt/ros/humble PYTHONPATH=/home/luca/topic-highlight/exam_ws/install/launch_pal/lib/python3.10/site-packages:${PYTHONPATH} /usr/bin/cmake --build /home/luca/topic-highlight/exam_ws/build/pal_navigation_cfg -- -j20 -l20
[0.900s] Invoking command in '/home/luca/topic-highlight/exam_ws/build/pal_navigation_cfg': AMENT_PREFIX_PATH=/home/luca/topic-highlight/exam_ws/install/pal_navigation_cfg_bringup:/home/luca/topic-highlight/exam_ws/install/pal_navigation_cfg_params:/home/luca/topic-highlight/exam_ws/install/launch_pal:${AMENT_PREFIX_PATH} CMAKE_PREFIX_PATH=/home/luca/topic-highlight/exam_ws/install/pal_navigation_cfg_bringup:/home/luca/topic-highlight/exam_ws/install/pal_navigation_cfg_params:/opt/ros/humble PYTHONPATH=/home/luca/topic-highlight/exam_ws/install/launch_pal/lib/python3.10/site-packages:${PYTHONPATH} /usr/bin/cmake --install /home/luca/topic-highlight/exam_ws/build/pal_navigation_cfg
[0.910s] -- Install configuration: ""
[0.910s] -- Installing: /home/luca/topic-highlight/exam_ws/install/pal_navigation_cfg/share/ament_index/resource_index/package_run_dependencies/pal_navigation_cfg
[0.910s] -- Installing: /home/luca/topic-highlight/exam_ws/install/pal_navigation_cfg/share/ament_index/resource_index/parent_prefix_path/pal_navigation_cfg
[0.911s] -- Installing: /home/luca/topic-highlight/exam_ws/install/pal_navigation_cfg/share/pal_navigation_cfg/environment/ament_prefix_path.sh
[0.911s] -- Installing: /home/luca/topic-highlight/exam_ws/install/pal_navigation_cfg/share/pal_navigation_cfg/environment/ament_prefix_path.dsv
[0.911s] -- Installing: /home/luca/topic-highlight/exam_ws/install/pal_navigation_cfg/share/pal_navigation_cfg/environment/path.sh
[0.911s] -- Installing: /home/luca/topic-highlight/exam_ws/install/pal_navigation_cfg/share/pal_navigation_cfg/environment/path.dsv
[0.911s] -- Installing: /home/luca/topic-highlight/exam_ws/install/pal_navigation_cfg/share/pal_navigation_cfg/local_setup.bash
[0.911s] -- Installing: /home/luca/topic-highlight/exam_ws/install/pal_navigation_cfg/share/pal_navigation_cfg/local_setup.sh
[0.911s] -- Installing: /home/luca/topic-highlight/exam_ws/install/pal_navigation_cfg/share/pal_navigation_cfg/local_setup.zsh
[0.911s] -- Installing: /home/luca/topic-highlight/exam_ws/install/pal_navigation_cfg/share/pal_navigation_cfg/local_setup.dsv
[0.912s] -- Installing: /home/luca/topic-highlight/exam_ws/install/pal_navigation_cfg/share/pal_navigation_cfg/package.dsv
[0.912s] -- Installing: /home/luca/topic-highlight/exam_ws/install/pal_navigation_cfg/share/ament_index/resource_index/packages/pal_navigation_cfg
[0.912s] -- Installing: /home/luca/topic-highlight/exam_ws/install/pal_navigation_cfg/share/pal_navigation_cfg/cmake/pal_navigation_cfgConfig.cmake
[0.912s] -- Installing: /home/luca/topic-highlight/exam_ws/install/pal_navigation_cfg/share/pal_navigation_cfg/cmake/pal_navigation_cfgConfig-version.cmake
[0.912s] -- Installing: /home/luca/topic-highlight/exam_ws/install/pal_navigation_cfg/share/pal_navigation_cfg/package.xml
[0.916s] Invoked command in '/home/luca/topic-highlight/exam_ws/build/pal_navigation_cfg' returned '0': AMENT_PREFIX_PATH=/home/luca/topic-highlight/exam_ws/install/pal_navigation_cfg_bringup:/home/luca/topic-highlight/exam_ws/install/pal_navigation_cfg_params:/home/luca/topic-highlight/exam_ws/install/launch_pal:${AMENT_PREFIX_PATH} CMAKE_PREFIX_PATH=/home/luca/topic-highlight/exam_ws/install/pal_navigation_cfg_bringup:/home/luca/topic-highlight/exam_ws/install/pal_navigation_cfg_params:/opt/ros/humble PYTHONPATH=/home/luca/topic-highlight/exam_ws/install/launch_pal/lib/python3.10/site-packages:${PYTHONPATH} /usr/bin/cmake --install /home/luca/topic-highlight/exam_ws/build/pal_navigation_cfg
