[0.188s] Invoking command in '/home/luca/topic-highlight/exam_ws/build/pmb2_laser_sensors': CMAKE_PREFIX_PATH=/opt/ros/humble /usr/bin/cmake /home/luca/topic-highlight/exam_ws/src/pmb2_navigation/pmb2_laser_sensors -DCMAKE_INSTALL_PREFIX=/home/luca/topic-highlight/exam_ws/install/pmb2_laser_sensors
[0.485s] -- The C compiler identification is GNU 11.4.0
[0.485s] -- The CXX compiler identification is GNU 11.4.0
[0.485s] -- Detecting C compiler ABI info
[0.485s] -- Detecting C compiler ABI info - done
[0.485s] -- Check for working C compiler: /usr/bin/cc - skipped
[0.485s] -- Detecting C compile features
[0.485s] -- Detecting C compile features - done
[0.485s] -- Detecting CXX compiler ABI info
[0.496s] -- Detecting CXX compiler ABI info - done
[0.507s] -- Check for working CXX compiler: /usr/bin/c++ - skipped
[0.511s] -- Detecting CXX compile features
[0.511s] -- Detecting CXX compile features - done
[0.512s] -- Found ament_cmake_auto: 1.3.11 (/opt/ros/humble/share/ament_cmake_auto/cmake)
[0.967s] -- Found Python3: /usr/bin/python3 (found version "3.10.12") found components: Interpreter 
[1.187s] -- Added test 'copyright' to check source files copyright and LICENSE
[1.190s] -- Added test 'flake8' to check Python code syntax and style conventions
[1.192s] -- Added test 'lint_cmake' to check CMake code style
[1.193s] -- Added test 'pep257' to check Python code against some of the docstring style conventions in PEP 257
[1.194s] -- Added test 'xmllint' to check XML markup files
[1.194s] -- Configuring done
[1.194s] -- Generating done
[1.194s] -- Build files have been written to: /home/luca/topic-highlight/exam_ws/build/pmb2_laser_sensors
[1.215s] Invoked command in '/home/luca/topic-highlight/exam_ws/build/pmb2_laser_sensors' returned '0': CMAKE_PREFIX_PATH=/opt/ros/humble /usr/bin/cmake /home/luca/topic-highlight/exam_ws/src/pmb2_navigation/pmb2_laser_sensors -DCMAKE_INSTALL_PREFIX=/home/luca/topic-highlight/exam_ws/install/pmb2_laser_sensors
[1.216s] Invoking command in '/home/luca/topic-highlight/exam_ws/build/pmb2_laser_sensors': CMAKE_PREFIX_PATH=/opt/ros/humble /usr/bin/cmake --build /home/luca/topic-highlight/exam_ws/build/pmb2_laser_sensors -- -j20 -l20
[1.263s] Invoked command in '/home/luca/topic-highlight/exam_ws/build/pmb2_laser_sensors' returned '0': CMAKE_PREFIX_PATH=/opt/ros/humble /usr/bin/cmake --build /home/luca/topic-highlight/exam_ws/build/pmb2_laser_sensors -- -j20 -l20
[1.266s] Invoking command in '/home/luca/topic-highlight/exam_ws/build/pmb2_laser_sensors': CMAKE_PREFIX_PATH=/opt/ros/humble /usr/bin/cmake --install /home/luca/topic-highlight/exam_ws/build/pmb2_laser_sensors
[1.275s] -- Install configuration: ""
[1.276s] -- Installing: /home/luca/topic-highlight/exam_ws/install/pmb2_laser_sensors/share/pmb2_laser_sensors/config
[1.276s] -- Installing: /home/luca/topic-highlight/exam_ws/install/pmb2_laser_sensors/share/pmb2_laser_sensors/config/sick-571_filter.yaml
[1.276s] -- Installing: /home/luca/topic-highlight/exam_ws/install/pmb2_laser_sensors/share/pmb2_laser_sensors/config/sick-561_filter.yaml
[1.276s] -- Installing: /home/luca/topic-highlight/exam_ws/install/pmb2_laser_sensors/share/pmb2_laser_sensors/config/sick_tim571_laser.yaml
[1.277s] -- Installing: /home/luca/topic-highlight/exam_ws/install/pmb2_laser_sensors/share/pmb2_laser_sensors/config/sick_tim551_laser.yaml
[1.277s] -- Installing: /home/luca/topic-highlight/exam_ws/install/pmb2_laser_sensors/share/pmb2_laser_sensors/config/sick_tim561_laser.yaml
[1.277s] -- Installing: /home/luca/topic-highlight/exam_ws/install/pmb2_laser_sensors/share/pmb2_laser_sensors/config/sick-551_filter.yaml
[1.277s] -- Installing: /home/luca/topic-highlight/exam_ws/install/pmb2_laser_sensors/share/pmb2_laser_sensors/launch
[1.277s] -- Installing: /home/luca/topic-highlight/exam_ws/install/pmb2_laser_sensors/share/pmb2_laser_sensors/launch/sick-551_laser.launch.py
[1.278s] -- Installing: /home/luca/topic-highlight/exam_ws/install/pmb2_laser_sensors/share/pmb2_laser_sensors/launch/sick-571_laser.launch.py
[1.278s] -- Installing: /home/luca/topic-highlight/exam_ws/install/pmb2_laser_sensors/share/pmb2_laser_sensors/launch/laser.launch.py
[1.279s] -- Installing: /home/luca/topic-highlight/exam_ws/install/pmb2_laser_sensors/share/pmb2_laser_sensors/launch/laser_filters.launch.py
[1.279s] -- Installing: /home/luca/topic-highlight/exam_ws/install/pmb2_laser_sensors/share/pmb2_laser_sensors/launch/sick-561_laser.launch.py
[1.279s] -- Installing: /home/luca/topic-highlight/exam_ws/install/pmb2_laser_sensors/share/ament_index/resource_index/package_run_dependencies/pmb2_laser_sensors
[1.279s] -- Installing: /home/luca/topic-highlight/exam_ws/install/pmb2_laser_sensors/share/ament_index/resource_index/parent_prefix_path/pmb2_laser_sensors
[1.279s] -- Installing: /home/luca/topic-highlight/exam_ws/install/pmb2_laser_sensors/share/pmb2_laser_sensors/environment/ament_prefix_path.sh
[1.279s] -- Installing: /home/luca/topic-highlight/exam_ws/install/pmb2_laser_sensors/share/pmb2_laser_sensors/environment/ament_prefix_path.dsv
[1.279s] -- Installing: /home/luca/topic-highlight/exam_ws/install/pmb2_laser_sensors/share/pmb2_laser_sensors/environment/path.sh
[1.279s] -- Installing: /home/luca/topic-highlight/exam_ws/install/pmb2_laser_sensors/share/pmb2_laser_sensors/environment/path.dsv
[1.280s] -- Installing: /home/luca/topic-highlight/exam_ws/install/pmb2_laser_sensors/share/pmb2_laser_sensors/local_setup.bash
[1.280s] -- Installing: /home/luca/topic-highlight/exam_ws/install/pmb2_laser_sensors/share/pmb2_laser_sensors/local_setup.sh
[1.280s] -- Installing: /home/luca/topic-highlight/exam_ws/install/pmb2_laser_sensors/share/pmb2_laser_sensors/local_setup.zsh
[1.280s] -- Installing: /home/luca/topic-highlight/exam_ws/install/pmb2_laser_sensors/share/pmb2_laser_sensors/local_setup.dsv
[1.280s] -- Installing: /home/luca/topic-highlight/exam_ws/install/pmb2_laser_sensors/share/pmb2_laser_sensors/package.dsv
[1.280s] -- Installing: /home/luca/topic-highlight/exam_ws/install/pmb2_laser_sensors/share/ament_index/resource_index/packages/pmb2_laser_sensors
[1.280s] -- Installing: /home/luca/topic-highlight/exam_ws/install/pmb2_laser_sensors/share/pmb2_laser_sensors/cmake/pmb2_laser_sensorsConfig.cmake
[1.280s] -- Installing: /home/luca/topic-highlight/exam_ws/install/pmb2_laser_sensors/share/pmb2_laser_sensors/cmake/pmb2_laser_sensorsConfig-version.cmake
[1.280s] -- Installing: /home/luca/topic-highlight/exam_ws/install/pmb2_laser_sensors/share/pmb2_laser_sensors/package.xml
[1.309s] Invoked command in '/home/luca/topic-highlight/exam_ws/build/pmb2_laser_sensors' returned '0': CMAKE_PREFIX_PATH=/opt/ros/humble /usr/bin/cmake --install /home/luca/topic-highlight/exam_ws/build/pmb2_laser_sensors
