[0.189s] Invoking command in '/home/luca/topic-highlight/exam_ws/build/pal_urdf_utils': CMAKE_PREFIX_PATH=/opt/ros/humble /usr/bin/cmake /home/luca/topic-highlight/exam_ws/src/pal_urdf_utils -DCMAKE_INSTALL_PREFIX=/home/luca/topic-highlight/exam_ws/install/pal_urdf_utils
[0.481s] -- The C compiler identification is GNU 11.4.0
[0.481s] -- The CXX compiler identification is GNU 11.4.0
[0.483s] -- Detecting C compiler ABI info
[0.485s] -- Detecting C compiler ABI info - done
[0.486s] -- Check for working C compiler: /usr/bin/cc - skipped
[0.487s] -- Detecting C compile features
[0.489s] -- Detecting C compile features - done
[0.490s] -- Detecting CXX compiler ABI info
[0.490s] -- Detecting CXX compiler ABI info - done
[0.499s] -- Check for working CXX compiler: /usr/bin/c++ - skipped
[0.499s] -- Detecting CXX compile features
[0.499s] -- Detecting CXX compile features - done
[0.503s] -- Found ament_cmake_auto: 1.3.11 (/opt/ros/humble/share/ament_cmake_auto/cmake)
[0.938s] -- Found Python3: /usr/bin/python3 (found version "3.10.12") found components: Interpreter 
[1.110s] -- Found ament_lint_auto: 0.12.11 (/opt/ros/humble/share/ament_lint_auto/cmake)
[1.124s] -- Added test 'copyright' to check source files copyright and LICENSE
[1.125s] -- Added test 'lint_cmake' to check CMake code style
[1.127s] -- Added test 'xmllint' to check XML markup files
[1.127s] -- Configuring done
[1.128s] -- Generating done
[1.134s] -- Build files have been written to: /home/luca/topic-highlight/exam_ws/build/pal_urdf_utils
[1.141s] Invoked command in '/home/luca/topic-highlight/exam_ws/build/pal_urdf_utils' returned '0': CMAKE_PREFIX_PATH=/opt/ros/humble /usr/bin/cmake /home/luca/topic-highlight/exam_ws/src/pal_urdf_utils -DCMAKE_INSTALL_PREFIX=/home/luca/topic-highlight/exam_ws/install/pal_urdf_utils
[1.143s] Invoking command in '/home/luca/topic-highlight/exam_ws/build/pal_urdf_utils': CMAKE_PREFIX_PATH=/opt/ros/humble /usr/bin/cmake --build /home/luca/topic-highlight/exam_ws/build/pal_urdf_utils -- -j20 -l20
[1.174s] Invoked command in '/home/luca/topic-highlight/exam_ws/build/pal_urdf_utils' returned '0': CMAKE_PREFIX_PATH=/opt/ros/humble /usr/bin/cmake --build /home/luca/topic-highlight/exam_ws/build/pal_urdf_utils -- -j20 -l20
[1.176s] Invoking command in '/home/luca/topic-highlight/exam_ws/build/pal_urdf_utils': CMAKE_PREFIX_PATH=/opt/ros/humble /usr/bin/cmake --install /home/luca/topic-highlight/exam_ws/build/pal_urdf_utils
[1.184s] -- Install configuration: ""
[1.185s] -- Installing: /home/luca/topic-highlight/exam_ws/install/pal_urdf_utils/share/pal_urdf_utils/urdf
[1.186s] -- Installing: /home/luca/topic-highlight/exam_ws/install/pal_urdf_utils/share/pal_urdf_utils/urdf/materials.urdf.xacro
[1.186s] -- Installing: /home/luca/topic-highlight/exam_ws/install/pal_urdf_utils/share/pal_urdf_utils/urdf/pi.urdf.xacro
[1.186s] -- Installing: /home/luca/topic-highlight/exam_ws/install/pal_urdf_utils/share/pal_urdf_utils/urdf/deg_to_rad.urdf.xacro
[1.189s] -- Installing: /home/luca/topic-highlight/exam_ws/install/pal_urdf_utils/share/ament_index/resource_index/package_run_dependencies/pal_urdf_utils
[1.189s] -- Installing: /home/luca/topic-highlight/exam_ws/install/pal_urdf_utils/share/ament_index/resource_index/parent_prefix_path/pal_urdf_utils
[1.190s] -- Installing: /home/luca/topic-highlight/exam_ws/install/pal_urdf_utils/share/pal_urdf_utils/environment/ament_prefix_path.sh
[1.190s] -- Installing: /home/luca/topic-highlight/exam_ws/install/pal_urdf_utils/share/pal_urdf_utils/environment/ament_prefix_path.dsv
[1.190s] -- Installing: /home/luca/topic-highlight/exam_ws/install/pal_urdf_utils/share/pal_urdf_utils/environment/path.sh
[1.192s] -- Installing: /home/luca/topic-highlight/exam_ws/install/pal_urdf_utils/share/pal_urdf_utils/environment/path.dsv
[1.192s] -- Installing: /home/luca/topic-highlight/exam_ws/install/pal_urdf_utils/share/pal_urdf_utils/local_setup.bash
[1.194s] -- Installing: /home/luca/topic-highlight/exam_ws/install/pal_urdf_utils/share/pal_urdf_utils/local_setup.sh
[1.194s] -- Installing: /home/luca/topic-highlight/exam_ws/install/pal_urdf_utils/share/pal_urdf_utils/local_setup.zsh
[1.194s] -- Installing: /home/luca/topic-highlight/exam_ws/install/pal_urdf_utils/share/pal_urdf_utils/local_setup.dsv
[1.196s] -- Installing: /home/luca/topic-highlight/exam_ws/install/pal_urdf_utils/share/pal_urdf_utils/package.dsv
[1.197s] -- Installing: /home/luca/topic-highlight/exam_ws/install/pal_urdf_utils/share/ament_index/resource_index/packages/pal_urdf_utils
[1.197s] -- Installing: /home/luca/topic-highlight/exam_ws/install/pal_urdf_utils/share/pal_urdf_utils/cmake/pal_urdf_utilsConfig.cmake
[1.198s] -- Installing: /home/luca/topic-highlight/exam_ws/install/pal_urdf_utils/share/pal_urdf_utils/cmake/pal_urdf_utilsConfig-version.cmake
[1.199s] -- Installing: /home/luca/topic-highlight/exam_ws/install/pal_urdf_utils/share/pal_urdf_utils/package.xml
[1.221s] Invoked command in '/home/luca/topic-highlight/exam_ws/build/pal_urdf_utils' returned '0': CMAKE_PREFIX_PATH=/opt/ros/humble /usr/bin/cmake --install /home/luca/topic-highlight/exam_ws/build/pal_urdf_utils
