[0.029s] Invoking command in '/home/luca/topic-highlight/exam_ws/build/pal_navigation_cfg_bringup': AMENT_PREFIX_PATH=/home/luca/topic-highlight/exam_ws/install/pal_navigation_cfg_params:/home/luca/topic-highlight/exam_ws/install/launch_pal:${AMENT_PREFIX_PATH} CMAKE_PREFIX_PATH=/home/luca/topic-highlight/exam_ws/install/pal_navigation_cfg_params:/opt/ros/humble PYTHONPATH=/home/luca/topic-highlight/exam_ws/install/launch_pal/lib/python3.10/site-packages:${PYTHONPATH} /usr/bin/cmake /home/luca/topic-highlight/exam_ws/src/pal_navigation_cfg_public/pal_navigation_cfg_bringup -DCMAKE_INSTALL_PREFIX=/home/luca/topic-highlight/exam_ws/install/pal_navigation_cfg_bringup
[0.074s] -- The C compiler identification is GNU 11.4.0
[0.126s] -- The CXX compiler identification is GNU 11.4.0
[0.133s] -- Detecting C compiler ABI info
[0.192s] -- Detecting C compiler ABI info - done
[0.198s] -- Check for working C compiler: /usr/bin/cc - skipped
[0.198s] -- Detecting C compile features
[0.199s] -- Detecting C compile features - done
[0.201s] -- Detecting CXX compiler ABI info
[0.281s] -- Detecting CXX compiler ABI info - done
[0.291s] -- Check for working CXX compiler: /usr/bin/c++ - skipped
[0.292s] -- Detecting CXX compile features
[0.293s] -- Detecting CXX compile features - done
[0.296s] -- Found ament_cmake_auto: 1.3.11 (/opt/ros/humble/share/ament_cmake_auto/cmake)
[0.658s] -- Found Python3: /usr/bin/python3 (found version "3.10.12") found components: Interpreter 
[0.869s] -- Found ament_lint_auto: 0.12.11 (/opt/ros/humble/share/ament_lint_auto/cmake)
[0.899s] -- Added test 'copyright' to check source files copyright and LICENSE
[0.902s] -- Added test 'flake8' to check Python code syntax and style conventions
[0.902s] -- Added test 'lint_cmake' to check CMake code style
[0.903s] -- Added test 'pep257' to check Python code against some of the docstring style conventions in PEP 257
[0.906s] -- Added test 'xmllint' to check XML markup files
[0.906s] -- Configuring done
[0.909s] -- Generating done
[0.911s] -- Build files have been written to: /home/luca/topic-highlight/exam_ws/build/pal_navigation_cfg_bringup
[0.936s] Invoked command in '/home/luca/topic-highlight/exam_ws/build/pal_navigation_cfg_bringup' returned '0': AMENT_PREFIX_PATH=/home/luca/topic-highlight/exam_ws/install/pal_navigation_cfg_params:/home/luca/topic-highlight/exam_ws/install/launch_pal:${AMENT_PREFIX_PATH} CMAKE_PREFIX_PATH=/home/luca/topic-highlight/exam_ws/install/pal_navigation_cfg_params:/opt/ros/humble PYTHONPATH=/home/luca/topic-highlight/exam_ws/install/launch_pal/lib/python3.10/site-packages:${PYTHONPATH} /usr/bin/cmake /home/luca/topic-highlight/exam_ws/src/pal_navigation_cfg_public/pal_navigation_cfg_bringup -DCMAKE_INSTALL_PREFIX=/home/luca/topic-highlight/exam_ws/install/pal_navigation_cfg_bringup
[0.938s] Invoking command in '/home/luca/topic-highlight/exam_ws/build/pal_navigation_cfg_bringup': AMENT_PREFIX_PATH=/home/luca/topic-highlight/exam_ws/install/pal_navigation_cfg_params:/home/luca/topic-highlight/exam_ws/install/launch_pal:${AMENT_PREFIX_PATH} CMAKE_PREFIX_PATH=/home/luca/topic-highlight/exam_ws/install/pal_navigation_cfg_params:/opt/ros/humble PYTHONPATH=/home/luca/topic-highlight/exam_ws/install/launch_pal/lib/python3.10/site-packages:${PYTHONPATH} /usr/bin/cmake --build /home/luca/topic-highlight/exam_ws/build/pal_navigation_cfg_bringup -- -j20 -l20
[0.971s] Invoked command in '/home/luca/topic-highlight/exam_ws/build/pal_navigation_cfg_bringup' returned '0': AMENT_PREFIX_PATH=/home/luca/topic-highlight/exam_ws/install/pal_navigation_cfg_params:/home/luca/topic-highlight/exam_ws/install/launch_pal:${AMENT_PREFIX_PATH} CMAKE_PREFIX_PATH=/home/luca/topic-highlight/exam_ws/install/pal_navigation_cfg_params:/opt/ros/humble PYTHONPATH=/home/luca/topic-highlight/exam_ws/install/launch_pal/lib/python3.10/site-packages:${PYTHONPATH} /usr/bin/cmake --build /home/luca/topic-highlight/exam_ws/build/pal_navigation_cfg_bringup -- -j20 -l20
[0.972s] Invoking command in '/home/luca/topic-highlight/exam_ws/build/pal_navigation_cfg_bringup': AMENT_PREFIX_PATH=/home/luca/topic-highlight/exam_ws/install/pal_navigation_cfg_params:/home/luca/topic-highlight/exam_ws/install/launch_pal:${AMENT_PREFIX_PATH} CMAKE_PREFIX_PATH=/home/luca/topic-highlight/exam_ws/install/pal_navigation_cfg_params:/opt/ros/humble PYTHONPATH=/home/luca/topic-highlight/exam_ws/install/launch_pal/lib/python3.10/site-packages:${PYTHONPATH} /usr/bin/cmake --install /home/luca/topic-highlight/exam_ws/build/pal_navigation_cfg_bringup
[0.982s] -- Install configuration: ""
[0.983s] -- Installing: /home/luca/topic-highlight/exam_ws/install/pal_navigation_cfg_bringup/share/pal_navigation_cfg_bringup/launch
[0.983s] -- Installing: /home/luca/topic-highlight/exam_ws/install/pal_navigation_cfg_bringup/share/pal_navigation_cfg_bringup/launch/nav_bringup.launch.py
[0.983s] -- Installing: /home/luca/topic-highlight/exam_ws/install/pal_navigation_cfg_bringup/share/ament_index/resource_index/package_run_dependencies/pal_navigation_cfg_bringup
[0.983s] -- Installing: /home/luca/topic-highlight/exam_ws/install/pal_navigation_cfg_bringup/share/ament_index/resource_index/parent_prefix_path/pal_navigation_cfg_bringup
[0.983s] -- Installing: /home/luca/topic-highlight/exam_ws/install/pal_navigation_cfg_bringup/share/pal_navigation_cfg_bringup/environment/ament_prefix_path.sh
[0.984s] -- Installing: /home/luca/topic-highlight/exam_ws/install/pal_navigation_cfg_bringup/share/pal_navigation_cfg_bringup/environment/ament_prefix_path.dsv
[0.984s] -- Installing: /home/luca/topic-highlight/exam_ws/install/pal_navigation_cfg_bringup/share/pal_navigation_cfg_bringup/environment/path.sh
[0.984s] -- Installing: /home/luca/topic-highlight/exam_ws/install/pal_navigation_cfg_bringup/share/pal_navigation_cfg_bringup/environment/path.dsv
[0.985s] -- Installing: /home/luca/topic-highlight/exam_ws/install/pal_navigation_cfg_bringup/share/pal_navigation_cfg_bringup/local_setup.bash
[0.985s] -- Installing: /home/luca/topic-highlight/exam_ws/install/pal_navigation_cfg_bringup/share/pal_navigation_cfg_bringup/local_setup.sh
[0.985s] -- Installing: /home/luca/topic-highlight/exam_ws/install/pal_navigation_cfg_bringup/share/pal_navigation_cfg_bringup/local_setup.zsh
[0.985s] -- Installing: /home/luca/topic-highlight/exam_ws/install/pal_navigation_cfg_bringup/share/pal_navigation_cfg_bringup/local_setup.dsv
[0.985s] -- Installing: /home/luca/topic-highlight/exam_ws/install/pal_navigation_cfg_bringup/share/pal_navigation_cfg_bringup/package.dsv
[0.985s] -- Installing: /home/luca/topic-highlight/exam_ws/install/pal_navigation_cfg_bringup/share/ament_index/resource_index/packages/pal_navigation_cfg_bringup
[0.985s] -- Installing: /home/luca/topic-highlight/exam_ws/install/pal_navigation_cfg_bringup/share/pal_navigation_cfg_bringup/cmake/pal_navigation_cfg_bringupConfig.cmake
[0.985s] -- Installing: /home/luca/topic-highlight/exam_ws/install/pal_navigation_cfg_bringup/share/pal_navigation_cfg_bringup/cmake/pal_navigation_cfg_bringupConfig-version.cmake
[0.985s] -- Installing: /home/luca/topic-highlight/exam_ws/install/pal_navigation_cfg_bringup/share/pal_navigation_cfg_bringup/package.xml
[0.988s] Invoked command in '/home/luca/topic-highlight/exam_ws/build/pal_navigation_cfg_bringup' returned '0': AMENT_PREFIX_PATH=/home/luca/topic-highlight/exam_ws/install/pal_navigation_cfg_params:/home/luca/topic-highlight/exam_ws/install/launch_pal:${AMENT_PREFIX_PATH} CMAKE_PREFIX_PATH=/home/luca/topic-highlight/exam_ws/install/pal_navigation_cfg_params:/opt/ros/humble PYTHONPATH=/home/luca/topic-highlight/exam_ws/install/launch_pal/lib/python3.10/site-packages:${PYTHONPATH} /usr/bin/cmake --install /home/luca/topic-highlight/exam_ws/build/pal_navigation_cfg_bringup
