[0.187s] Invoking command in '/home/luca/topic-highlight/exam_ws/build/pal_robotiq_controller_configuration': CMAKE_PREFIX_PATH=/opt/ros/humble /usr/bin/cmake /home/luca/topic-highlight/exam_ws/src/pal_robotiq_gripper/pal_robotiq_controller_configuration -DCMAKE_INSTALL_PREFIX=/home/luca/topic-highlight/exam_ws/install/pal_robotiq_controller_configuration
[0.487s] -- The C compiler identification is GNU 11.4.0
[0.487s] -- The CXX compiler identification is GNU 11.4.0
[0.487s] -- Detecting C compiler ABI info
[0.487s] -- Detecting C compiler ABI info - done
[0.487s] -- Check for working C compiler: /usr/bin/cc - skipped
[0.487s] -- Detecting C compile features
[0.487s] -- Detecting C compile features - done
[0.488s] -- Detecting CXX compiler ABI info
[0.488s] -- Detecting CXX compiler ABI info - done
[0.498s] -- Check for working CXX compiler: /usr/bin/c++ - skipped
[0.498s] -- Detecting CXX compile features
[0.498s] -- Detecting CXX compile features - done
[0.498s] -- Found ament_cmake_auto: 1.3.11 (/opt/ros/humble/share/ament_cmake_auto/cmake)
[0.887s] -- Found Python3: /usr/bin/python3 (found version "3.10.12") found components: Interpreter 
[1.079s] -- Found ament_lint_auto: 0.12.11 (/opt/ros/humble/share/ament_lint_auto/cmake)
[1.100s] -- Added test 'copyright' to check source files copyright and LICENSE
[1.102s] -- Added test 'flake8' to check Python code syntax and style conventions
[1.103s] -- Added test 'lint_cmake' to check CMake code style
[1.104s] -- Added test 'pep257' to check Python code against some of the docstring style conventions in PEP 257
[1.104s] -- Added test 'xmllint' to check XML markup files
[1.106s] -- Configuring done
[1.107s] -- Generating done
[1.107s] -- Build files have been written to: /home/luca/topic-highlight/exam_ws/build/pal_robotiq_controller_configuration
[1.131s] Invoked command in '/home/luca/topic-highlight/exam_ws/build/pal_robotiq_controller_configuration' returned '0': CMAKE_PREFIX_PATH=/opt/ros/humble /usr/bin/cmake /home/luca/topic-highlight/exam_ws/src/pal_robotiq_gripper/pal_robotiq_controller_configuration -DCMAKE_INSTALL_PREFIX=/home/luca/topic-highlight/exam_ws/install/pal_robotiq_controller_configuration
[1.131s] Invoking command in '/home/luca/topic-highlight/exam_ws/build/pal_robotiq_controller_configuration': CMAKE_PREFIX_PATH=/opt/ros/humble /usr/bin/cmake --build /home/luca/topic-highlight/exam_ws/build/pal_robotiq_controller_configuration -- -j20 -l20
[1.168s] Invoked command in '/home/luca/topic-highlight/exam_ws/build/pal_robotiq_controller_configuration' returned '0': CMAKE_PREFIX_PATH=/opt/ros/humble /usr/bin/cmake --build /home/luca/topic-highlight/exam_ws/build/pal_robotiq_controller_configuration -- -j20 -l20
[1.169s] Invoking command in '/home/luca/topic-highlight/exam_ws/build/pal_robotiq_controller_configuration': CMAKE_PREFIX_PATH=/opt/ros/humble /usr/bin/cmake --install /home/luca/topic-highlight/exam_ws/build/pal_robotiq_controller_configuration
[1.183s] -- Install configuration: ""
[1.184s] -- Installing: /home/luca/topic-highlight/exam_ws/install/pal_robotiq_controller_configuration/share/pal_robotiq_controller_configuration/config
[1.184s] -- Installing: /home/luca/topic-highlight/exam_ws/install/pal_robotiq_controller_configuration/share/pal_robotiq_controller_configuration/config/robotiq_gripper_controller.yaml
[1.185s] -- Installing: /home/luca/topic-highlight/exam_ws/install/pal_robotiq_controller_configuration/share/pal_robotiq_controller_configuration/launch
[1.186s] -- Installing: /home/luca/topic-highlight/exam_ws/install/pal_robotiq_controller_configuration/share/pal_robotiq_controller_configuration/launch/robotiq_gripper_controller.launch.py
[1.186s] -- Installing: /home/luca/topic-highlight/exam_ws/install/pal_robotiq_controller_configuration/share/ament_index/resource_index/package_run_dependencies/pal_robotiq_controller_configuration
[1.186s] -- Installing: /home/luca/topic-highlight/exam_ws/install/pal_robotiq_controller_configuration/share/ament_index/resource_index/parent_prefix_path/pal_robotiq_controller_configuration
[1.187s] -- Installing: /home/luca/topic-highlight/exam_ws/install/pal_robotiq_controller_configuration/share/pal_robotiq_controller_configuration/environment/ament_prefix_path.sh
[1.190s] -- Installing: /home/luca/topic-highlight/exam_ws/install/pal_robotiq_controller_configuration/share/pal_robotiq_controller_configuration/environment/ament_prefix_path.dsv
[1.190s] -- Installing: /home/luca/topic-highlight/exam_ws/install/pal_robotiq_controller_configuration/share/pal_robotiq_controller_configuration/environment/path.sh
[1.190s] -- Installing: /home/luca/topic-highlight/exam_ws/install/pal_robotiq_controller_configuration/share/pal_robotiq_controller_configuration/environment/path.dsv
[1.190s] -- Installing: /home/luca/topic-highlight/exam_ws/install/pal_robotiq_controller_configuration/share/pal_robotiq_controller_configuration/local_setup.bash
[1.190s] -- Installing: /home/luca/topic-highlight/exam_ws/install/pal_robotiq_controller_configuration/share/pal_robotiq_controller_configuration/local_setup.sh
[1.190s] -- Installing: /home/luca/topic-highlight/exam_ws/install/pal_robotiq_controller_configuration/share/pal_robotiq_controller_configuration/local_setup.zsh
[1.190s] -- Installing: /home/luca/topic-highlight/exam_ws/install/pal_robotiq_controller_configuration/share/pal_robotiq_controller_configuration/local_setup.dsv
[1.190s] -- Installing: /home/luca/topic-highlight/exam_ws/install/pal_robotiq_controller_configuration/share/pal_robotiq_controller_configuration/package.dsv
[1.190s] -- Installing: /home/luca/topic-highlight/exam_ws/install/pal_robotiq_controller_configuration/share/ament_index/resource_index/packages/pal_robotiq_controller_configuration
[1.191s] -- Installing: /home/luca/topic-highlight/exam_ws/install/pal_robotiq_controller_configuration/share/pal_robotiq_controller_configuration/cmake/pal_robotiq_controller_configurationConfig.cmake
[1.192s] -- Installing: /home/luca/topic-highlight/exam_ws/install/pal_robotiq_controller_configuration/share/pal_robotiq_controller_configuration/cmake/pal_robotiq_controller_configurationConfig-version.cmake
[1.192s] -- Installing: /home/luca/topic-highlight/exam_ws/install/pal_robotiq_controller_configuration/share/pal_robotiq_controller_configuration/package.xml
[1.194s] Invoked command in '/home/luca/topic-highlight/exam_ws/build/pal_robotiq_controller_configuration' returned '0': CMAKE_PREFIX_PATH=/opt/ros/humble /usr/bin/cmake --install /home/luca/topic-highlight/exam_ws/build/pal_robotiq_controller_configuration
