[1.032s] Invoking command in '/home/luca/topic-highlight/exam_ws/src/launch_pal': PYTHONPATH=/home/luca/topic-highlight/exam_ws/build/launch_pal/prefix_override:/usr/lib/python3/dist-packages/colcon_core/task/python/colcon_distutils_commands:/home/luca/topic-highlight/exam_ws/install/launch_pal/lib/python3.10/site-packages:${PYTHONPATH} /usr/bin/python3 -W ignore:setup.py install is deprecated -W ignore:easy_install command is deprecated setup.py egg_info --egg-base ../../build/launch_pal build --build-base /home/luca/topic-highlight/exam_ws/build/launch_pal/build install --record /home/luca/topic-highlight/exam_ws/build/launch_pal/install.log --single-version-externally-managed install_data
[1.169s] /home/luca/.local/lib/python3.10/site-packages/setuptools/_distutils/dist.py:270: UserWarning: Unknown distribution option: 'tests_require'
[1.169s]   warnings.warn(msg)
[1.246s] running egg_info
[1.258s] creating ../../build/launch_pal/launch_pal.egg-info
[1.258s] writing ../../build/launch_pal/launch_pal.egg-info/PKG-INFO
[1.258s] writing dependency_links to ../../build/launch_pal/launch_pal.egg-info/dependency_links.txt
[1.258s] writing requirements to ../../build/launch_pal/launch_pal.egg-info/requires.txt
[1.258s] writing top-level names to ../../build/launch_pal/launch_pal.egg-info/top_level.txt
[1.258s] writing manifest file '../../build/launch_pal/launch_pal.egg-info/SOURCES.txt'
[1.286s] reading manifest file '../../build/launch_pal/launch_pal.egg-info/SOURCES.txt'
[1.286s] adding license file 'LICENSE'
[1.287s] writing manifest file '../../build/launch_pal/launch_pal.egg-info/SOURCES.txt'
[1.287s] running build
[1.287s] running build_py
[1.287s] creating /home/luca/topic-highlight/exam_ws/build/launch_pal/build/lib/launch_pal
[1.287s] copying launch_pal/include_utils.py -> /home/luca/topic-highlight/exam_ws/build/launch_pal/build/lib/launch_pal
[1.287s] copying launch_pal/param_utils.py -> /home/luca/topic-highlight/exam_ws/build/launch_pal/build/lib/launch_pal
[1.287s] copying launch_pal/__init__.py -> /home/luca/topic-highlight/exam_ws/build/launch_pal/build/lib/launch_pal
[1.287s] copying launch_pal/robot_utils.py -> /home/luca/topic-highlight/exam_ws/build/launch_pal/build/lib/launch_pal
[1.288s] copying launch_pal/arg_utils.py -> /home/luca/topic-highlight/exam_ws/build/launch_pal/build/lib/launch_pal
[1.288s] creating /home/luca/topic-highlight/exam_ws/build/launch_pal/build/lib/launch_pal/substitutions
[1.288s] copying launch_pal/substitutions/__init__.py -> /home/luca/topic-highlight/exam_ws/build/launch_pal/build/lib/launch_pal/substitutions
[1.288s] copying launch_pal/substitutions/load_file.py -> /home/luca/topic-highlight/exam_ws/build/launch_pal/build/lib/launch_pal/substitutions
[1.290s] creating /home/luca/topic-highlight/exam_ws/build/launch_pal/build/lib/launch_pal/robot_arguments
[1.291s] copying launch_pal/robot_arguments/tiago_dual.py -> /home/luca/topic-highlight/exam_ws/build/launch_pal/build/lib/launch_pal/robot_arguments
[1.292s] copying launch_pal/robot_arguments/pmb3.py -> /home/luca/topic-highlight/exam_ws/build/launch_pal/build/lib/launch_pal/robot_arguments
[1.292s] copying launch_pal/robot_arguments/tiago_sea_dual.py -> /home/luca/topic-highlight/exam_ws/build/launch_pal/build/lib/launch_pal/robot_arguments
[1.292s] copying launch_pal/robot_arguments/__init__.py -> /home/luca/topic-highlight/exam_ws/build/launch_pal/build/lib/launch_pal/robot_arguments
[1.292s] copying launch_pal/robot_arguments/tiago_pro.py -> /home/luca/topic-highlight/exam_ws/build/launch_pal/build/lib/launch_pal/robot_arguments
[1.293s] copying launch_pal/robot_arguments/tiago.py -> /home/luca/topic-highlight/exam_ws/build/launch_pal/build/lib/launch_pal/robot_arguments
[1.293s] copying launch_pal/robot_arguments/ari.py -> /home/luca/topic-highlight/exam_ws/build/launch_pal/build/lib/launch_pal/robot_arguments
[1.293s] copying launch_pal/robot_arguments/omni_base.py -> /home/luca/topic-highlight/exam_ws/build/launch_pal/build/lib/launch_pal/robot_arguments
[1.293s] copying launch_pal/robot_arguments/pmb2.py -> /home/luca/topic-highlight/exam_ws/build/launch_pal/build/lib/launch_pal/robot_arguments
[1.293s] copying launch_pal/robot_arguments/tiago_sea.py -> /home/luca/topic-highlight/exam_ws/build/launch_pal/build/lib/launch_pal/robot_arguments
[1.293s] copying launch_pal/robot_arguments/robot.py -> /home/luca/topic-highlight/exam_ws/build/launch_pal/build/lib/launch_pal/robot_arguments
[1.294s] running install
[1.297s] running install_lib
[1.309s] creating /home/luca/topic-highlight/exam_ws/install/launch_pal/lib/python3.10/site-packages/launch_pal
[1.309s] copying /home/luca/topic-highlight/exam_ws/build/launch_pal/build/lib/launch_pal/include_utils.py -> /home/luca/topic-highlight/exam_ws/install/launch_pal/lib/python3.10/site-packages/launch_pal
[1.309s] copying /home/luca/topic-highlight/exam_ws/build/launch_pal/build/lib/launch_pal/param_utils.py -> /home/luca/topic-highlight/exam_ws/install/launch_pal/lib/python3.10/site-packages/launch_pal
[1.310s] creating /home/luca/topic-highlight/exam_ws/install/launch_pal/lib/python3.10/site-packages/launch_pal/substitutions
[1.310s] copying /home/luca/topic-highlight/exam_ws/build/launch_pal/build/lib/launch_pal/substitutions/__init__.py -> /home/luca/topic-highlight/exam_ws/install/launch_pal/lib/python3.10/site-packages/launch_pal/substitutions
[1.310s] copying /home/luca/topic-highlight/exam_ws/build/launch_pal/build/lib/launch_pal/substitutions/load_file.py -> /home/luca/topic-highlight/exam_ws/install/launch_pal/lib/python3.10/site-packages/launch_pal/substitutions
[1.310s] copying /home/luca/topic-highlight/exam_ws/build/launch_pal/build/lib/launch_pal/__init__.py -> /home/luca/topic-highlight/exam_ws/install/launch_pal/lib/python3.10/site-packages/launch_pal
[1.310s] copying /home/luca/topic-highlight/exam_ws/build/launch_pal/build/lib/launch_pal/robot_utils.py -> /home/luca/topic-highlight/exam_ws/install/launch_pal/lib/python3.10/site-packages/launch_pal
[1.311s] creating /home/luca/topic-highlight/exam_ws/install/launch_pal/lib/python3.10/site-packages/launch_pal/robot_arguments
[1.311s] copying /home/luca/topic-highlight/exam_ws/build/launch_pal/build/lib/launch_pal/robot_arguments/tiago_dual.py -> /home/luca/topic-highlight/exam_ws/install/launch_pal/lib/python3.10/site-packages/launch_pal/robot_arguments
[1.311s] copying /home/luca/topic-highlight/exam_ws/build/launch_pal/build/lib/launch_pal/robot_arguments/pmb3.py -> /home/luca/topic-highlight/exam_ws/install/launch_pal/lib/python3.10/site-packages/launch_pal/robot_arguments
[1.311s] copying /home/luca/topic-highlight/exam_ws/build/launch_pal/build/lib/launch_pal/robot_arguments/tiago_sea_dual.py -> /home/luca/topic-highlight/exam_ws/install/launch_pal/lib/python3.10/site-packages/launch_pal/robot_arguments
[1.311s] copying /home/luca/topic-highlight/exam_ws/build/launch_pal/build/lib/launch_pal/robot_arguments/__init__.py -> /home/luca/topic-highlight/exam_ws/install/launch_pal/lib/python3.10/site-packages/launch_pal/robot_arguments
[1.311s] copying /home/luca/topic-highlight/exam_ws/build/launch_pal/build/lib/launch_pal/robot_arguments/tiago_pro.py -> /home/luca/topic-highlight/exam_ws/install/launch_pal/lib/python3.10/site-packages/launch_pal/robot_arguments
[1.312s] copying /home/luca/topic-highlight/exam_ws/build/launch_pal/build/lib/launch_pal/robot_arguments/tiago.py -> /home/luca/topic-highlight/exam_ws/install/launch_pal/lib/python3.10/site-packages/launch_pal/robot_arguments
[1.312s] copying /home/luca/topic-highlight/exam_ws/build/launch_pal/build/lib/launch_pal/robot_arguments/ari.py -> /home/luca/topic-highlight/exam_ws/install/launch_pal/lib/python3.10/site-packages/launch_pal/robot_arguments
[1.312s] copying /home/luca/topic-highlight/exam_ws/build/launch_pal/build/lib/launch_pal/robot_arguments/omni_base.py -> /home/luca/topic-highlight/exam_ws/install/launch_pal/lib/python3.10/site-packages/launch_pal/robot_arguments
[1.312s] copying /home/luca/topic-highlight/exam_ws/build/launch_pal/build/lib/launch_pal/robot_arguments/pmb2.py -> /home/luca/topic-highlight/exam_ws/install/launch_pal/lib/python3.10/site-packages/launch_pal/robot_arguments
[1.312s] copying /home/luca/topic-highlight/exam_ws/build/launch_pal/build/lib/launch_pal/robot_arguments/tiago_sea.py -> /home/luca/topic-highlight/exam_ws/install/launch_pal/lib/python3.10/site-packages/launch_pal/robot_arguments
[1.312s] copying /home/luca/topic-highlight/exam_ws/build/launch_pal/build/lib/launch_pal/robot_arguments/robot.py -> /home/luca/topic-highlight/exam_ws/install/launch_pal/lib/python3.10/site-packages/launch_pal/robot_arguments
[1.312s] copying /home/luca/topic-highlight/exam_ws/build/launch_pal/build/lib/launch_pal/arg_utils.py -> /home/luca/topic-highlight/exam_ws/install/launch_pal/lib/python3.10/site-packages/launch_pal
[1.313s] byte-compiling /home/luca/topic-highlight/exam_ws/install/launch_pal/lib/python3.10/site-packages/launch_pal/include_utils.py to include_utils.cpython-310.pyc
[1.313s] byte-compiling /home/luca/topic-highlight/exam_ws/install/launch_pal/lib/python3.10/site-packages/launch_pal/param_utils.py to param_utils.cpython-310.pyc
[1.313s] byte-compiling /home/luca/topic-highlight/exam_ws/install/launch_pal/lib/python3.10/site-packages/launch_pal/substitutions/__init__.py to __init__.cpython-310.pyc
[1.313s] byte-compiling /home/luca/topic-highlight/exam_ws/install/launch_pal/lib/python3.10/site-packages/launch_pal/substitutions/load_file.py to load_file.cpython-310.pyc
[1.313s] byte-compiling /home/luca/topic-highlight/exam_ws/install/launch_pal/lib/python3.10/site-packages/launch_pal/__init__.py to __init__.cpython-310.pyc
[1.313s] byte-compiling /home/luca/topic-highlight/exam_ws/install/launch_pal/lib/python3.10/site-packages/launch_pal/robot_utils.py to robot_utils.cpython-310.pyc
[1.313s] byte-compiling /home/luca/topic-highlight/exam_ws/install/launch_pal/lib/python3.10/site-packages/launch_pal/robot_arguments/tiago_dual.py to tiago_dual.cpython-310.pyc
[1.313s] byte-compiling /home/luca/topic-highlight/exam_ws/install/launch_pal/lib/python3.10/site-packages/launch_pal/robot_arguments/pmb3.py to pmb3.cpython-310.pyc
[1.314s] byte-compiling /home/luca/topic-highlight/exam_ws/install/launch_pal/lib/python3.10/site-packages/launch_pal/robot_arguments/tiago_sea_dual.py to tiago_sea_dual.cpython-310.pyc
[1.314s] byte-compiling /home/luca/topic-highlight/exam_ws/install/launch_pal/lib/python3.10/site-packages/launch_pal/robot_arguments/__init__.py to __init__.cpython-310.pyc
[1.314s] byte-compiling /home/luca/topic-highlight/exam_ws/install/launch_pal/lib/python3.10/site-packages/launch_pal/robot_arguments/tiago_pro.py to tiago_pro.cpython-310.pyc
[1.315s] byte-compiling /home/luca/topic-highlight/exam_ws/install/launch_pal/lib/python3.10/site-packages/launch_pal/robot_arguments/tiago.py to tiago.cpython-310.pyc
[1.315s] byte-compiling /home/luca/topic-highlight/exam_ws/install/launch_pal/lib/python3.10/site-packages/launch_pal/robot_arguments/ari.py to ari.cpython-310.pyc
[1.315s] byte-compiling /home/luca/topic-highlight/exam_ws/install/launch_pal/lib/python3.10/site-packages/launch_pal/robot_arguments/omni_base.py to omni_base.cpython-310.pyc
[1.315s] byte-compiling /home/luca/topic-highlight/exam_ws/install/launch_pal/lib/python3.10/site-packages/launch_pal/robot_arguments/pmb2.py to pmb2.cpython-310.pyc
[1.315s] byte-compiling /home/luca/topic-highlight/exam_ws/install/launch_pal/lib/python3.10/site-packages/launch_pal/robot_arguments/tiago_sea.py to tiago_sea.cpython-310.pyc
[1.316s] byte-compiling /home/luca/topic-highlight/exam_ws/install/launch_pal/lib/python3.10/site-packages/launch_pal/robot_arguments/robot.py to robot.cpython-310.pyc
[1.316s] byte-compiling /home/luca/topic-highlight/exam_ws/install/launch_pal/lib/python3.10/site-packages/launch_pal/arg_utils.py to arg_utils.cpython-310.pyc
[1.316s] running install_data
[1.316s] creating /home/luca/topic-highlight/exam_ws/install/launch_pal/share/ament_index/resource_index/packages
[1.317s] copying resource/launch_pal -> /home/luca/topic-highlight/exam_ws/install/launch_pal/share/ament_index/resource_index/packages
[1.317s] copying package.xml -> /home/luca/topic-highlight/exam_ws/install/launch_pal/share/launch_pal
[1.317s] creating /home/luca/topic-highlight/exam_ws/install/launch_pal/share/launch_pal/config
[1.318s] copying config/tiago_configuration.yaml -> /home/luca/topic-highlight/exam_ws/install/launch_pal/share/launch_pal/config
[1.318s] copying config/robot_configuration.yaml -> /home/luca/topic-highlight/exam_ws/install/launch_pal/share/launch_pal/config
[1.318s] copying config/pmb2_configuration.yaml -> /home/luca/topic-highlight/exam_ws/install/launch_pal/share/launch_pal/config
[1.318s] copying config/tiago_pro_configuration.yaml -> /home/luca/topic-highlight/exam_ws/install/launch_pal/share/launch_pal/config
[1.319s] copying config/tiago_dual_configuration.yaml -> /home/luca/topic-highlight/exam_ws/install/launch_pal/share/launch_pal/config
[1.319s] copying config/ari_configuration.yaml -> /home/luca/topic-highlight/exam_ws/install/launch_pal/share/launch_pal/config
[1.319s] copying config/tiago_sea_dual_configuration.yaml -> /home/luca/topic-highlight/exam_ws/install/launch_pal/share/launch_pal/config
[1.320s] copying config/pmb3_configuration.yaml -> /home/luca/topic-highlight/exam_ws/install/launch_pal/share/launch_pal/config
[1.320s] copying config/tiago_sea_configuration.yaml -> /home/luca/topic-highlight/exam_ws/install/launch_pal/share/launch_pal/config
[1.320s] copying config/omni_base_configuration.yaml -> /home/luca/topic-highlight/exam_ws/install/launch_pal/share/launch_pal/config
[1.320s] running install_egg_info
[1.333s] Copying ../../build/launch_pal/launch_pal.egg-info to /home/luca/topic-highlight/exam_ws/install/launch_pal/lib/python3.10/site-packages/launch_pal-0.0.12-py3.10.egg-info
[1.333s] running install_scripts
[1.437s] writing list of installed files to '/home/luca/topic-highlight/exam_ws/build/launch_pal/install.log'
[1.464s] Invoked command in '/home/luca/topic-highlight/exam_ws/src/launch_pal' returned '0': PYTHONPATH=/home/luca/topic-highlight/exam_ws/build/launch_pal/prefix_override:/usr/lib/python3/dist-packages/colcon_core/task/python/colcon_distutils_commands:/home/luca/topic-highlight/exam_ws/install/launch_pal/lib/python3.10/site-packages:${PYTHONPATH} /usr/bin/python3 -W ignore:setup.py install is deprecated -W ignore:easy_install command is deprecated setup.py egg_info --egg-base ../../build/launch_pal build --build-base /home/luca/topic-highlight/exam_ws/build/launch_pal/build install --record /home/luca/topic-highlight/exam_ws/build/launch_pal/install.log --single-version-externally-managed install_data
