[0.188s] Invoking command in '/home/luca/topic-highlight/exam_ws/build/play_motion2_msgs': CMAKE_PREFIX_PATH=/opt/ros/humble /usr/bin/cmake /home/luca/topic-highlight/exam_ws/src/play_motion2/play_motion2_msgs -DCMAKE_INSTALL_PREFIX=/home/luca/topic-highlight/exam_ws/install/play_motion2_msgs
[0.485s] -- The C compiler identification is GNU 11.4.0
[0.485s] -- The CXX compiler identification is GNU 11.4.0
[0.485s] -- Detecting C compiler ABI info
[0.486s] -- Detecting C compiler ABI info - done
[0.486s] -- Check for working C compiler: /usr/bin/cc - skipped
[0.486s] -- Detecting C compile features
[0.486s] -- Detecting C compile features - done
[0.486s] -- Detecting CXX compiler ABI info
[0.486s] -- Detecting CXX compiler ABI info - done
[0.486s] -- Check for working CXX compiler: /usr/bin/c++ - skipped
[0.486s] -- Detecting CXX compile features
[0.486s] -- Detecting CXX compile features - done
[0.486s] -- Found ament_cmake: 1.3.11 (/opt/ros/humble/share/ament_cmake/cmake)
[0.902s] -- Found Python3: /usr/bin/python3 (found version "3.10.12") found components: Interpreter 
[1.035s] -- Found builtin_interfaces: 1.2.1 (/opt/ros/humble/share/builtin_interfaces/cmake)
[1.086s] -- Found rosidl_generator_c: 3.1.6 (/opt/ros/humble/share/rosidl_generator_c/cmake)
[1.098s] -- Found rosidl_adapter: 3.1.6 (/opt/ros/humble/share/rosidl_adapter/cmake)
[1.109s] -- Found rosidl_generator_cpp: 3.1.6 (/opt/ros/humble/share/rosidl_generator_cpp/cmake)
[1.124s] -- Using all available rosidl_typesupport_c: rosidl_typesupport_fastrtps_c;rosidl_typesupport_introspection_c
[1.135s] -- Using all available rosidl_typesupport_cpp: rosidl_typesupport_fastrtps_cpp;rosidl_typesupport_introspection_cpp
[1.151s] -- Found rosidl_default_generators: 1.2.0 (/opt/ros/humble/share/rosidl_default_generators/cmake)
[1.440s] -- Found ament_cmake_cppcheck: 0.12.11 (/opt/ros/humble/share/ament_cmake_cppcheck/cmake)
[1.444s] -- Found ament_cmake_cpplint: 0.12.11 (/opt/ros/humble/share/ament_cmake_cpplint/cmake)
[1.445s] -- Found ament_cmake_uncrustify: 0.12.11 (/opt/ros/humble/share/ament_cmake_uncrustify/cmake)
[1.447s] -- Found ament_cmake_ros: 0.10.0 (/opt/ros/humble/share/ament_cmake_ros/cmake)
[1.818s] -- Using all available rosidl_typesupport_c: rosidl_typesupport_fastrtps_c;rosidl_typesupport_introspection_c
[1.946s] -- Using all available rosidl_typesupport_cpp: rosidl_typesupport_fastrtps_cpp;rosidl_typesupport_introspection_cpp
[1.969s] -- Found PythonInterp: /usr/bin/python3 (found suitable version "3.10.12", minimum required is "3.6") 
[1.970s] -- Found python_cmake_module: 0.10.0 (/opt/ros/humble/share/python_cmake_module/cmake)
[2.002s] -- Found PythonLibs: /usr/lib/x86_64-linux-gnu/libpython3.10.so (found suitable version "3.10.12", minimum required is "3.5") 
[2.002s] -- Using PYTHON_EXECUTABLE: /usr/bin/python3
[2.002s] -- Using PYTHON_INCLUDE_DIRS: /usr/include/python3.10
[2.002s] -- Using PYTHON_LIBRARIES: /usr/lib/x86_64-linux-gnu/libpython3.10.so
[2.022s] -- Found PythonExtra: .so  
[2.066s] -- Found ament_cmake_flake8: 0.12.11 (/opt/ros/humble/share/ament_cmake_flake8/cmake)
[2.069s] -- Found ament_cmake_pep257: 0.12.11 (/opt/ros/humble/share/ament_cmake_pep257/cmake)
[2.079s] -- Configuring done
[2.130s] -- Generating done
[2.147s] -- Build files have been written to: /home/luca/topic-highlight/exam_ws/build/play_motion2_msgs
[2.159s] Invoked command in '/home/luca/topic-highlight/exam_ws/build/play_motion2_msgs' returned '0': CMAKE_PREFIX_PATH=/opt/ros/humble /usr/bin/cmake /home/luca/topic-highlight/exam_ws/src/play_motion2/play_motion2_msgs -DCMAKE_INSTALL_PREFIX=/home/luca/topic-highlight/exam_ws/install/play_motion2_msgs
[2.161s] Invoking command in '/home/luca/topic-highlight/exam_ws/build/play_motion2_msgs': CMAKE_PREFIX_PATH=/opt/ros/humble /usr/bin/cmake --build /home/luca/topic-highlight/exam_ws/build/play_motion2_msgs -- -j20 -l20
[2.202s] [  2%] [34m[1mGenerating C code for ROS interfaces[0m
[2.207s] [  4%] [34m[1mGenerating C++ code for ROS interfaces[0m
[2.221s] [  4%] Built target ament_cmake_python_copy_play_motion2_msgs
[2.402s] running egg_info
[2.415s] creating play_motion2_msgs.egg-info
[2.415s] writing play_motion2_msgs.egg-info/PKG-INFO
[2.418s] writing dependency_links to play_motion2_msgs.egg-info/dependency_links.txt
[2.418s] writing top-level names to play_motion2_msgs.egg-info/top_level.txt
[2.418s] writing manifest file 'play_motion2_msgs.egg-info/SOURCES.txt'
[2.483s] reading manifest file 'play_motion2_msgs.egg-info/SOURCES.txt'
[2.484s] writing manifest file 'play_motion2_msgs.egg-info/SOURCES.txt'
[2.523s] [  4%] Built target ament_cmake_python_build_play_motion2_msgs_egg
[2.716s] [  6%] [32mBuilding C object CMakeFiles/play_motion2_msgs__rosidl_generator_c.dir/rosidl_generator_c/play_motion2_msgs/srv/detail/is_motion_ready__functions.c.o[0m
[2.719s] [  8%] [32mBuilding C object CMakeFiles/play_motion2_msgs__rosidl_generator_c.dir/rosidl_generator_c/play_motion2_msgs/srv/detail/list_motions__functions.c.o[0m
[2.719s] [ 10%] [32mBuilding C object CMakeFiles/play_motion2_msgs__rosidl_generator_c.dir/rosidl_generator_c/play_motion2_msgs/action/detail/play_motion2__functions.c.o[0m
[2.826s] [ 12%] [32m[1mLinking C shared library libplay_motion2_msgs__rosidl_generator_c.so[0m
[2.858s] [ 12%] Built target play_motion2_msgs__rosidl_generator_c
[2.866s] [ 14%] [34m[1mGenerating C introspection for ROS interfaces[0m
[2.867s] [ 17%] [34m[1mGenerating C type support for eProsima Fast-RTPS[0m
[2.867s] [ 19%] [34m[1mGenerating C type support dispatch for ROS interfaces[0m
[2.994s] [ 19%] Built target play_motion2_msgs__cpp
[3.003s] [ 21%] [34m[1mGenerating C++ introspection for ROS interfaces[0m
[3.006s] [ 25%] [34m[1mGenerating C++ type support for eProsima Fast-RTPS[0m
[3.007s] [ 25%] [34m[1mGenerating C++ type support dispatch for ROS interfaces[0m
[3.165s] [ 27%] [32mBuilding CXX object CMakeFiles/play_motion2_msgs__rosidl_typesupport_c.dir/rosidl_typesupport_c/play_motion2_msgs/srv/is_motion_ready__type_support.cpp.o[0m
[3.165s] [ 29%] [32mBuilding CXX object CMakeFiles/play_motion2_msgs__rosidl_typesupport_c.dir/rosidl_typesupport_c/play_motion2_msgs/srv/list_motions__type_support.cpp.o[0m
[3.168s] [ 31%] [32mBuilding CXX object CMakeFiles/play_motion2_msgs__rosidl_typesupport_c.dir/rosidl_typesupport_c/play_motion2_msgs/action/play_motion2__type_support.cpp.o[0m
[3.211s] [ 34%] [32m[1mLinking CXX shared library libplay_motion2_msgs__rosidl_typesupport_c.so[0m
[3.247s] [ 34%] Built target play_motion2_msgs__rosidl_typesupport_c
[3.255s] [ 36%] [32mBuilding C object CMakeFiles/play_motion2_msgs__rosidl_typesupport_introspection_c.dir/rosidl_typesupport_introspection_c/play_motion2_msgs/action/detail/play_motion2__type_support.c.o[0m
[3.256s] [ 38%] [32mBuilding C object CMakeFiles/play_motion2_msgs__rosidl_typesupport_introspection_c.dir/rosidl_typesupport_introspection_c/play_motion2_msgs/srv/detail/list_motions__type_support.c.o[0m
[3.256s] [ 40%] [32mBuilding C object CMakeFiles/play_motion2_msgs__rosidl_typesupport_introspection_c.dir/rosidl_typesupport_introspection_c/play_motion2_msgs/srv/detail/is_motion_ready__type_support.c.o[0m
[3.285s] [ 42%] [32mBuilding CXX object CMakeFiles/play_motion2_msgs__rosidl_typesupport_fastrtps_c.dir/rosidl_typesupport_fastrtps_c/play_motion2_msgs/action/detail/play_motion2__type_support_c.cpp.o[0m
[3.286s] [ 44%] [32mBuilding CXX object CMakeFiles/play_motion2_msgs__rosidl_typesupport_fastrtps_c.dir/rosidl_typesupport_fastrtps_c/play_motion2_msgs/srv/detail/list_motions__type_support_c.cpp.o[0m
[3.287s] [ 46%] [32mBuilding CXX object CMakeFiles/play_motion2_msgs__rosidl_typesupport_fastrtps_c.dir/rosidl_typesupport_fastrtps_c/play_motion2_msgs/srv/detail/is_motion_ready__type_support_c.cpp.o[0m
[3.298s] [ 48%] [32m[1mLinking C shared library libplay_motion2_msgs__rosidl_typesupport_introspection_c.so[0m
[3.336s] [ 48%] Built target play_motion2_msgs__rosidl_typesupport_introspection_c
[3.433s] [ 51%] [32mBuilding CXX object CMakeFiles/play_motion2_msgs__rosidl_typesupport_cpp.dir/rosidl_typesupport_cpp/play_motion2_msgs/action/play_motion2__type_support.cpp.o[0m
[3.434s] [ 53%] [32mBuilding CXX object CMakeFiles/play_motion2_msgs__rosidl_typesupport_cpp.dir/rosidl_typesupport_cpp/play_motion2_msgs/srv/list_motions__type_support.cpp.o[0m
[3.436s] [ 55%] [32mBuilding CXX object CMakeFiles/play_motion2_msgs__rosidl_typesupport_cpp.dir/rosidl_typesupport_cpp/play_motion2_msgs/srv/is_motion_ready__type_support.cpp.o[0m
[3.537s] [ 57%] [32mBuilding CXX object CMakeFiles/play_motion2_msgs__rosidl_typesupport_introspection_cpp.dir/rosidl_typesupport_introspection_cpp/play_motion2_msgs/srv/detail/list_motions__type_support.cpp.o[0m
[3.537s] [ 59%] [32mBuilding CXX object CMakeFiles/play_motion2_msgs__rosidl_typesupport_introspection_cpp.dir/rosidl_typesupport_introspection_cpp/play_motion2_msgs/action/detail/play_motion2__type_support.cpp.o[0m
[3.539s] [ 61%] [32mBuilding CXX object CMakeFiles/play_motion2_msgs__rosidl_typesupport_introspection_cpp.dir/rosidl_typesupport_introspection_cpp/play_motion2_msgs/srv/detail/is_motion_ready__type_support.cpp.o[0m
[3.567s] [ 63%] [32mBuilding CXX object CMakeFiles/play_motion2_msgs__rosidl_typesupport_fastrtps_cpp.dir/rosidl_typesupport_fastrtps_cpp/play_motion2_msgs/action/detail/dds_fastrtps/play_motion2__type_support.cpp.o[0m
[3.568s] [ 65%] [32mBuilding CXX object CMakeFiles/play_motion2_msgs__rosidl_typesupport_fastrtps_cpp.dir/rosidl_typesupport_fastrtps_cpp/play_motion2_msgs/srv/detail/dds_fastrtps/list_motions__type_support.cpp.o[0m
[3.570s] [ 68%] [32mBuilding CXX object CMakeFiles/play_motion2_msgs__rosidl_typesupport_fastrtps_cpp.dir/rosidl_typesupport_fastrtps_cpp/play_motion2_msgs/srv/detail/dds_fastrtps/is_motion_ready__type_support.cpp.o[0m
[3.778s] [ 70%] [32m[1mLinking CXX shared library libplay_motion2_msgs__rosidl_typesupport_cpp.so[0m
[3.787s] [ 72%] [32m[1mLinking CXX shared library libplay_motion2_msgs__rosidl_typesupport_fastrtps_c.so[0m
[3.817s] [ 72%] Built target play_motion2_msgs__rosidl_typesupport_cpp
[3.850s] [ 72%] Built target play_motion2_msgs__rosidl_typesupport_fastrtps_c
[3.994s] [ 74%] [32m[1mLinking CXX shared library libplay_motion2_msgs__rosidl_typesupport_fastrtps_cpp.so[0m
[4.052s] [ 74%] Built target play_motion2_msgs__rosidl_typesupport_fastrtps_cpp
[4.093s] [ 76%] [32m[1mLinking CXX shared library libplay_motion2_msgs__rosidl_typesupport_introspection_cpp.so[0m
[4.148s] [ 76%] Built target play_motion2_msgs__rosidl_typesupport_introspection_cpp
[4.163s] [ 76%] Built target play_motion2_msgs
[4.177s] [ 78%] [34m[1mGenerating Python code for ROS interfaces[0m
[4.865s] [ 78%] Built target play_motion2_msgs__py
[4.881s] [ 82%] [32mBuilding C object CMakeFiles/play_motion2_msgs__rosidl_generator_py.dir/rosidl_generator_py/play_motion2_msgs/srv/_is_motion_ready_s.c.o[0m
[4.881s] [ 82%] [32mBuilding C object CMakeFiles/play_motion2_msgs__rosidl_generator_py.dir/rosidl_generator_py/play_motion2_msgs/action/_play_motion2_s.c.o[0m
[4.881s] [ 85%] [32mBuilding C object CMakeFiles/play_motion2_msgs__rosidl_generator_py.dir/rosidl_generator_py/play_motion2_msgs/srv/_list_motions_s.c.o[0m
[4.985s] [ 87%] [32m[1mLinking C shared library rosidl_generator_py/play_motion2_msgs/libplay_motion2_msgs__rosidl_generator_py.so[0m
[5.017s] [ 87%] Built target play_motion2_msgs__rosidl_generator_py
[5.033s] [ 89%] [32mBuilding C object CMakeFiles/play_motion2_msgs__rosidl_typesupport_c__pyext.dir/rosidl_generator_py/play_motion2_msgs/_play_motion2_msgs_s.ep.rosidl_typesupport_c.c.o[0m
[5.033s] [ 91%] [32mBuilding C object CMakeFiles/play_motion2_msgs__rosidl_typesupport_fastrtps_c__pyext.dir/rosidl_generator_py/play_motion2_msgs/_play_motion2_msgs_s.ep.rosidl_typesupport_fastrtps_c.c.o[0m
[5.034s] [ 93%] [32mBuilding C object CMakeFiles/play_motion2_msgs__rosidl_typesupport_introspection_c__pyext.dir/rosidl_generator_py/play_motion2_msgs/_play_motion2_msgs_s.ep.rosidl_typesupport_introspection_c.c.o[0m
[5.133s] [ 95%] [32m[1mLinking C shared library rosidl_generator_py/play_motion2_msgs/play_motion2_msgs_s__rosidl_typesupport_fastrtps_c.cpython-310-x86_64-linux-gnu.so[0m
[5.134s] [ 97%] [32m[1mLinking C shared library rosidl_generator_py/play_motion2_msgs/play_motion2_msgs_s__rosidl_typesupport_introspection_c.cpython-310-x86_64-linux-gnu.so[0m
[5.145s] [100%] [32m[1mLinking C shared library rosidl_generator_py/play_motion2_msgs/play_motion2_msgs_s__rosidl_typesupport_c.cpython-310-x86_64-linux-gnu.so[0m
[5.165s] [100%] Built target play_motion2_msgs__rosidl_typesupport_fastrtps_c__pyext
[5.173s] [100%] Built target play_motion2_msgs__rosidl_typesupport_introspection_c__pyext
[5.175s] [100%] Built target play_motion2_msgs__rosidl_typesupport_c__pyext
[5.183s] Invoked command in '/home/luca/topic-highlight/exam_ws/build/play_motion2_msgs' returned '0': CMAKE_PREFIX_PATH=/opt/ros/humble /usr/bin/cmake --build /home/luca/topic-highlight/exam_ws/build/play_motion2_msgs -- -j20 -l20
[5.185s] Invoking command in '/home/luca/topic-highlight/exam_ws/build/play_motion2_msgs': CMAKE_PREFIX_PATH=/opt/ros/humble /usr/bin/cmake --install /home/luca/topic-highlight/exam_ws/build/play_motion2_msgs
[5.189s] -- Install configuration: ""
[5.190s] -- Installing: /home/luca/topic-highlight/exam_ws/install/play_motion2_msgs/share/ament_index/resource_index/rosidl_interfaces/play_motion2_msgs
[5.190s] -- Installing: /home/luca/topic-highlight/exam_ws/install/play_motion2_msgs/include/play_motion2_msgs/play_motion2_msgs
[5.190s] -- Installing: /home/luca/topic-highlight/exam_ws/install/play_motion2_msgs/include/play_motion2_msgs/play_motion2_msgs/srv
[5.190s] -- Installing: /home/luca/topic-highlight/exam_ws/install/play_motion2_msgs/include/play_motion2_msgs/play_motion2_msgs/srv/is_motion_ready.h
[5.190s] -- Installing: /home/luca/topic-highlight/exam_ws/install/play_motion2_msgs/include/play_motion2_msgs/play_motion2_msgs/srv/list_motions.h
[5.190s] -- Installing: /home/luca/topic-highlight/exam_ws/install/play_motion2_msgs/include/play_motion2_msgs/play_motion2_msgs/srv/detail
[5.190s] -- Installing: /home/luca/topic-highlight/exam_ws/install/play_motion2_msgs/include/play_motion2_msgs/play_motion2_msgs/srv/detail/list_motions__functions.c
[5.190s] -- Installing: /home/luca/topic-highlight/exam_ws/install/play_motion2_msgs/include/play_motion2_msgs/play_motion2_msgs/srv/detail/list_motions__struct.h
[5.190s] -- Installing: /home/luca/topic-highlight/exam_ws/install/play_motion2_msgs/include/play_motion2_msgs/play_motion2_msgs/srv/detail/is_motion_ready__struct.h
[5.190s] -- Installing: /home/luca/topic-highlight/exam_ws/install/play_motion2_msgs/include/play_motion2_msgs/play_motion2_msgs/srv/detail/is_motion_ready__functions.h
[5.190s] -- Installing: /home/luca/topic-highlight/exam_ws/install/play_motion2_msgs/include/play_motion2_msgs/play_motion2_msgs/srv/detail/is_motion_ready__type_support.h
[5.190s] -- Installing: /home/luca/topic-highlight/exam_ws/install/play_motion2_msgs/include/play_motion2_msgs/play_motion2_msgs/srv/detail/list_motions__functions.h
[5.190s] -- Installing: /home/luca/topic-highlight/exam_ws/install/play_motion2_msgs/include/play_motion2_msgs/play_motion2_msgs/srv/detail/list_motions__type_support.h
[5.190s] -- Installing: /home/luca/topic-highlight/exam_ws/install/play_motion2_msgs/include/play_motion2_msgs/play_motion2_msgs/srv/detail/is_motion_ready__functions.c
[5.190s] -- Installing: /home/luca/topic-highlight/exam_ws/install/play_motion2_msgs/include/play_motion2_msgs/play_motion2_msgs/action
[5.191s] -- Installing: /home/luca/topic-highlight/exam_ws/install/play_motion2_msgs/include/play_motion2_msgs/play_motion2_msgs/action/play_motion2.h
[5.191s] -- Installing: /home/luca/topic-highlight/exam_ws/install/play_motion2_msgs/include/play_motion2_msgs/play_motion2_msgs/action/detail
[5.191s] -- Installing: /home/luca/topic-highlight/exam_ws/install/play_motion2_msgs/include/play_motion2_msgs/play_motion2_msgs/action/detail/play_motion2__functions.c
[5.191s] -- Installing: /home/luca/topic-highlight/exam_ws/install/play_motion2_msgs/include/play_motion2_msgs/play_motion2_msgs/action/detail/play_motion2__type_support.h
[5.191s] -- Installing: /home/luca/topic-highlight/exam_ws/install/play_motion2_msgs/include/play_motion2_msgs/play_motion2_msgs/action/detail/play_motion2__functions.h
[5.191s] -- Installing: /home/luca/topic-highlight/exam_ws/install/play_motion2_msgs/include/play_motion2_msgs/play_motion2_msgs/action/detail/play_motion2__struct.h
[5.191s] -- Installing: /home/luca/topic-highlight/exam_ws/install/play_motion2_msgs/include/play_motion2_msgs/play_motion2_msgs/msg
[5.191s] -- Installing: /home/luca/topic-highlight/exam_ws/install/play_motion2_msgs/include/play_motion2_msgs/play_motion2_msgs/msg/rosidl_generator_c__visibility_control.h
[5.191s] -- Installing: /home/luca/topic-highlight/exam_ws/install/play_motion2_msgs/share/play_motion2_msgs/environment/library_path.sh
[5.191s] -- Installing: /home/luca/topic-highlight/exam_ws/install/play_motion2_msgs/share/play_motion2_msgs/environment/library_path.dsv
[5.191s] -- Installing: /home/luca/topic-highlight/exam_ws/install/play_motion2_msgs/lib/libplay_motion2_msgs__rosidl_generator_c.so
[5.191s] -- Set runtime path of "/home/luca/topic-highlight/exam_ws/install/play_motion2_msgs/lib/libplay_motion2_msgs__rosidl_generator_c.so" to ""
[5.191s] -- Up-to-date: /home/luca/topic-highlight/exam_ws/install/play_motion2_msgs/include/play_motion2_msgs/play_motion2_msgs
[5.191s] -- Up-to-date: /home/luca/topic-highlight/exam_ws/install/play_motion2_msgs/include/play_motion2_msgs/play_motion2_msgs/srv
[5.192s] -- Up-to-date: /home/luca/topic-highlight/exam_ws/install/play_motion2_msgs/include/play_motion2_msgs/play_motion2_msgs/srv/detail
[5.192s] -- Installing: /home/luca/topic-highlight/exam_ws/install/play_motion2_msgs/include/play_motion2_msgs/play_motion2_msgs/srv/detail/list_motions__rosidl_typesupport_fastrtps_c.h
[5.192s] -- Installing: /home/luca/topic-highlight/exam_ws/install/play_motion2_msgs/include/play_motion2_msgs/play_motion2_msgs/srv/detail/is_motion_ready__rosidl_typesupport_fastrtps_c.h
[5.192s] -- Up-to-date: /home/luca/topic-highlight/exam_ws/install/play_motion2_msgs/include/play_motion2_msgs/play_motion2_msgs/action
[5.192s] -- Up-to-date: /home/luca/topic-highlight/exam_ws/install/play_motion2_msgs/include/play_motion2_msgs/play_motion2_msgs/action/detail
[5.192s] -- Installing: /home/luca/topic-highlight/exam_ws/install/play_motion2_msgs/include/play_motion2_msgs/play_motion2_msgs/action/detail/play_motion2__rosidl_typesupport_fastrtps_c.h
[5.192s] -- Up-to-date: /home/luca/topic-highlight/exam_ws/install/play_motion2_msgs/include/play_motion2_msgs/play_motion2_msgs/msg
[5.192s] -- Installing: /home/luca/topic-highlight/exam_ws/install/play_motion2_msgs/include/play_motion2_msgs/play_motion2_msgs/msg/rosidl_typesupport_fastrtps_c__visibility_control.h
[5.192s] -- Installing: /home/luca/topic-highlight/exam_ws/install/play_motion2_msgs/lib/libplay_motion2_msgs__rosidl_typesupport_fastrtps_c.so
[5.192s] -- Set runtime path of "/home/luca/topic-highlight/exam_ws/install/play_motion2_msgs/lib/libplay_motion2_msgs__rosidl_typesupport_fastrtps_c.so" to ""
[5.192s] -- Up-to-date: /home/luca/topic-highlight/exam_ws/install/play_motion2_msgs/include/play_motion2_msgs/play_motion2_msgs
[5.193s] -- Up-to-date: /home/luca/topic-highlight/exam_ws/install/play_motion2_msgs/include/play_motion2_msgs/play_motion2_msgs/srv
[5.193s] -- Installing: /home/luca/topic-highlight/exam_ws/install/play_motion2_msgs/include/play_motion2_msgs/play_motion2_msgs/srv/is_motion_ready.hpp
[5.193s] -- Installing: /home/luca/topic-highlight/exam_ws/install/play_motion2_msgs/include/play_motion2_msgs/play_motion2_msgs/srv/list_motions.hpp
[5.193s] -- Up-to-date: /home/luca/topic-highlight/exam_ws/install/play_motion2_msgs/include/play_motion2_msgs/play_motion2_msgs/srv/detail
[5.193s] -- Installing: /home/luca/topic-highlight/exam_ws/install/play_motion2_msgs/include/play_motion2_msgs/play_motion2_msgs/srv/detail/is_motion_ready__traits.hpp
[5.193s] -- Installing: /home/luca/topic-highlight/exam_ws/install/play_motion2_msgs/include/play_motion2_msgs/play_motion2_msgs/srv/detail/is_motion_ready__struct.hpp
[5.193s] -- Installing: /home/luca/topic-highlight/exam_ws/install/play_motion2_msgs/include/play_motion2_msgs/play_motion2_msgs/srv/detail/list_motions__builder.hpp
[5.193s] -- Installing: /home/luca/topic-highlight/exam_ws/install/play_motion2_msgs/include/play_motion2_msgs/play_motion2_msgs/srv/detail/list_motions__traits.hpp
[5.193s] -- Installing: /home/luca/topic-highlight/exam_ws/install/play_motion2_msgs/include/play_motion2_msgs/play_motion2_msgs/srv/detail/is_motion_ready__type_support.hpp
[5.193s] -- Installing: /home/luca/topic-highlight/exam_ws/install/play_motion2_msgs/include/play_motion2_msgs/play_motion2_msgs/srv/detail/list_motions__struct.hpp
[5.193s] -- Installing: /home/luca/topic-highlight/exam_ws/install/play_motion2_msgs/include/play_motion2_msgs/play_motion2_msgs/srv/detail/list_motions__type_support.hpp
[5.193s] -- Installing: /home/luca/topic-highlight/exam_ws/install/play_motion2_msgs/include/play_motion2_msgs/play_motion2_msgs/srv/detail/is_motion_ready__builder.hpp
[5.193s] -- Up-to-date: /home/luca/topic-highlight/exam_ws/install/play_motion2_msgs/include/play_motion2_msgs/play_motion2_msgs/action
[5.193s] -- Installing: /home/luca/topic-highlight/exam_ws/install/play_motion2_msgs/include/play_motion2_msgs/play_motion2_msgs/action/play_motion2.hpp
[5.193s] -- Up-to-date: /home/luca/topic-highlight/exam_ws/install/play_motion2_msgs/include/play_motion2_msgs/play_motion2_msgs/action/detail
[5.193s] -- Installing: /home/luca/topic-highlight/exam_ws/install/play_motion2_msgs/include/play_motion2_msgs/play_motion2_msgs/action/detail/play_motion2__struct.hpp
[5.193s] -- Installing: /home/luca/topic-highlight/exam_ws/install/play_motion2_msgs/include/play_motion2_msgs/play_motion2_msgs/action/detail/play_motion2__builder.hpp
[5.193s] -- Installing: /home/luca/topic-highlight/exam_ws/install/play_motion2_msgs/include/play_motion2_msgs/play_motion2_msgs/action/detail/play_motion2__traits.hpp
[5.193s] -- Installing: /home/luca/topic-highlight/exam_ws/install/play_motion2_msgs/include/play_motion2_msgs/play_motion2_msgs/action/detail/play_motion2__type_support.hpp
[5.194s] -- Up-to-date: /home/luca/topic-highlight/exam_ws/install/play_motion2_msgs/include/play_motion2_msgs/play_motion2_msgs/msg
[5.194s] -- Installing: /home/luca/topic-highlight/exam_ws/install/play_motion2_msgs/include/play_motion2_msgs/play_motion2_msgs/msg/rosidl_generator_cpp__visibility_control.hpp
[5.194s] -- Up-to-date: /home/luca/topic-highlight/exam_ws/install/play_motion2_msgs/include/play_motion2_msgs/play_motion2_msgs
[5.194s] -- Up-to-date: /home/luca/topic-highlight/exam_ws/install/play_motion2_msgs/include/play_motion2_msgs/play_motion2_msgs/srv
[5.194s] -- Up-to-date: /home/luca/topic-highlight/exam_ws/install/play_motion2_msgs/include/play_motion2_msgs/play_motion2_msgs/srv/detail
[5.194s] -- Installing: /home/luca/topic-highlight/exam_ws/install/play_motion2_msgs/include/play_motion2_msgs/play_motion2_msgs/srv/detail/list_motions__rosidl_typesupport_fastrtps_cpp.hpp
[5.194s] -- Installing: /home/luca/topic-highlight/exam_ws/install/play_motion2_msgs/include/play_motion2_msgs/play_motion2_msgs/srv/detail/is_motion_ready__rosidl_typesupport_fastrtps_cpp.hpp
[5.194s] -- Installing: /home/luca/topic-highlight/exam_ws/install/play_motion2_msgs/include/play_motion2_msgs/play_motion2_msgs/srv/detail/dds_fastrtps
[5.194s] -- Up-to-date: /home/luca/topic-highlight/exam_ws/install/play_motion2_msgs/include/play_motion2_msgs/play_motion2_msgs/action
[5.194s] -- Up-to-date: /home/luca/topic-highlight/exam_ws/install/play_motion2_msgs/include/play_motion2_msgs/play_motion2_msgs/action/detail
[5.194s] -- Installing: /home/luca/topic-highlight/exam_ws/install/play_motion2_msgs/include/play_motion2_msgs/play_motion2_msgs/action/detail/dds_fastrtps
[5.194s] -- Installing: /home/luca/topic-highlight/exam_ws/install/play_motion2_msgs/include/play_motion2_msgs/play_motion2_msgs/action/detail/play_motion2__rosidl_typesupport_fastrtps_cpp.hpp
[5.194s] -- Up-to-date: /home/luca/topic-highlight/exam_ws/install/play_motion2_msgs/include/play_motion2_msgs/play_motion2_msgs/msg
[5.194s] -- Installing: /home/luca/topic-highlight/exam_ws/install/play_motion2_msgs/include/play_motion2_msgs/play_motion2_msgs/msg/rosidl_typesupport_fastrtps_cpp__visibility_control.h
[5.194s] -- Installing: /home/luca/topic-highlight/exam_ws/install/play_motion2_msgs/lib/libplay_motion2_msgs__rosidl_typesupport_fastrtps_cpp.so
[5.194s] -- Set runtime path of "/home/luca/topic-highlight/exam_ws/install/play_motion2_msgs/lib/libplay_motion2_msgs__rosidl_typesupport_fastrtps_cpp.so" to ""
[5.194s] -- Up-to-date: /home/luca/topic-highlight/exam_ws/install/play_motion2_msgs/include/play_motion2_msgs/play_motion2_msgs
[5.195s] -- Up-to-date: /home/luca/topic-highlight/exam_ws/install/play_motion2_msgs/include/play_motion2_msgs/play_motion2_msgs/srv
[5.195s] -- Up-to-date: /home/luca/topic-highlight/exam_ws/install/play_motion2_msgs/include/play_motion2_msgs/play_motion2_msgs/srv/detail
[5.195s] -- Installing: /home/luca/topic-highlight/exam_ws/install/play_motion2_msgs/include/play_motion2_msgs/play_motion2_msgs/srv/detail/is_motion_ready__type_support.c
[5.195s] -- Installing: /home/luca/topic-highlight/exam_ws/install/play_motion2_msgs/include/play_motion2_msgs/play_motion2_msgs/srv/detail/list_motions__type_support.c
[5.195s] -- Installing: /home/luca/topic-highlight/exam_ws/install/play_motion2_msgs/include/play_motion2_msgs/play_motion2_msgs/srv/detail/list_motions__rosidl_typesupport_introspection_c.h
[5.195s] -- Installing: /home/luca/topic-highlight/exam_ws/install/play_motion2_msgs/include/play_motion2_msgs/play_motion2_msgs/srv/detail/is_motion_ready__rosidl_typesupport_introspection_c.h
[5.195s] -- Up-to-date: /home/luca/topic-highlight/exam_ws/install/play_motion2_msgs/include/play_motion2_msgs/play_motion2_msgs/action
[5.195s] -- Up-to-date: /home/luca/topic-highlight/exam_ws/install/play_motion2_msgs/include/play_motion2_msgs/play_motion2_msgs/action/detail
[5.195s] -- Installing: /home/luca/topic-highlight/exam_ws/install/play_motion2_msgs/include/play_motion2_msgs/play_motion2_msgs/action/detail/play_motion2__rosidl_typesupport_introspection_c.h
[5.195s] -- Installing: /home/luca/topic-highlight/exam_ws/install/play_motion2_msgs/include/play_motion2_msgs/play_motion2_msgs/action/detail/play_motion2__type_support.c
[5.195s] -- Up-to-date: /home/luca/topic-highlight/exam_ws/install/play_motion2_msgs/include/play_motion2_msgs/play_motion2_msgs/msg
[5.195s] -- Installing: /home/luca/topic-highlight/exam_ws/install/play_motion2_msgs/include/play_motion2_msgs/play_motion2_msgs/msg/rosidl_typesupport_introspection_c__visibility_control.h
[5.195s] -- Installing: /home/luca/topic-highlight/exam_ws/install/play_motion2_msgs/lib/libplay_motion2_msgs__rosidl_typesupport_introspection_c.so
[5.195s] -- Set runtime path of "/home/luca/topic-highlight/exam_ws/install/play_motion2_msgs/lib/libplay_motion2_msgs__rosidl_typesupport_introspection_c.so" to ""
[5.195s] -- Installing: /home/luca/topic-highlight/exam_ws/install/play_motion2_msgs/lib/libplay_motion2_msgs__rosidl_typesupport_c.so
[5.195s] -- Set runtime path of "/home/luca/topic-highlight/exam_ws/install/play_motion2_msgs/lib/libplay_motion2_msgs__rosidl_typesupport_c.so" to ""
[5.195s] -- Up-to-date: /home/luca/topic-highlight/exam_ws/install/play_motion2_msgs/include/play_motion2_msgs/play_motion2_msgs
[5.195s] -- Up-to-date: /home/luca/topic-highlight/exam_ws/install/play_motion2_msgs/include/play_motion2_msgs/play_motion2_msgs/srv
[5.195s] -- Up-to-date: /home/luca/topic-highlight/exam_ws/install/play_motion2_msgs/include/play_motion2_msgs/play_motion2_msgs/srv/detail
[5.195s] -- Installing: /home/luca/topic-highlight/exam_ws/install/play_motion2_msgs/include/play_motion2_msgs/play_motion2_msgs/srv/detail/list_motions__rosidl_typesupport_introspection_cpp.hpp
[5.195s] -- Installing: /home/luca/topic-highlight/exam_ws/install/play_motion2_msgs/include/play_motion2_msgs/play_motion2_msgs/srv/detail/list_motions__type_support.cpp
[5.195s] -- Installing: /home/luca/topic-highlight/exam_ws/install/play_motion2_msgs/include/play_motion2_msgs/play_motion2_msgs/srv/detail/is_motion_ready__rosidl_typesupport_introspection_cpp.hpp
[5.195s] -- Installing: /home/luca/topic-highlight/exam_ws/install/play_motion2_msgs/include/play_motion2_msgs/play_motion2_msgs/srv/detail/is_motion_ready__type_support.cpp
[5.195s] -- Up-to-date: /home/luca/topic-highlight/exam_ws/install/play_motion2_msgs/include/play_motion2_msgs/play_motion2_msgs/action
[5.195s] -- Up-to-date: /home/luca/topic-highlight/exam_ws/install/play_motion2_msgs/include/play_motion2_msgs/play_motion2_msgs/action/detail
[5.195s] -- Installing: /home/luca/topic-highlight/exam_ws/install/play_motion2_msgs/include/play_motion2_msgs/play_motion2_msgs/action/detail/play_motion2__rosidl_typesupport_introspection_cpp.hpp
[5.195s] -- Installing: /home/luca/topic-highlight/exam_ws/install/play_motion2_msgs/include/play_motion2_msgs/play_motion2_msgs/action/detail/play_motion2__type_support.cpp
[5.195s] -- Installing: /home/luca/topic-highlight/exam_ws/install/play_motion2_msgs/lib/libplay_motion2_msgs__rosidl_typesupport_introspection_cpp.so
[5.196s] -- Set runtime path of "/home/luca/topic-highlight/exam_ws/install/play_motion2_msgs/lib/libplay_motion2_msgs__rosidl_typesupport_introspection_cpp.so" to ""
[5.196s] -- Installing: /home/luca/topic-highlight/exam_ws/install/play_motion2_msgs/lib/libplay_motion2_msgs__rosidl_typesupport_cpp.so
[5.196s] -- Set runtime path of "/home/luca/topic-highlight/exam_ws/install/play_motion2_msgs/lib/libplay_motion2_msgs__rosidl_typesupport_cpp.so" to ""
[5.196s] -- Installing: /home/luca/topic-highlight/exam_ws/install/play_motion2_msgs/share/play_motion2_msgs/environment/pythonpath.sh
[5.196s] -- Installing: /home/luca/topic-highlight/exam_ws/install/play_motion2_msgs/share/play_motion2_msgs/environment/pythonpath.dsv
[5.196s] -- Installing: /home/luca/topic-highlight/exam_ws/install/play_motion2_msgs/local/lib/python3.10/dist-packages/play_motion2_msgs-1.1.0-py3.10.egg-info
[5.196s] -- Installing: /home/luca/topic-highlight/exam_ws/install/play_motion2_msgs/local/lib/python3.10/dist-packages/play_motion2_msgs-1.1.0-py3.10.egg-info/SOURCES.txt
[5.196s] -- Installing: /home/luca/topic-highlight/exam_ws/install/play_motion2_msgs/local/lib/python3.10/dist-packages/play_motion2_msgs-1.1.0-py3.10.egg-info/PKG-INFO
[5.196s] -- Installing: /home/luca/topic-highlight/exam_ws/install/play_motion2_msgs/local/lib/python3.10/dist-packages/play_motion2_msgs-1.1.0-py3.10.egg-info/dependency_links.txt
[5.196s] -- Installing: /home/luca/topic-highlight/exam_ws/install/play_motion2_msgs/local/lib/python3.10/dist-packages/play_motion2_msgs-1.1.0-py3.10.egg-info/top_level.txt
[5.196s] -- Installing: /home/luca/topic-highlight/exam_ws/install/play_motion2_msgs/local/lib/python3.10/dist-packages/play_motion2_msgs
[5.196s] -- Installing: /home/luca/topic-highlight/exam_ws/install/play_motion2_msgs/local/lib/python3.10/dist-packages/play_motion2_msgs/_play_motion2_msgs_s.ep.rosidl_typesupport_fastrtps_c.c
[5.196s] -- Installing: /home/luca/topic-highlight/exam_ws/install/play_motion2_msgs/local/lib/python3.10/dist-packages/play_motion2_msgs/play_motion2_msgs_s__rosidl_typesupport_fastrtps_c.cpython-310-x86_64-linux-gnu.so
[5.196s] -- Installing: /home/luca/topic-highlight/exam_ws/install/play_motion2_msgs/local/lib/python3.10/dist-packages/play_motion2_msgs/play_motion2_msgs_s__rosidl_typesupport_introspection_c.cpython-310-x86_64-linux-gnu.so
[5.196s] -- Installing: /home/luca/topic-highlight/exam_ws/install/play_motion2_msgs/local/lib/python3.10/dist-packages/play_motion2_msgs/_play_motion2_msgs_s.ep.rosidl_typesupport_introspection_c.c
[5.196s] -- Installing: /home/luca/topic-highlight/exam_ws/install/play_motion2_msgs/local/lib/python3.10/dist-packages/play_motion2_msgs/_play_motion2_msgs_s.ep.rosidl_typesupport_c.c
[5.196s] -- Installing: /home/luca/topic-highlight/exam_ws/install/play_motion2_msgs/local/lib/python3.10/dist-packages/play_motion2_msgs/__init__.py
[5.196s] -- Installing: /home/luca/topic-highlight/exam_ws/install/play_motion2_msgs/local/lib/python3.10/dist-packages/play_motion2_msgs/play_motion2_msgs_s__rosidl_typesupport_c.cpython-310-x86_64-linux-gnu.so
[5.196s] -- Installing: /home/luca/topic-highlight/exam_ws/install/play_motion2_msgs/local/lib/python3.10/dist-packages/play_motion2_msgs/srv
[5.196s] -- Installing: /home/luca/topic-highlight/exam_ws/install/play_motion2_msgs/local/lib/python3.10/dist-packages/play_motion2_msgs/srv/_list_motions.py
[5.196s] -- Installing: /home/luca/topic-highlight/exam_ws/install/play_motion2_msgs/local/lib/python3.10/dist-packages/play_motion2_msgs/srv/__init__.py
[5.196s] -- Installing: /home/luca/topic-highlight/exam_ws/install/play_motion2_msgs/local/lib/python3.10/dist-packages/play_motion2_msgs/srv/_is_motion_ready_s.c
[5.196s] -- Installing: /home/luca/topic-highlight/exam_ws/install/play_motion2_msgs/local/lib/python3.10/dist-packages/play_motion2_msgs/srv/_list_motions_s.c
[5.196s] -- Installing: /home/luca/topic-highlight/exam_ws/install/play_motion2_msgs/local/lib/python3.10/dist-packages/play_motion2_msgs/srv/_is_motion_ready.py
[5.196s] -- Installing: /home/luca/topic-highlight/exam_ws/install/play_motion2_msgs/local/lib/python3.10/dist-packages/play_motion2_msgs/libplay_motion2_msgs__rosidl_generator_py.so
[5.196s] -- Installing: /home/luca/topic-highlight/exam_ws/install/play_motion2_msgs/local/lib/python3.10/dist-packages/play_motion2_msgs/action
[5.196s] -- Installing: /home/luca/topic-highlight/exam_ws/install/play_motion2_msgs/local/lib/python3.10/dist-packages/play_motion2_msgs/action/_play_motion2.py
[5.196s] -- Installing: /home/luca/topic-highlight/exam_ws/install/play_motion2_msgs/local/lib/python3.10/dist-packages/play_motion2_msgs/action/__init__.py
[5.196s] -- Installing: /home/luca/topic-highlight/exam_ws/install/play_motion2_msgs/local/lib/python3.10/dist-packages/play_motion2_msgs/action/_play_motion2_s.c
[5.229s] Listing '/home/luca/topic-highlight/exam_ws/install/play_motion2_msgs/local/lib/python3.10/dist-packages/play_motion2_msgs'...
[5.229s] Compiling '/home/luca/topic-highlight/exam_ws/install/play_motion2_msgs/local/lib/python3.10/dist-packages/play_motion2_msgs/__init__.py'...
[5.229s] Listing '/home/luca/topic-highlight/exam_ws/install/play_motion2_msgs/local/lib/python3.10/dist-packages/play_motion2_msgs/action'...
[5.229s] Compiling '/home/luca/topic-highlight/exam_ws/install/play_motion2_msgs/local/lib/python3.10/dist-packages/play_motion2_msgs/action/__init__.py'...
[5.229s] Compiling '/home/luca/topic-highlight/exam_ws/install/play_motion2_msgs/local/lib/python3.10/dist-packages/play_motion2_msgs/action/_play_motion2.py'...
[5.230s] Listing '/home/luca/topic-highlight/exam_ws/install/play_motion2_msgs/local/lib/python3.10/dist-packages/play_motion2_msgs/srv'...
[5.230s] Compiling '/home/luca/topic-highlight/exam_ws/install/play_motion2_msgs/local/lib/python3.10/dist-packages/play_motion2_msgs/srv/__init__.py'...
[5.230s] Compiling '/home/luca/topic-highlight/exam_ws/install/play_motion2_msgs/local/lib/python3.10/dist-packages/play_motion2_msgs/srv/_is_motion_ready.py'...
[5.230s] Compiling '/home/luca/topic-highlight/exam_ws/install/play_motion2_msgs/local/lib/python3.10/dist-packages/play_motion2_msgs/srv/_list_motions.py'...
[5.233s] -- Installing: /home/luca/topic-highlight/exam_ws/install/play_motion2_msgs/local/lib/python3.10/dist-packages/play_motion2_msgs/play_motion2_msgs_s__rosidl_typesupport_fastrtps_c.cpython-310-x86_64-linux-gnu.so
[5.234s] -- Set runtime path of "/home/luca/topic-highlight/exam_ws/install/play_motion2_msgs/local/lib/python3.10/dist-packages/play_motion2_msgs/play_motion2_msgs_s__rosidl_typesupport_fastrtps_c.cpython-310-x86_64-linux-gnu.so" to ""
[5.234s] -- Installing: /home/luca/topic-highlight/exam_ws/install/play_motion2_msgs/local/lib/python3.10/dist-packages/play_motion2_msgs/play_motion2_msgs_s__rosidl_typesupport_introspection_c.cpython-310-x86_64-linux-gnu.so
[5.234s] -- Set runtime path of "/home/luca/topic-highlight/exam_ws/install/play_motion2_msgs/local/lib/python3.10/dist-packages/play_motion2_msgs/play_motion2_msgs_s__rosidl_typesupport_introspection_c.cpython-310-x86_64-linux-gnu.so" to ""
[5.234s] -- Installing: /home/luca/topic-highlight/exam_ws/install/play_motion2_msgs/local/lib/python3.10/dist-packages/play_motion2_msgs/play_motion2_msgs_s__rosidl_typesupport_c.cpython-310-x86_64-linux-gnu.so
[5.234s] -- Set runtime path of "/home/luca/topic-highlight/exam_ws/install/play_motion2_msgs/local/lib/python3.10/dist-packages/play_motion2_msgs/play_motion2_msgs_s__rosidl_typesupport_c.cpython-310-x86_64-linux-gnu.so" to ""
[5.234s] -- Installing: /home/luca/topic-highlight/exam_ws/install/play_motion2_msgs/lib/libplay_motion2_msgs__rosidl_generator_py.so
[5.234s] -- Set runtime path of "/home/luca/topic-highlight/exam_ws/install/play_motion2_msgs/lib/libplay_motion2_msgs__rosidl_generator_py.so" to ""
[5.234s] -- Installing: /home/luca/topic-highlight/exam_ws/install/play_motion2_msgs/share/play_motion2_msgs/action/PlayMotion2.idl
[5.235s] -- Installing: /home/luca/topic-highlight/exam_ws/install/play_motion2_msgs/share/play_motion2_msgs/srv/IsMotionReady.idl
[5.235s] -- Installing: /home/luca/topic-highlight/exam_ws/install/play_motion2_msgs/share/play_motion2_msgs/srv/ListMotions.idl
[5.235s] -- Installing: /home/luca/topic-highlight/exam_ws/install/play_motion2_msgs/share/play_motion2_msgs/action/PlayMotion2.action
[5.235s] -- Installing: /home/luca/topic-highlight/exam_ws/install/play_motion2_msgs/share/play_motion2_msgs/srv/IsMotionReady.srv
[5.235s] -- Installing: /home/luca/topic-highlight/exam_ws/install/play_motion2_msgs/share/play_motion2_msgs/srv/IsMotionReady_Request.msg
[5.235s] -- Installing: /home/luca/topic-highlight/exam_ws/install/play_motion2_msgs/share/play_motion2_msgs/srv/IsMotionReady_Response.msg
[5.235s] -- Installing: /home/luca/topic-highlight/exam_ws/install/play_motion2_msgs/share/play_motion2_msgs/srv/ListMotions.srv
[5.235s] -- Installing: /home/luca/topic-highlight/exam_ws/install/play_motion2_msgs/share/play_motion2_msgs/srv/ListMotions_Request.msg
[5.236s] -- Installing: /home/luca/topic-highlight/exam_ws/install/play_motion2_msgs/share/play_motion2_msgs/srv/ListMotions_Response.msg
[5.236s] -- Installing: /home/luca/topic-highlight/exam_ws/install/play_motion2_msgs/share/ament_index/resource_index/package_run_dependencies/play_motion2_msgs
[5.236s] -- Installing: /home/luca/topic-highlight/exam_ws/install/play_motion2_msgs/share/ament_index/resource_index/parent_prefix_path/play_motion2_msgs
[5.236s] -- Installing: /home/luca/topic-highlight/exam_ws/install/play_motion2_msgs/share/play_motion2_msgs/environment/ament_prefix_path.sh
[5.236s] -- Installing: /home/luca/topic-highlight/exam_ws/install/play_motion2_msgs/share/play_motion2_msgs/environment/ament_prefix_path.dsv
[5.236s] -- Installing: /home/luca/topic-highlight/exam_ws/install/play_motion2_msgs/share/play_motion2_msgs/environment/path.sh
[5.236s] -- Installing: /home/luca/topic-highlight/exam_ws/install/play_motion2_msgs/share/play_motion2_msgs/environment/path.dsv
[5.236s] -- Installing: /home/luca/topic-highlight/exam_ws/install/play_motion2_msgs/share/play_motion2_msgs/local_setup.bash
[5.236s] -- Installing: /home/luca/topic-highlight/exam_ws/install/play_motion2_msgs/share/play_motion2_msgs/local_setup.sh
[5.236s] -- Installing: /home/luca/topic-highlight/exam_ws/install/play_motion2_msgs/share/play_motion2_msgs/local_setup.zsh
[5.236s] -- Installing: /home/luca/topic-highlight/exam_ws/install/play_motion2_msgs/share/play_motion2_msgs/local_setup.dsv
[5.236s] -- Installing: /home/luca/topic-highlight/exam_ws/install/play_motion2_msgs/share/play_motion2_msgs/package.dsv
[5.236s] -- Installing: /home/luca/topic-highlight/exam_ws/install/play_motion2_msgs/share/ament_index/resource_index/packages/play_motion2_msgs
[5.236s] -- Installing: /home/luca/topic-highlight/exam_ws/install/play_motion2_msgs/share/play_motion2_msgs/cmake/export_play_motion2_msgs__rosidl_generator_cExport.cmake
[5.236s] -- Installing: /home/luca/topic-highlight/exam_ws/install/play_motion2_msgs/share/play_motion2_msgs/cmake/export_play_motion2_msgs__rosidl_generator_cExport-noconfig.cmake
[5.236s] -- Installing: /home/luca/topic-highlight/exam_ws/install/play_motion2_msgs/share/play_motion2_msgs/cmake/export_play_motion2_msgs__rosidl_typesupport_fastrtps_cExport.cmake
[5.236s] -- Installing: /home/luca/topic-highlight/exam_ws/install/play_motion2_msgs/share/play_motion2_msgs/cmake/export_play_motion2_msgs__rosidl_typesupport_fastrtps_cExport-noconfig.cmake
[5.237s] -- Installing: /home/luca/topic-highlight/exam_ws/install/play_motion2_msgs/share/play_motion2_msgs/cmake/export_play_motion2_msgs__rosidl_generator_cppExport.cmake
[5.237s] -- Installing: /home/luca/topic-highlight/exam_ws/install/play_motion2_msgs/share/play_motion2_msgs/cmake/export_play_motion2_msgs__rosidl_typesupport_fastrtps_cppExport.cmake
[5.237s] -- Installing: /home/luca/topic-highlight/exam_ws/install/play_motion2_msgs/share/play_motion2_msgs/cmake/export_play_motion2_msgs__rosidl_typesupport_fastrtps_cppExport-noconfig.cmake
[5.237s] -- Installing: /home/luca/topic-highlight/exam_ws/install/play_motion2_msgs/share/play_motion2_msgs/cmake/play_motion2_msgs__rosidl_typesupport_introspection_cExport.cmake
[5.237s] -- Installing: /home/luca/topic-highlight/exam_ws/install/play_motion2_msgs/share/play_motion2_msgs/cmake/play_motion2_msgs__rosidl_typesupport_introspection_cExport-noconfig.cmake
[5.237s] -- Installing: /home/luca/topic-highlight/exam_ws/install/play_motion2_msgs/share/play_motion2_msgs/cmake/play_motion2_msgs__rosidl_typesupport_cExport.cmake
[5.237s] -- Installing: /home/luca/topic-highlight/exam_ws/install/play_motion2_msgs/share/play_motion2_msgs/cmake/play_motion2_msgs__rosidl_typesupport_cExport-noconfig.cmake
[5.237s] -- Installing: /home/luca/topic-highlight/exam_ws/install/play_motion2_msgs/share/play_motion2_msgs/cmake/play_motion2_msgs__rosidl_typesupport_introspection_cppExport.cmake
[5.237s] -- Installing: /home/luca/topic-highlight/exam_ws/install/play_motion2_msgs/share/play_motion2_msgs/cmake/play_motion2_msgs__rosidl_typesupport_introspection_cppExport-noconfig.cmake
[5.237s] -- Installing: /home/luca/topic-highlight/exam_ws/install/play_motion2_msgs/share/play_motion2_msgs/cmake/play_motion2_msgs__rosidl_typesupport_cppExport.cmake
[5.237s] -- Installing: /home/luca/topic-highlight/exam_ws/install/play_motion2_msgs/share/play_motion2_msgs/cmake/play_motion2_msgs__rosidl_typesupport_cppExport-noconfig.cmake
[5.237s] -- Installing: /home/luca/topic-highlight/exam_ws/install/play_motion2_msgs/share/play_motion2_msgs/cmake/export_play_motion2_msgs__rosidl_generator_pyExport.cmake
[5.237s] -- Installing: /home/luca/topic-highlight/exam_ws/install/play_motion2_msgs/share/play_motion2_msgs/cmake/export_play_motion2_msgs__rosidl_generator_pyExport-noconfig.cmake
[5.237s] -- Installing: /home/luca/topic-highlight/exam_ws/install/play_motion2_msgs/share/play_motion2_msgs/cmake/rosidl_cmake-extras.cmake
[5.237s] -- Installing: /home/luca/topic-highlight/exam_ws/install/play_motion2_msgs/share/play_motion2_msgs/cmake/ament_cmake_export_dependencies-extras.cmake
[5.237s] -- Installing: /home/luca/topic-highlight/exam_ws/install/play_motion2_msgs/share/play_motion2_msgs/cmake/ament_cmake_export_include_directories-extras.cmake
[5.237s] -- Installing: /home/luca/topic-highlight/exam_ws/install/play_motion2_msgs/share/play_motion2_msgs/cmake/ament_cmake_export_libraries-extras.cmake
[5.237s] -- Installing: /home/luca/topic-highlight/exam_ws/install/play_motion2_msgs/share/play_motion2_msgs/cmake/ament_cmake_export_targets-extras.cmake
[5.237s] -- Installing: /home/luca/topic-highlight/exam_ws/install/play_motion2_msgs/share/play_motion2_msgs/cmake/rosidl_cmake_export_typesupport_targets-extras.cmake
[5.237s] -- Installing: /home/luca/topic-highlight/exam_ws/install/play_motion2_msgs/share/play_motion2_msgs/cmake/rosidl_cmake_export_typesupport_libraries-extras.cmake
[5.237s] -- Installing: /home/luca/topic-highlight/exam_ws/install/play_motion2_msgs/share/play_motion2_msgs/cmake/play_motion2_msgsConfig.cmake
[5.238s] -- Installing: /home/luca/topic-highlight/exam_ws/install/play_motion2_msgs/share/play_motion2_msgs/cmake/play_motion2_msgsConfig-version.cmake
[5.238s] -- Installing: /home/luca/topic-highlight/exam_ws/install/play_motion2_msgs/share/play_motion2_msgs/package.xml
[5.240s] Invoked command in '/home/luca/topic-highlight/exam_ws/build/play_motion2_msgs' returned '0': CMAKE_PREFIX_PATH=/opt/ros/humble /usr/bin/cmake --install /home/luca/topic-highlight/exam_ws/build/play_motion2_msgs
