[0.188s] Invoking command in '/home/luca/topic-highlight/exam_ws/build/pal_robotiq_description': CMAKE_PREFIX_PATH=/opt/ros/humble /usr/bin/cmake /home/luca/topic-highlight/exam_ws/src/pal_robotiq_gripper/pal_robotiq_description -DCMAKE_INSTALL_PREFIX=/home/luca/topic-highlight/exam_ws/install/pal_robotiq_description
[0.486s] -- The C compiler identification is GNU 11.4.0
[0.486s] -- The CXX compiler identification is GNU 11.4.0
[0.486s] -- Detecting C compiler ABI info
[0.486s] -- Detecting C compiler ABI info - done
[0.486s] -- Check for working C compiler: /usr/bin/cc - skipped
[0.487s] -- Detecting C compile features
[0.487s] -- Detecting C compile features - done
[0.487s] -- Detecting CXX compiler ABI info
[0.487s] -- Detecting CXX compiler ABI info - done
[0.487s] -- Check for working CXX compiler: /usr/bin/c++ - skipped
[0.487s] -- Detecting CXX compile features
[0.487s] -- Detecting CXX compile features - done
[0.487s] -- Found ament_cmake_auto: 1.3.11 (/opt/ros/humble/share/ament_cmake_auto/cmake)
[0.891s] -- Found Python3: /usr/bin/python3 (found version "3.10.12") found components: Interpreter 
[1.069s] -- Found ament_lint_auto: 0.12.11 (/opt/ros/humble/share/ament_lint_auto/cmake)
[1.089s] -- Added test 'copyright' to check source files copyright and LICENSE
[1.093s] -- Added test 'flake8' to check Python code syntax and style conventions
[1.097s] -- Added test 'lint_cmake' to check CMake code style
[1.098s] -- Added test 'pep257' to check Python code against some of the docstring style conventions in PEP 257
[1.099s] -- Added test 'xmllint' to check XML markup files
[1.101s] -- Configuring done
[1.103s] -- Generating done
[1.103s] -- Build files have been written to: /home/luca/topic-highlight/exam_ws/build/pal_robotiq_description
[1.125s] Invoked command in '/home/luca/topic-highlight/exam_ws/build/pal_robotiq_description' returned '0': CMAKE_PREFIX_PATH=/opt/ros/humble /usr/bin/cmake /home/luca/topic-highlight/exam_ws/src/pal_robotiq_gripper/pal_robotiq_description -DCMAKE_INSTALL_PREFIX=/home/luca/topic-highlight/exam_ws/install/pal_robotiq_description
[1.126s] Invoking command in '/home/luca/topic-highlight/exam_ws/build/pal_robotiq_description': CMAKE_PREFIX_PATH=/opt/ros/humble /usr/bin/cmake --build /home/luca/topic-highlight/exam_ws/build/pal_robotiq_description -- -j20 -l20
[1.159s] Invoked command in '/home/luca/topic-highlight/exam_ws/build/pal_robotiq_description' returned '0': CMAKE_PREFIX_PATH=/opt/ros/humble /usr/bin/cmake --build /home/luca/topic-highlight/exam_ws/build/pal_robotiq_description -- -j20 -l20
[1.161s] Invoking command in '/home/luca/topic-highlight/exam_ws/build/pal_robotiq_description': CMAKE_PREFIX_PATH=/opt/ros/humble /usr/bin/cmake --install /home/luca/topic-highlight/exam_ws/build/pal_robotiq_description
[1.166s] -- Install configuration: ""
[1.166s] -- Installing: /home/luca/topic-highlight/exam_ws/install/pal_robotiq_description/share/pal_robotiq_description/meshes
[1.166s] -- Installing: /home/luca/topic-highlight/exam_ws/install/pal_robotiq_description/share/pal_robotiq_description/meshes/visual
[1.166s] -- Installing: /home/luca/topic-highlight/exam_ws/install/pal_robotiq_description/share/pal_robotiq_description/meshes/visual/robotiq_85_inner_finger.dae
[1.167s] -- Installing: /home/luca/topic-highlight/exam_ws/install/pal_robotiq_description/share/pal_robotiq_description/meshes/visual/robotiq_85_outer_finger.dae
[1.169s] -- Installing: /home/luca/topic-highlight/exam_ws/install/pal_robotiq_description/share/pal_robotiq_description/meshes/visual/pal_robotiq_coupling.stl
[1.172s] -- Installing: /home/luca/topic-highlight/exam_ws/install/pal_robotiq_description/share/pal_robotiq_description/meshes/visual/robotiq_coupling.stl
[1.172s] -- Installing: /home/luca/topic-highlight/exam_ws/install/pal_robotiq_description/share/pal_robotiq_description/meshes/visual/robotiq_140_outer_knuckle.stl
[1.172s] -- Installing: /home/luca/topic-highlight/exam_ws/install/pal_robotiq_description/share/pal_robotiq_description/meshes/visual/robotiq_140_inner_finger.stl
[1.173s] -- Installing: /home/luca/topic-highlight/exam_ws/install/pal_robotiq_description/share/pal_robotiq_description/meshes/visual/robotiq_85_outer_knuckle.dae
[1.176s] -- Installing: /home/luca/topic-highlight/exam_ws/install/pal_robotiq_description/share/pal_robotiq_description/meshes/visual/robotiq_85_pad.dae
[1.176s] -- Installing: /home/luca/topic-highlight/exam_ws/install/pal_robotiq_description/share/pal_robotiq_description/meshes/visual/robotiq_base_link.stl
[1.181s] -- Installing: /home/luca/topic-highlight/exam_ws/install/pal_robotiq_description/share/pal_robotiq_description/meshes/visual/robotiq_140_inner_knuckle.stl
[1.183s] -- Installing: /home/luca/topic-highlight/exam_ws/install/pal_robotiq_description/share/pal_robotiq_description/meshes/visual/robotiq_140_outer_finger.stl
[1.184s] -- Installing: /home/luca/topic-highlight/exam_ws/install/pal_robotiq_description/share/pal_robotiq_description/meshes/visual/robotiq_85_inner_knuckle.dae
[1.185s] -- Installing: /home/luca/topic-highlight/exam_ws/install/pal_robotiq_description/share/pal_robotiq_description/meshes/collision
[1.187s] -- Installing: /home/luca/topic-highlight/exam_ws/install/pal_robotiq_description/share/pal_robotiq_description/meshes/collision/robotiq_85_inner_finger.dae
[1.190s] -- Installing: /home/luca/topic-highlight/exam_ws/install/pal_robotiq_description/share/pal_robotiq_description/meshes/collision/robotiq_85_outer_finger.dae
[1.191s] -- Installing: /home/luca/topic-highlight/exam_ws/install/pal_robotiq_description/share/pal_robotiq_description/meshes/collision/robotiq_85_base_link.stl
[1.191s] -- Installing: /home/luca/topic-highlight/exam_ws/install/pal_robotiq_description/share/pal_robotiq_description/meshes/collision/robotiq_coupling.stl
[1.191s] -- Installing: /home/luca/topic-highlight/exam_ws/install/pal_robotiq_description/share/pal_robotiq_description/meshes/collision/robotiq_140_outer_knuckle.stl
[1.191s] -- Installing: /home/luca/topic-highlight/exam_ws/install/pal_robotiq_description/share/pal_robotiq_description/meshes/collision/robotiq_140_inner_finger.stl
[1.191s] -- Installing: /home/luca/topic-highlight/exam_ws/install/pal_robotiq_description/share/pal_robotiq_description/meshes/collision/robotiq_85_outer_knuckle.dae
[1.193s] -- Installing: /home/luca/topic-highlight/exam_ws/install/pal_robotiq_description/share/pal_robotiq_description/meshes/collision/robotiq_base_link.stl
[1.193s] -- Installing: /home/luca/topic-highlight/exam_ws/install/pal_robotiq_description/share/pal_robotiq_description/meshes/collision/robotiq_140_inner_knuckle.stl
[1.194s] -- Installing: /home/luca/topic-highlight/exam_ws/install/pal_robotiq_description/share/pal_robotiq_description/meshes/collision/robotiq_140_outer_finger.stl
[1.194s] -- Installing: /home/luca/topic-highlight/exam_ws/install/pal_robotiq_description/share/pal_robotiq_description/meshes/collision/robotiq_85_inner_knuckle.dae
[1.194s] -- Installing: /home/luca/topic-highlight/exam_ws/install/pal_robotiq_description/share/pal_robotiq_description/robots
[1.194s] -- Installing: /home/luca/topic-highlight/exam_ws/install/pal_robotiq_description/share/pal_robotiq_description/robots/pal_robotiq_epick_gripper.urdf.xacro
[1.194s] -- Installing: /home/luca/topic-highlight/exam_ws/install/pal_robotiq_description/share/pal_robotiq_description/robots/pal_robotiq_2f_140_gripper.urdf.xacro
[1.194s] -- Installing: /home/luca/topic-highlight/exam_ws/install/pal_robotiq_description/share/pal_robotiq_description/robots/pal_robotiq_2f_85_gripper.urdf.xacro
[1.194s] -- Installing: /home/luca/topic-highlight/exam_ws/install/pal_robotiq_description/share/pal_robotiq_description/urdf
[1.194s] -- Installing: /home/luca/topic-highlight/exam_ws/install/pal_robotiq_description/share/pal_robotiq_description/urdf/robotiq.ros2_control.xacro
[1.194s] -- Installing: /home/luca/topic-highlight/exam_ws/install/pal_robotiq_description/share/pal_robotiq_description/urdf/robotiq_140_gripper.urdf.xacro
[1.195s] -- Installing: /home/luca/topic-highlight/exam_ws/install/pal_robotiq_description/share/pal_robotiq_description/urdf/robotiq.transmission.xacro
[1.195s] -- Installing: /home/luca/topic-highlight/exam_ws/install/pal_robotiq_description/share/pal_robotiq_description/urdf/grasping_frames.xacro
[1.195s] -- Installing: /home/luca/topic-highlight/exam_ws/install/pal_robotiq_description/share/pal_robotiq_description/urdf/robotiq_85_gripper.urdf.xacro
[1.196s] -- Installing: /home/luca/topic-highlight/exam_ws/install/pal_robotiq_description/share/pal_robotiq_description/launch
[1.196s] -- Installing: /home/luca/topic-highlight/exam_ws/install/pal_robotiq_description/share/pal_robotiq_description/launch/robot_state_publisher.launch.py
[1.196s] -- Installing: /home/luca/topic-highlight/exam_ws/install/pal_robotiq_description/share/pal_robotiq_description/launch/show.launch.py
[1.196s] -- Installing: /home/luca/topic-highlight/exam_ws/install/pal_robotiq_description/share/pal_robotiq_description/config
[1.196s] -- Installing: /home/luca/topic-highlight/exam_ws/install/pal_robotiq_description/share/pal_robotiq_description/config/pal_robotiq_urdf.rviz
[1.196s] -- Installing: /home/luca/topic-highlight/exam_ws/install/pal_robotiq_description/share/ament_index/resource_index/package_run_dependencies/pal_robotiq_description
[1.196s] -- Installing: /home/luca/topic-highlight/exam_ws/install/pal_robotiq_description/share/ament_index/resource_index/parent_prefix_path/pal_robotiq_description
[1.196s] -- Installing: /home/luca/topic-highlight/exam_ws/install/pal_robotiq_description/share/pal_robotiq_description/environment/ament_prefix_path.sh
[1.197s] -- Installing: /home/luca/topic-highlight/exam_ws/install/pal_robotiq_description/share/pal_robotiq_description/environment/ament_prefix_path.dsv
[1.197s] -- Installing: /home/luca/topic-highlight/exam_ws/install/pal_robotiq_description/share/pal_robotiq_description/environment/path.sh
[1.197s] -- Installing: /home/luca/topic-highlight/exam_ws/install/pal_robotiq_description/share/pal_robotiq_description/environment/path.dsv
[1.198s] -- Installing: /home/luca/topic-highlight/exam_ws/install/pal_robotiq_description/share/pal_robotiq_description/local_setup.bash
[1.198s] -- Installing: /home/luca/topic-highlight/exam_ws/install/pal_robotiq_description/share/pal_robotiq_description/local_setup.sh
[1.198s] -- Installing: /home/luca/topic-highlight/exam_ws/install/pal_robotiq_description/share/pal_robotiq_description/local_setup.zsh
[1.199s] -- Installing: /home/luca/topic-highlight/exam_ws/install/pal_robotiq_description/share/pal_robotiq_description/local_setup.dsv
[1.199s] -- Installing: /home/luca/topic-highlight/exam_ws/install/pal_robotiq_description/share/pal_robotiq_description/package.dsv
[1.199s] -- Installing: /home/luca/topic-highlight/exam_ws/install/pal_robotiq_description/share/ament_index/resource_index/packages/pal_robotiq_description
[1.200s] -- Installing: /home/luca/topic-highlight/exam_ws/install/pal_robotiq_description/share/pal_robotiq_description/cmake/pal_robotiq_descriptionConfig.cmake
[1.200s] -- Installing: /home/luca/topic-highlight/exam_ws/install/pal_robotiq_description/share/pal_robotiq_description/cmake/pal_robotiq_descriptionConfig-version.cmake
[1.200s] -- Installing: /home/luca/topic-highlight/exam_ws/install/pal_robotiq_description/share/pal_robotiq_description/package.xml
[1.227s] Invoked command in '/home/luca/topic-highlight/exam_ws/build/pal_robotiq_description' returned '0': CMAKE_PREFIX_PATH=/opt/ros/humble /usr/bin/cmake --install /home/luca/topic-highlight/exam_ws/build/pal_robotiq_description
