[0.188s] Invoking command in '/home/luca/topic-highlight/exam_ws/build/pmb2_maps': CMAKE_PREFIX_PATH=/opt/ros/humble /usr/bin/cmake /home/luca/topic-highlight/exam_ws/src/pmb2_navigation/pmb2_maps -DCMAKE_INSTALL_PREFIX=/home/luca/topic-highlight/exam_ws/install/pmb2_maps
[0.486s] -- The C compiler identification is GNU 11.4.0
[0.486s] -- The CXX compiler identification is GNU 11.4.0
[0.486s] -- Detecting C compiler ABI info
[0.486s] -- Detecting C compiler ABI info - done
[0.486s] -- Check for working C compiler: /usr/bin/cc - skipped
[0.487s] -- Detecting C compile features
[0.487s] -- Detecting C compile features - done
[0.487s] -- Detecting CXX compiler ABI info
[0.487s] -- Detecting CXX compiler ABI info - done
[0.487s] -- Check for working CXX compiler: /usr/bin/c++ - skipped
[0.487s] -- Detecting CXX compile features
[0.487s] -- Detecting CXX compile features - done
[0.487s] -- Found ament_cmake_auto: 1.3.11 (/opt/ros/humble/share/ament_cmake_auto/cmake)
[0.843s] -- Found Python3: /usr/bin/python3 (found version "3.10.12") found components: Interpreter 
[0.997s] -- Configuring done
[1.000s] -- Generating done
[1.002s] -- Build files have been written to: /home/luca/topic-highlight/exam_ws/build/pmb2_maps
[1.006s] Invoked command in '/home/luca/topic-highlight/exam_ws/build/pmb2_maps' returned '0': CMAKE_PREFIX_PATH=/opt/ros/humble /usr/bin/cmake /home/luca/topic-highlight/exam_ws/src/pmb2_navigation/pmb2_maps -DCMAKE_INSTALL_PREFIX=/home/luca/topic-highlight/exam_ws/install/pmb2_maps
[1.007s] Invoking command in '/home/luca/topic-highlight/exam_ws/build/pmb2_maps': CMAKE_PREFIX_PATH=/opt/ros/humble /usr/bin/cmake --build /home/luca/topic-highlight/exam_ws/build/pmb2_maps -- -j20 -l20
[1.058s] Invoked command in '/home/luca/topic-highlight/exam_ws/build/pmb2_maps' returned '0': CMAKE_PREFIX_PATH=/opt/ros/humble /usr/bin/cmake --build /home/luca/topic-highlight/exam_ws/build/pmb2_maps -- -j20 -l20
[1.058s] Invoking command in '/home/luca/topic-highlight/exam_ws/build/pmb2_maps': CMAKE_PREFIX_PATH=/opt/ros/humble /usr/bin/cmake --install /home/luca/topic-highlight/exam_ws/build/pmb2_maps
[1.065s] -- Install configuration: ""
[1.066s] -- Installing: /home/luca/topic-highlight/exam_ws/install/pmb2_maps/share/pmb2_maps/config
[1.066s] -- Installing: /home/luca/topic-highlight/exam_ws/install/pmb2_maps/share/pmb2_maps/config/mmap.yaml
[1.066s] -- Installing: /home/luca/topic-highlight/exam_ws/install/pmb2_maps/share/pmb2_maps/config/map.pgm
[1.067s] -- Installing: /home/luca/topic-highlight/exam_ws/install/pmb2_maps/share/pmb2_maps/config/map.yaml
[1.068s] -- Installing: /home/luca/topic-highlight/exam_ws/install/pmb2_maps/share/pmb2_maps/configurations
[1.068s] -- Installing: /home/luca/topic-highlight/exam_ws/install/pmb2_maps/share/pmb2_maps/configurations/pal_office
[1.068s] -- Installing: /home/luca/topic-highlight/exam_ws/install/pmb2_maps/share/pmb2_maps/configurations/pal_office/mmap.yaml
[1.068s] -- Installing: /home/luca/topic-highlight/exam_ws/install/pmb2_maps/share/pmb2_maps/configurations/pal_office/map.pgm
[1.068s] -- Installing: /home/luca/topic-highlight/exam_ws/install/pmb2_maps/share/pmb2_maps/configurations/pal_office/map.yaml
[1.068s] -- Installing: /home/luca/topic-highlight/exam_ws/install/pmb2_maps/share/pmb2_maps/configurations/small_office
[1.069s] -- Installing: /home/luca/topic-highlight/exam_ws/install/pmb2_maps/share/pmb2_maps/configurations/small_office/transformation.yaml
[1.069s] -- Installing: /home/luca/topic-highlight/exam_ws/install/pmb2_maps/share/pmb2_maps/configurations/small_office/mmap.yaml
[1.069s] -- Installing: /home/luca/topic-highlight/exam_ws/install/pmb2_maps/share/pmb2_maps/configurations/small_office/map.ot
[1.073s] -- Installing: /home/luca/topic-highlight/exam_ws/install/pmb2_maps/share/pmb2_maps/configurations/small_office/map.bmp
[1.075s] -- Installing: /home/luca/topic-highlight/exam_ws/install/pmb2_maps/share/pmb2_maps/configurations/small_office/map.pgm
[1.075s] -- Installing: /home/luca/topic-highlight/exam_ws/install/pmb2_maps/share/pmb2_maps/configurations/small_office/map.bt
[1.076s] -- Installing: /home/luca/topic-highlight/exam_ws/install/pmb2_maps/share/pmb2_maps/configurations/small_office/map.yaml
[1.076s] -- Installing: /home/luca/topic-highlight/exam_ws/install/pmb2_maps/share/pmb2_maps/configurations/eut_kitchen
[1.076s] -- Installing: /home/luca/topic-highlight/exam_ws/install/pmb2_maps/share/pmb2_maps/configurations/eut_kitchen/map.pgm
[1.076s] -- Installing: /home/luca/topic-highlight/exam_ws/install/pmb2_maps/share/pmb2_maps/configurations/eut_kitchen/map.yaml
[1.078s] -- Installing: /home/luca/topic-highlight/exam_ws/install/pmb2_maps/share/ament_index/resource_index/package_run_dependencies/pmb2_maps
[1.079s] -- Installing: /home/luca/topic-highlight/exam_ws/install/pmb2_maps/share/ament_index/resource_index/parent_prefix_path/pmb2_maps
[1.079s] -- Installing: /home/luca/topic-highlight/exam_ws/install/pmb2_maps/share/pmb2_maps/environment/ament_prefix_path.sh
[1.079s] -- Installing: /home/luca/topic-highlight/exam_ws/install/pmb2_maps/share/pmb2_maps/environment/ament_prefix_path.dsv
[1.081s] -- Installing: /home/luca/topic-highlight/exam_ws/install/pmb2_maps/share/pmb2_maps/environment/path.sh
[1.081s] -- Installing: /home/luca/topic-highlight/exam_ws/install/pmb2_maps/share/pmb2_maps/environment/path.dsv
[1.081s] -- Installing: /home/luca/topic-highlight/exam_ws/install/pmb2_maps/share/pmb2_maps/local_setup.bash
[1.081s] -- Installing: /home/luca/topic-highlight/exam_ws/install/pmb2_maps/share/pmb2_maps/local_setup.sh
[1.083s] -- Installing: /home/luca/topic-highlight/exam_ws/install/pmb2_maps/share/pmb2_maps/local_setup.zsh
[1.084s] -- Installing: /home/luca/topic-highlight/exam_ws/install/pmb2_maps/share/pmb2_maps/local_setup.dsv
[1.084s] -- Installing: /home/luca/topic-highlight/exam_ws/install/pmb2_maps/share/pmb2_maps/package.dsv
[1.084s] -- Installing: /home/luca/topic-highlight/exam_ws/install/pmb2_maps/share/ament_index/resource_index/packages/pmb2_maps
[1.084s] -- Installing: /home/luca/topic-highlight/exam_ws/install/pmb2_maps/share/pmb2_maps/cmake/pmb2_mapsConfig.cmake
[1.085s] -- Installing: /home/luca/topic-highlight/exam_ws/install/pmb2_maps/share/pmb2_maps/cmake/pmb2_mapsConfig-version.cmake
[1.085s] -- Installing: /home/luca/topic-highlight/exam_ws/install/pmb2_maps/share/pmb2_maps/package.xml
[1.103s] Invoked command in '/home/luca/topic-highlight/exam_ws/build/pmb2_maps' returned '0': CMAKE_PREFIX_PATH=/opt/ros/humble /usr/bin/cmake --install /home/luca/topic-highlight/exam_ws/build/pmb2_maps
