[0.009s] Invoking command in '/home/luca/topic-highlight/exam_ws/build/pmb2_robot': AMENT_PREFIX_PATH=/home/luca/topic-highlight/exam_ws/install/pmb2_bringup:/home/luca/topic-highlight/exam_ws/install/pmb2_description:/home/luca/topic-highlight/exam_ws/install/pmb2_controller_configuration:/home/luca/topic-highlight/exam_ws/install/urdf_test:/home/luca/topic-highlight/exam_ws/install/pal_urdf_utils:/home/luca/topic-highlight/exam_ws/install/launch_pal:${AMENT_PREFIX_PATH} CMAKE_PREFIX_PATH=/home/luca/topic-highlight/exam_ws/install/pmb2_bringup:/home/luca/topic-highlight/exam_ws/install/pmb2_description:/home/luca/topic-highlight/exam_ws/install/pmb2_controller_configuration:/home/luca/topic-highlight/exam_ws/install/urdf_test:/home/luca/topic-highlight/exam_ws/install/pal_urdf_utils:/opt/ros/humble PYTHONPATH=/home/luca/topic-highlight/exam_ws/install/pmb2_description/local/lib/python3.10/dist-packages:/home/luca/topic-highlight/exam_ws/install/urdf_test/local/lib/python3.10/dist-packages:/home/luca/topic-highlight/exam_ws/install/launch_pal/lib/python3.10/site-packages:${PYTHONPATH} /usr/bin/cmake /home/luca/topic-highlight/exam_ws/src/pmb2_robot/pmb2_robot -DCMAKE_INSTALL_PREFIX=/home/luca/topic-highlight/exam_ws/install/pmb2_robot
[0.049s] -- The C compiler identification is GNU 11.4.0
[0.091s] -- The CXX compiler identification is GNU 11.4.0
[0.096s] -- Detecting C compiler ABI info
[0.148s] -- Detecting C compiler ABI info - done
[0.154s] -- Check for working C compiler: /usr/bin/cc - skipped
[0.154s] -- Detecting C compile features
[0.155s] -- Detecting C compile features - done
[0.157s] -- Detecting CXX compiler ABI info
[0.220s] -- Detecting CXX compiler ABI info - done
[0.226s] -- Check for working CXX compiler: /usr/bin/c++ - skipped
[0.226s] -- Detecting CXX compile features
[0.227s] -- Detecting CXX compile features - done
[0.229s] -- Found ament_cmake: 1.3.11 (/opt/ros/humble/share/ament_cmake/cmake)
[0.538s] -- Found Python3: /usr/bin/python3 (found version "3.10.12") found components: Interpreter 
[0.660s] -- Configuring done
[0.661s] -- Generating done
[0.662s] -- Build files have been written to: /home/luca/topic-highlight/exam_ws/build/pmb2_robot
[0.666s] Invoked command in '/home/luca/topic-highlight/exam_ws/build/pmb2_robot' returned '0': AMENT_PREFIX_PATH=/home/luca/topic-highlight/exam_ws/install/pmb2_bringup:/home/luca/topic-highlight/exam_ws/install/pmb2_description:/home/luca/topic-highlight/exam_ws/install/pmb2_controller_configuration:/home/luca/topic-highlight/exam_ws/install/urdf_test:/home/luca/topic-highlight/exam_ws/install/pal_urdf_utils:/home/luca/topic-highlight/exam_ws/install/launch_pal:${AMENT_PREFIX_PATH} CMAKE_PREFIX_PATH=/home/luca/topic-highlight/exam_ws/install/pmb2_bringup:/home/luca/topic-highlight/exam_ws/install/pmb2_description:/home/luca/topic-highlight/exam_ws/install/pmb2_controller_configuration:/home/luca/topic-highlight/exam_ws/install/urdf_test:/home/luca/topic-highlight/exam_ws/install/pal_urdf_utils:/opt/ros/humble PYTHONPATH=/home/luca/topic-highlight/exam_ws/install/pmb2_description/local/lib/python3.10/dist-packages:/home/luca/topic-highlight/exam_ws/install/urdf_test/local/lib/python3.10/dist-packages:/home/luca/topic-highlight/exam_ws/install/launch_pal/lib/python3.10/site-packages:${PYTHONPATH} /usr/bin/cmake /home/luca/topic-highlight/exam_ws/src/pmb2_robot/pmb2_robot -DCMAKE_INSTALL_PREFIX=/home/luca/topic-highlight/exam_ws/install/pmb2_robot
[0.666s] Invoking command in '/home/luca/topic-highlight/exam_ws/build/pmb2_robot': AMENT_PREFIX_PATH=/home/luca/topic-highlight/exam_ws/install/pmb2_bringup:/home/luca/topic-highlight/exam_ws/install/pmb2_description:/home/luca/topic-highlight/exam_ws/install/pmb2_controller_configuration:/home/luca/topic-highlight/exam_ws/install/urdf_test:/home/luca/topic-highlight/exam_ws/install/pal_urdf_utils:/home/luca/topic-highlight/exam_ws/install/launch_pal:${AMENT_PREFIX_PATH} CMAKE_PREFIX_PATH=/home/luca/topic-highlight/exam_ws/install/pmb2_bringup:/home/luca/topic-highlight/exam_ws/install/pmb2_description:/home/luca/topic-highlight/exam_ws/install/pmb2_controller_configuration:/home/luca/topic-highlight/exam_ws/install/urdf_test:/home/luca/topic-highlight/exam_ws/install/pal_urdf_utils:/opt/ros/humble PYTHONPATH=/home/luca/topic-highlight/exam_ws/install/pmb2_description/local/lib/python3.10/dist-packages:/home/luca/topic-highlight/exam_ws/install/urdf_test/local/lib/python3.10/dist-packages:/home/luca/topic-highlight/exam_ws/install/launch_pal/lib/python3.10/site-packages:${PYTHONPATH} /usr/bin/cmake --build /home/luca/topic-highlight/exam_ws/build/pmb2_robot -- -j20 -l20
[0.693s] Invoked command in '/home/luca/topic-highlight/exam_ws/build/pmb2_robot' returned '0': AMENT_PREFIX_PATH=/home/luca/topic-highlight/exam_ws/install/pmb2_bringup:/home/luca/topic-highlight/exam_ws/install/pmb2_description:/home/luca/topic-highlight/exam_ws/install/pmb2_controller_configuration:/home/luca/topic-highlight/exam_ws/install/urdf_test:/home/luca/topic-highlight/exam_ws/install/pal_urdf_utils:/home/luca/topic-highlight/exam_ws/install/launch_pal:${AMENT_PREFIX_PATH} CMAKE_PREFIX_PATH=/home/luca/topic-highlight/exam_ws/install/pmb2_bringup:/home/luca/topic-highlight/exam_ws/install/pmb2_description:/home/luca/topic-highlight/exam_ws/install/pmb2_controller_configuration:/home/luca/topic-highlight/exam_ws/install/urdf_test:/home/luca/topic-highlight/exam_ws/install/pal_urdf_utils:/opt/ros/humble PYTHONPATH=/home/luca/topic-highlight/exam_ws/install/pmb2_description/local/lib/python3.10/dist-packages:/home/luca/topic-highlight/exam_ws/install/urdf_test/local/lib/python3.10/dist-packages:/home/luca/topic-highlight/exam_ws/install/launch_pal/lib/python3.10/site-packages:${PYTHONPATH} /usr/bin/cmake --build /home/luca/topic-highlight/exam_ws/build/pmb2_robot -- -j20 -l20
[0.695s] Invoking command in '/home/luca/topic-highlight/exam_ws/build/pmb2_robot': AMENT_PREFIX_PATH=/home/luca/topic-highlight/exam_ws/install/pmb2_bringup:/home/luca/topic-highlight/exam_ws/install/pmb2_description:/home/luca/topic-highlight/exam_ws/install/pmb2_controller_configuration:/home/luca/topic-highlight/exam_ws/install/urdf_test:/home/luca/topic-highlight/exam_ws/install/pal_urdf_utils:/home/luca/topic-highlight/exam_ws/install/launch_pal:${AMENT_PREFIX_PATH} CMAKE_PREFIX_PATH=/home/luca/topic-highlight/exam_ws/install/pmb2_bringup:/home/luca/topic-highlight/exam_ws/install/pmb2_description:/home/luca/topic-highlight/exam_ws/install/pmb2_controller_configuration:/home/luca/topic-highlight/exam_ws/install/urdf_test:/home/luca/topic-highlight/exam_ws/install/pal_urdf_utils:/opt/ros/humble PYTHONPATH=/home/luca/topic-highlight/exam_ws/install/pmb2_description/local/lib/python3.10/dist-packages:/home/luca/topic-highlight/exam_ws/install/urdf_test/local/lib/python3.10/dist-packages:/home/luca/topic-highlight/exam_ws/install/launch_pal/lib/python3.10/site-packages:${PYTHONPATH} /usr/bin/cmake --install /home/luca/topic-highlight/exam_ws/build/pmb2_robot
[0.700s] -- Install configuration: ""
[0.701s] -- Installing: /home/luca/topic-highlight/exam_ws/install/pmb2_robot/share/ament_index/resource_index/package_run_dependencies/pmb2_robot
[0.701s] -- Installing: /home/luca/topic-highlight/exam_ws/install/pmb2_robot/share/ament_index/resource_index/parent_prefix_path/pmb2_robot
[0.701s] -- Installing: /home/luca/topic-highlight/exam_ws/install/pmb2_robot/share/pmb2_robot/environment/ament_prefix_path.sh
[0.701s] -- Installing: /home/luca/topic-highlight/exam_ws/install/pmb2_robot/share/pmb2_robot/environment/ament_prefix_path.dsv
[0.701s] -- Installing: /home/luca/topic-highlight/exam_ws/install/pmb2_robot/share/pmb2_robot/environment/path.sh
[0.701s] -- Installing: /home/luca/topic-highlight/exam_ws/install/pmb2_robot/share/pmb2_robot/environment/path.dsv
[0.701s] -- Installing: /home/luca/topic-highlight/exam_ws/install/pmb2_robot/share/pmb2_robot/local_setup.bash
[0.701s] -- Installing: /home/luca/topic-highlight/exam_ws/install/pmb2_robot/share/pmb2_robot/local_setup.sh
[0.701s] -- Installing: /home/luca/topic-highlight/exam_ws/install/pmb2_robot/share/pmb2_robot/local_setup.zsh
[0.701s] -- Installing: /home/luca/topic-highlight/exam_ws/install/pmb2_robot/share/pmb2_robot/local_setup.dsv
[0.701s] -- Installing: /home/luca/topic-highlight/exam_ws/install/pmb2_robot/share/pmb2_robot/package.dsv
[0.701s] -- Installing: /home/luca/topic-highlight/exam_ws/install/pmb2_robot/share/ament_index/resource_index/packages/pmb2_robot
[0.702s] -- Installing: /home/luca/topic-highlight/exam_ws/install/pmb2_robot/share/pmb2_robot/cmake/pmb2_robotConfig.cmake
[0.702s] -- Installing: /home/luca/topic-highlight/exam_ws/install/pmb2_robot/share/pmb2_robot/cmake/pmb2_robotConfig-version.cmake
[0.702s] -- Installing: /home/luca/topic-highlight/exam_ws/install/pmb2_robot/share/pmb2_robot/package.xml
[0.703s] Invoked command in '/home/luca/topic-highlight/exam_ws/build/pmb2_robot' returned '0': AMENT_PREFIX_PATH=/home/luca/topic-highlight/exam_ws/install/pmb2_bringup:/home/luca/topic-highlight/exam_ws/install/pmb2_description:/home/luca/topic-highlight/exam_ws/install/pmb2_controller_configuration:/home/luca/topic-highlight/exam_ws/install/urdf_test:/home/luca/topic-highlight/exam_ws/install/pal_urdf_utils:/home/luca/topic-highlight/exam_ws/install/launch_pal:${AMENT_PREFIX_PATH} CMAKE_PREFIX_PATH=/home/luca/topic-highlight/exam_ws/install/pmb2_bringup:/home/luca/topic-highlight/exam_ws/install/pmb2_description:/home/luca/topic-highlight/exam_ws/install/pmb2_controller_configuration:/home/luca/topic-highlight/exam_ws/install/urdf_test:/home/luca/topic-highlight/exam_ws/install/pal_urdf_utils:/opt/ros/humble PYTHONPATH=/home/luca/topic-highlight/exam_ws/install/pmb2_description/local/lib/python3.10/dist-packages:/home/luca/topic-highlight/exam_ws/install/urdf_test/local/lib/python3.10/dist-packages:/home/luca/topic-highlight/exam_ws/install/launch_pal/lib/python3.10/site-packages:${PYTHONPATH} /usr/bin/cmake --install /home/luca/topic-highlight/exam_ws/build/pmb2_robot
