[0.011s] Invoking command in '/home/luca/topic-highlight/exam_ws/build/tiago_navigation': AMENT_PREFIX_PATH=/home/luca/topic-highlight/exam_ws/install/tiago_laser_sensors:/home/luca/topic-highlight/exam_ws/install/tiago_2dnav:/home/luca/topic-highlight/exam_ws/install/pmb2_maps:/home/luca/topic-highlight/exam_ws/install/pmb2_laser_sensors:/home/luca/topic-highlight/exam_ws/install/launch_pal:${AMENT_PREFIX_PATH} CMAKE_PREFIX_PATH=/home/luca/topic-highlight/exam_ws/install/tiago_laser_sensors:/home/luca/topic-highlight/exam_ws/install/tiago_2dnav:/home/luca/topic-highlight/exam_ws/install/pmb2_maps:/home/luca/topic-highlight/exam_ws/install/pmb2_laser_sensors:/opt/ros/humble PYTHONPATH=/home/luca/topic-highlight/exam_ws/install/launch_pal/lib/python3.10/site-packages:${PYTHONPATH} /usr/bin/cmake /home/luca/topic-highlight/exam_ws/src/tiago_navigation/tiago_navigation -DCMAKE_INSTALL_PREFIX=/home/luca/topic-highlight/exam_ws/install/tiago_navigation
[0.069s] -- The C compiler identification is GNU 11.4.0
[0.115s] -- The CXX compiler identification is GNU 11.4.0
[0.123s] -- Detecting C compiler ABI info
[0.177s] -- Detecting C compiler ABI info - done
[0.183s] -- Check for working C compiler: /usr/bin/cc - skipped
[0.183s] -- Detecting C compile features
[0.184s] -- Detecting C compile features - done
[0.186s] -- Detecting CXX compiler ABI info
[0.263s] -- Detecting CXX compiler ABI info - done
[0.275s] -- Check for working CXX compiler: /usr/bin/c++ - skipped
[0.275s] -- Detecting CXX compile features
[0.276s] -- Detecting CXX compile features - done
[0.279s] -- Found ament_cmake_auto: 1.3.11 (/opt/ros/humble/share/ament_cmake_auto/cmake)
[0.692s] -- Found Python3: /usr/bin/python3 (found version "3.10.12") found components: Interpreter 
[0.874s] -- Configuring done
[0.876s] -- Generating done
[0.877s] -- Build files have been written to: /home/luca/topic-highlight/exam_ws/build/tiago_navigation
[0.881s] Invoked command in '/home/luca/topic-highlight/exam_ws/build/tiago_navigation' returned '0': AMENT_PREFIX_PATH=/home/luca/topic-highlight/exam_ws/install/tiago_laser_sensors:/home/luca/topic-highlight/exam_ws/install/tiago_2dnav:/home/luca/topic-highlight/exam_ws/install/pmb2_maps:/home/luca/topic-highlight/exam_ws/install/pmb2_laser_sensors:/home/luca/topic-highlight/exam_ws/install/launch_pal:${AMENT_PREFIX_PATH} CMAKE_PREFIX_PATH=/home/luca/topic-highlight/exam_ws/install/tiago_laser_sensors:/home/luca/topic-highlight/exam_ws/install/tiago_2dnav:/home/luca/topic-highlight/exam_ws/install/pmb2_maps:/home/luca/topic-highlight/exam_ws/install/pmb2_laser_sensors:/opt/ros/humble PYTHONPATH=/home/luca/topic-highlight/exam_ws/install/launch_pal/lib/python3.10/site-packages:${PYTHONPATH} /usr/bin/cmake /home/luca/topic-highlight/exam_ws/src/tiago_navigation/tiago_navigation -DCMAKE_INSTALL_PREFIX=/home/luca/topic-highlight/exam_ws/install/tiago_navigation
[0.882s] Invoking command in '/home/luca/topic-highlight/exam_ws/build/tiago_navigation': AMENT_PREFIX_PATH=/home/luca/topic-highlight/exam_ws/install/tiago_laser_sensors:/home/luca/topic-highlight/exam_ws/install/tiago_2dnav:/home/luca/topic-highlight/exam_ws/install/pmb2_maps:/home/luca/topic-highlight/exam_ws/install/pmb2_laser_sensors:/home/luca/topic-highlight/exam_ws/install/launch_pal:${AMENT_PREFIX_PATH} CMAKE_PREFIX_PATH=/home/luca/topic-highlight/exam_ws/install/tiago_laser_sensors:/home/luca/topic-highlight/exam_ws/install/tiago_2dnav:/home/luca/topic-highlight/exam_ws/install/pmb2_maps:/home/luca/topic-highlight/exam_ws/install/pmb2_laser_sensors:/opt/ros/humble PYTHONPATH=/home/luca/topic-highlight/exam_ws/install/launch_pal/lib/python3.10/site-packages:${PYTHONPATH} /usr/bin/cmake --build /home/luca/topic-highlight/exam_ws/build/tiago_navigation -- -j20 -l20
[0.914s] Invoked command in '/home/luca/topic-highlight/exam_ws/build/tiago_navigation' returned '0': AMENT_PREFIX_PATH=/home/luca/topic-highlight/exam_ws/install/tiago_laser_sensors:/home/luca/topic-highlight/exam_ws/install/tiago_2dnav:/home/luca/topic-highlight/exam_ws/install/pmb2_maps:/home/luca/topic-highlight/exam_ws/install/pmb2_laser_sensors:/home/luca/topic-highlight/exam_ws/install/launch_pal:${AMENT_PREFIX_PATH} CMAKE_PREFIX_PATH=/home/luca/topic-highlight/exam_ws/install/tiago_laser_sensors:/home/luca/topic-highlight/exam_ws/install/tiago_2dnav:/home/luca/topic-highlight/exam_ws/install/pmb2_maps:/home/luca/topic-highlight/exam_ws/install/pmb2_laser_sensors:/opt/ros/humble PYTHONPATH=/home/luca/topic-highlight/exam_ws/install/launch_pal/lib/python3.10/site-packages:${PYTHONPATH} /usr/bin/cmake --build /home/luca/topic-highlight/exam_ws/build/tiago_navigation -- -j20 -l20
[0.917s] Invoking command in '/home/luca/topic-highlight/exam_ws/build/tiago_navigation': AMENT_PREFIX_PATH=/home/luca/topic-highlight/exam_ws/install/tiago_laser_sensors:/home/luca/topic-highlight/exam_ws/install/tiago_2dnav:/home/luca/topic-highlight/exam_ws/install/pmb2_maps:/home/luca/topic-highlight/exam_ws/install/pmb2_laser_sensors:/home/luca/topic-highlight/exam_ws/install/launch_pal:${AMENT_PREFIX_PATH} CMAKE_PREFIX_PATH=/home/luca/topic-highlight/exam_ws/install/tiago_laser_sensors:/home/luca/topic-highlight/exam_ws/install/tiago_2dnav:/home/luca/topic-highlight/exam_ws/install/pmb2_maps:/home/luca/topic-highlight/exam_ws/install/pmb2_laser_sensors:/opt/ros/humble PYTHONPATH=/home/luca/topic-highlight/exam_ws/install/launch_pal/lib/python3.10/site-packages:${PYTHONPATH} /usr/bin/cmake --install /home/luca/topic-highlight/exam_ws/build/tiago_navigation
[0.925s] -- Install configuration: ""
[0.926s] -- Installing: /home/luca/topic-highlight/exam_ws/install/tiago_navigation/share/ament_index/resource_index/package_run_dependencies/tiago_navigation
[0.926s] -- Installing: /home/luca/topic-highlight/exam_ws/install/tiago_navigation/share/ament_index/resource_index/parent_prefix_path/tiago_navigation
[0.926s] -- Installing: /home/luca/topic-highlight/exam_ws/install/tiago_navigation/share/tiago_navigation/environment/ament_prefix_path.sh
[0.926s] -- Installing: /home/luca/topic-highlight/exam_ws/install/tiago_navigation/share/tiago_navigation/environment/ament_prefix_path.dsv
[0.927s] -- Installing: /home/luca/topic-highlight/exam_ws/install/tiago_navigation/share/tiago_navigation/environment/path.sh
[0.927s] -- Installing: /home/luca/topic-highlight/exam_ws/install/tiago_navigation/share/tiago_navigation/environment/path.dsv
[0.927s] -- Installing: /home/luca/topic-highlight/exam_ws/install/tiago_navigation/share/tiago_navigation/local_setup.bash
[0.927s] -- Installing: /home/luca/topic-highlight/exam_ws/install/tiago_navigation/share/tiago_navigation/local_setup.sh
[0.927s] -- Installing: /home/luca/topic-highlight/exam_ws/install/tiago_navigation/share/tiago_navigation/local_setup.zsh
[0.927s] -- Installing: /home/luca/topic-highlight/exam_ws/install/tiago_navigation/share/tiago_navigation/local_setup.dsv
[0.927s] -- Installing: /home/luca/topic-highlight/exam_ws/install/tiago_navigation/share/tiago_navigation/package.dsv
[0.927s] -- Installing: /home/luca/topic-highlight/exam_ws/install/tiago_navigation/share/ament_index/resource_index/packages/tiago_navigation
[0.927s] -- Installing: /home/luca/topic-highlight/exam_ws/install/tiago_navigation/share/tiago_navigation/cmake/tiago_navigationConfig.cmake
[0.927s] -- Installing: /home/luca/topic-highlight/exam_ws/install/tiago_navigation/share/tiago_navigation/cmake/tiago_navigationConfig-version.cmake
[0.928s] -- Installing: /home/luca/topic-highlight/exam_ws/install/tiago_navigation/share/tiago_navigation/package.xml
[0.930s] Invoked command in '/home/luca/topic-highlight/exam_ws/build/tiago_navigation' returned '0': AMENT_PREFIX_PATH=/home/luca/topic-highlight/exam_ws/install/tiago_laser_sensors:/home/luca/topic-highlight/exam_ws/install/tiago_2dnav:/home/luca/topic-highlight/exam_ws/install/pmb2_maps:/home/luca/topic-highlight/exam_ws/install/pmb2_laser_sensors:/home/luca/topic-highlight/exam_ws/install/launch_pal:${AMENT_PREFIX_PATH} CMAKE_PREFIX_PATH=/home/luca/topic-highlight/exam_ws/install/tiago_laser_sensors:/home/luca/topic-highlight/exam_ws/install/tiago_2dnav:/home/luca/topic-highlight/exam_ws/install/pmb2_maps:/home/luca/topic-highlight/exam_ws/install/pmb2_laser_sensors:/opt/ros/humble PYTHONPATH=/home/luca/topic-highlight/exam_ws/install/launch_pal/lib/python3.10/site-packages:${PYTHONPATH} /usr/bin/cmake --install /home/luca/topic-highlight/exam_ws/build/tiago_navigation
