[0.013s] Invoking command in '/home/luca/topic-highlight/exam_ws/build/pmb2_bringup': AMENT_PREFIX_PATH=/home/luca/topic-highlight/exam_ws/install/pmb2_description:/home/luca/topic-highlight/exam_ws/install/pmb2_controller_configuration:/home/luca/topic-highlight/exam_ws/install/urdf_test:/home/luca/topic-highlight/exam_ws/install/pal_urdf_utils:/home/luca/topic-highlight/exam_ws/install/launch_pal:${AMENT_PREFIX_PATH} CMAKE_PREFIX_PATH=/home/luca/topic-highlight/exam_ws/install/pmb2_description:/home/luca/topic-highlight/exam_ws/install/pmb2_controller_configuration:/home/luca/topic-highlight/exam_ws/install/urdf_test:/home/luca/topic-highlight/exam_ws/install/pal_urdf_utils:/opt/ros/humble PYTHONPATH=/home/luca/topic-highlight/exam_ws/install/pmb2_description/local/lib/python3.10/dist-packages:/home/luca/topic-highlight/exam_ws/install/urdf_test/local/lib/python3.10/dist-packages:/home/luca/topic-highlight/exam_ws/install/launch_pal/lib/python3.10/site-packages:${PYTHONPATH} /usr/bin/cmake /home/luca/topic-highlight/exam_ws/src/pmb2_robot/pmb2_bringup -DCMAKE_INSTALL_PREFIX=/home/luca/topic-highlight/exam_ws/install/pmb2_bringup
[0.051s] -- The C compiler identification is GNU 11.4.0
[0.092s] -- The CXX compiler identification is GNU 11.4.0
[0.098s] -- Detecting C compiler ABI info
[0.154s] -- Detecting C compiler ABI info - done
[0.159s] -- Check for working C compiler: /usr/bin/cc - skipped
[0.160s] -- Detecting C compile features
[0.160s] -- Detecting C compile features - done
[0.162s] -- Detecting CXX compiler ABI info
[0.220s] -- Detecting CXX compiler ABI info - done
[0.226s] -- Check for working CXX compiler: /usr/bin/c++ - skipped
[0.226s] -- Detecting CXX compile features
[0.226s] -- Detecting CXX compile features - done
[0.228s] -- Found ament_cmake_auto: 1.3.11 (/opt/ros/humble/share/ament_cmake_auto/cmake)
[0.514s] -- Found Python3: /usr/bin/python3 (found version "3.10.12") found components: Interpreter 
[0.639s] -- Found ament_lint_auto: 0.12.11 (/opt/ros/humble/share/ament_lint_auto/cmake)
[0.657s] -- Added test 'copyright' to check source files copyright and LICENSE
[0.668s] -- Added test 'flake8' to check Python code syntax and style conventions
[0.669s] -- Added test 'lint_cmake' to check CMake code style
[0.669s] -- Added test 'pep257' to check Python code against some of the docstring style conventions in PEP 257
[0.670s] -- Added test 'xmllint' to check XML markup files
[0.671s] -- Configuring done
[0.672s] -- Generating done
[0.673s] -- Build files have been written to: /home/luca/topic-highlight/exam_ws/build/pmb2_bringup
[0.677s] Invoked command in '/home/luca/topic-highlight/exam_ws/build/pmb2_bringup' returned '0': AMENT_PREFIX_PATH=/home/luca/topic-highlight/exam_ws/install/pmb2_description:/home/luca/topic-highlight/exam_ws/install/pmb2_controller_configuration:/home/luca/topic-highlight/exam_ws/install/urdf_test:/home/luca/topic-highlight/exam_ws/install/pal_urdf_utils:/home/luca/topic-highlight/exam_ws/install/launch_pal:${AMENT_PREFIX_PATH} CMAKE_PREFIX_PATH=/home/luca/topic-highlight/exam_ws/install/pmb2_description:/home/luca/topic-highlight/exam_ws/install/pmb2_controller_configuration:/home/luca/topic-highlight/exam_ws/install/urdf_test:/home/luca/topic-highlight/exam_ws/install/pal_urdf_utils:/opt/ros/humble PYTHONPATH=/home/luca/topic-highlight/exam_ws/install/pmb2_description/local/lib/python3.10/dist-packages:/home/luca/topic-highlight/exam_ws/install/urdf_test/local/lib/python3.10/dist-packages:/home/luca/topic-highlight/exam_ws/install/launch_pal/lib/python3.10/site-packages:${PYTHONPATH} /usr/bin/cmake /home/luca/topic-highlight/exam_ws/src/pmb2_robot/pmb2_bringup -DCMAKE_INSTALL_PREFIX=/home/luca/topic-highlight/exam_ws/install/pmb2_bringup
[0.678s] Invoking command in '/home/luca/topic-highlight/exam_ws/build/pmb2_bringup': AMENT_PREFIX_PATH=/home/luca/topic-highlight/exam_ws/install/pmb2_description:/home/luca/topic-highlight/exam_ws/install/pmb2_controller_configuration:/home/luca/topic-highlight/exam_ws/install/urdf_test:/home/luca/topic-highlight/exam_ws/install/pal_urdf_utils:/home/luca/topic-highlight/exam_ws/install/launch_pal:${AMENT_PREFIX_PATH} CMAKE_PREFIX_PATH=/home/luca/topic-highlight/exam_ws/install/pmb2_description:/home/luca/topic-highlight/exam_ws/install/pmb2_controller_configuration:/home/luca/topic-highlight/exam_ws/install/urdf_test:/home/luca/topic-highlight/exam_ws/install/pal_urdf_utils:/opt/ros/humble PYTHONPATH=/home/luca/topic-highlight/exam_ws/install/pmb2_description/local/lib/python3.10/dist-packages:/home/luca/topic-highlight/exam_ws/install/urdf_test/local/lib/python3.10/dist-packages:/home/luca/topic-highlight/exam_ws/install/launch_pal/lib/python3.10/site-packages:${PYTHONPATH} /usr/bin/cmake --build /home/luca/topic-highlight/exam_ws/build/pmb2_bringup -- -j20 -l20
[0.705s] Invoked command in '/home/luca/topic-highlight/exam_ws/build/pmb2_bringup' returned '0': AMENT_PREFIX_PATH=/home/luca/topic-highlight/exam_ws/install/pmb2_description:/home/luca/topic-highlight/exam_ws/install/pmb2_controller_configuration:/home/luca/topic-highlight/exam_ws/install/urdf_test:/home/luca/topic-highlight/exam_ws/install/pal_urdf_utils:/home/luca/topic-highlight/exam_ws/install/launch_pal:${AMENT_PREFIX_PATH} CMAKE_PREFIX_PATH=/home/luca/topic-highlight/exam_ws/install/pmb2_description:/home/luca/topic-highlight/exam_ws/install/pmb2_controller_configuration:/home/luca/topic-highlight/exam_ws/install/urdf_test:/home/luca/topic-highlight/exam_ws/install/pal_urdf_utils:/opt/ros/humble PYTHONPATH=/home/luca/topic-highlight/exam_ws/install/pmb2_description/local/lib/python3.10/dist-packages:/home/luca/topic-highlight/exam_ws/install/urdf_test/local/lib/python3.10/dist-packages:/home/luca/topic-highlight/exam_ws/install/launch_pal/lib/python3.10/site-packages:${PYTHONPATH} /usr/bin/cmake --build /home/luca/topic-highlight/exam_ws/build/pmb2_bringup -- -j20 -l20
[0.706s] Invoking command in '/home/luca/topic-highlight/exam_ws/build/pmb2_bringup': AMENT_PREFIX_PATH=/home/luca/topic-highlight/exam_ws/install/pmb2_description:/home/luca/topic-highlight/exam_ws/install/pmb2_controller_configuration:/home/luca/topic-highlight/exam_ws/install/urdf_test:/home/luca/topic-highlight/exam_ws/install/pal_urdf_utils:/home/luca/topic-highlight/exam_ws/install/launch_pal:${AMENT_PREFIX_PATH} CMAKE_PREFIX_PATH=/home/luca/topic-highlight/exam_ws/install/pmb2_description:/home/luca/topic-highlight/exam_ws/install/pmb2_controller_configuration:/home/luca/topic-highlight/exam_ws/install/urdf_test:/home/luca/topic-highlight/exam_ws/install/pal_urdf_utils:/opt/ros/humble PYTHONPATH=/home/luca/topic-highlight/exam_ws/install/pmb2_description/local/lib/python3.10/dist-packages:/home/luca/topic-highlight/exam_ws/install/urdf_test/local/lib/python3.10/dist-packages:/home/luca/topic-highlight/exam_ws/install/launch_pal/lib/python3.10/site-packages:${PYTHONPATH} /usr/bin/cmake --install /home/luca/topic-highlight/exam_ws/build/pmb2_bringup
[0.712s] -- Install configuration: ""
[0.712s] -- Installing: /home/luca/topic-highlight/exam_ws/install/pmb2_bringup/share/pmb2_bringup/config
[0.712s] -- Installing: /home/luca/topic-highlight/exam_ws/install/pmb2_bringup/share/pmb2_bringup/config/twist_mux
[0.712s] -- Installing: /home/luca/topic-highlight/exam_ws/install/pmb2_bringup/share/pmb2_bringup/config/twist_mux/twist_mux_topics.yaml
[0.712s] -- Installing: /home/luca/topic-highlight/exam_ws/install/pmb2_bringup/share/pmb2_bringup/config/twist_mux/joystick.yaml
[0.712s] -- Installing: /home/luca/topic-highlight/exam_ws/install/pmb2_bringup/share/pmb2_bringup/config/twist_mux/twist_mux_locks.yaml
[0.713s] -- Installing: /home/luca/topic-highlight/exam_ws/install/pmb2_bringup/share/pmb2_bringup/config/joy_teleop.yaml
[0.713s] -- Installing: /home/luca/topic-highlight/exam_ws/install/pmb2_bringup/share/pmb2_bringup/config/joy_config.yaml
[0.713s] -- Installing: /home/luca/topic-highlight/exam_ws/install/pmb2_bringup/share/pmb2_bringup/launch
[0.713s] -- Installing: /home/luca/topic-highlight/exam_ws/install/pmb2_bringup/share/pmb2_bringup/launch/twist_mux.launch.py
[0.713s] -- Installing: /home/luca/topic-highlight/exam_ws/install/pmb2_bringup/share/pmb2_bringup/launch/pmb2_bringup.launch.py
[0.713s] -- Installing: /home/luca/topic-highlight/exam_ws/install/pmb2_bringup/share/pmb2_bringup/launch/joystick_teleop.launch.py
[0.714s] -- Installing: /home/luca/topic-highlight/exam_ws/install/pmb2_bringup/share/ament_index/resource_index/package_run_dependencies/pmb2_bringup
[0.714s] -- Installing: /home/luca/topic-highlight/exam_ws/install/pmb2_bringup/share/ament_index/resource_index/parent_prefix_path/pmb2_bringup
[0.714s] -- Installing: /home/luca/topic-highlight/exam_ws/install/pmb2_bringup/share/pmb2_bringup/environment/ament_prefix_path.sh
[0.714s] -- Installing: /home/luca/topic-highlight/exam_ws/install/pmb2_bringup/share/pmb2_bringup/environment/ament_prefix_path.dsv
[0.714s] -- Installing: /home/luca/topic-highlight/exam_ws/install/pmb2_bringup/share/pmb2_bringup/environment/path.sh
[0.714s] -- Installing: /home/luca/topic-highlight/exam_ws/install/pmb2_bringup/share/pmb2_bringup/environment/path.dsv
[0.714s] -- Installing: /home/luca/topic-highlight/exam_ws/install/pmb2_bringup/share/pmb2_bringup/local_setup.bash
[0.714s] -- Installing: /home/luca/topic-highlight/exam_ws/install/pmb2_bringup/share/pmb2_bringup/local_setup.sh
[0.714s] -- Installing: /home/luca/topic-highlight/exam_ws/install/pmb2_bringup/share/pmb2_bringup/local_setup.zsh
[0.714s] -- Installing: /home/luca/topic-highlight/exam_ws/install/pmb2_bringup/share/pmb2_bringup/local_setup.dsv
[0.714s] -- Installing: /home/luca/topic-highlight/exam_ws/install/pmb2_bringup/share/pmb2_bringup/package.dsv
[0.714s] -- Installing: /home/luca/topic-highlight/exam_ws/install/pmb2_bringup/share/ament_index/resource_index/packages/pmb2_bringup
[0.714s] -- Installing: /home/luca/topic-highlight/exam_ws/install/pmb2_bringup/share/pmb2_bringup/cmake/pmb2_bringupConfig.cmake
[0.714s] -- Installing: /home/luca/topic-highlight/exam_ws/install/pmb2_bringup/share/pmb2_bringup/cmake/pmb2_bringupConfig-version.cmake
[0.714s] -- Installing: /home/luca/topic-highlight/exam_ws/install/pmb2_bringup/share/pmb2_bringup/package.xml
[0.716s] Invoked command in '/home/luca/topic-highlight/exam_ws/build/pmb2_bringup' returned '0': AMENT_PREFIX_PATH=/home/luca/topic-highlight/exam_ws/install/pmb2_description:/home/luca/topic-highlight/exam_ws/install/pmb2_controller_configuration:/home/luca/topic-highlight/exam_ws/install/urdf_test:/home/luca/topic-highlight/exam_ws/install/pal_urdf_utils:/home/luca/topic-highlight/exam_ws/install/launch_pal:${AMENT_PREFIX_PATH} CMAKE_PREFIX_PATH=/home/luca/topic-highlight/exam_ws/install/pmb2_description:/home/luca/topic-highlight/exam_ws/install/pmb2_controller_configuration:/home/luca/topic-highlight/exam_ws/install/urdf_test:/home/luca/topic-highlight/exam_ws/install/pal_urdf_utils:/opt/ros/humble PYTHONPATH=/home/luca/topic-highlight/exam_ws/install/pmb2_description/local/lib/python3.10/dist-packages:/home/luca/topic-highlight/exam_ws/install/urdf_test/local/lib/python3.10/dist-packages:/home/luca/topic-highlight/exam_ws/install/launch_pal/lib/python3.10/site-packages:${PYTHONPATH} /usr/bin/cmake --install /home/luca/topic-highlight/exam_ws/build/pmb2_bringup
