[0.030s] Invoking command in '/home/luca/topic-highlight/exam_ws/build/pmb2_description': AMENT_PREFIX_PATH=/home/luca/topic-highlight/exam_ws/install/pmb2_controller_configuration:/home/luca/topic-highlight/exam_ws/install/urdf_test:/home/luca/topic-highlight/exam_ws/install/pal_urdf_utils:/home/luca/topic-highlight/exam_ws/install/launch_pal:${AMENT_PREFIX_PATH} CMAKE_PREFIX_PATH=/home/luca/topic-highlight/exam_ws/install/pmb2_controller_configuration:/home/luca/topic-highlight/exam_ws/install/urdf_test:/home/luca/topic-highlight/exam_ws/install/pal_urdf_utils:/opt/ros/humble PYTHONPATH=/home/luca/topic-highlight/exam_ws/install/urdf_test/local/lib/python3.10/dist-packages:/home/luca/topic-highlight/exam_ws/install/launch_pal/lib/python3.10/site-packages:${PYTHONPATH} /usr/bin/cmake /home/luca/topic-highlight/exam_ws/src/pmb2_robot/pmb2_description -DCMAKE_INSTALL_PREFIX=/home/luca/topic-highlight/exam_ws/install/pmb2_description
[0.083s] -- The C compiler identification is GNU 11.4.0
[0.130s] -- The CXX compiler identification is GNU 11.4.0
[0.138s] -- Detecting C compiler ABI info
[0.192s] -- Detecting C compiler ABI info - done
[0.197s] -- Check for working C compiler: /usr/bin/cc - skipped
[0.197s] -- Detecting C compile features
[0.198s] -- Detecting C compile features - done
[0.203s] -- Detecting CXX compiler ABI info
[0.269s] -- Detecting CXX compiler ABI info - done
[0.276s] -- Check for working CXX compiler: /usr/bin/c++ - skipped
[0.276s] -- Detecting CXX compile features
[0.276s] -- Detecting CXX compile features - done
[0.278s] -- Found ament_cmake_auto: 1.3.11 (/opt/ros/humble/share/ament_cmake_auto/cmake)
[0.695s] -- Found Python3: /usr/bin/python3 (found version "3.10.12") found components: Interpreter 
[0.860s] -- Found ament_lint_auto: 0.12.11 (/opt/ros/humble/share/ament_lint_auto/cmake)
[0.894s] -- Found python_cmake_module: 0.10.0 (/opt/ros/humble/share/python_cmake_module/cmake)
[0.919s] -- Found PythonInterp: /usr/bin/python3 (found suitable version "3.10.12", minimum required is "3.6") 
[0.937s] -- Found PythonLibs: /usr/lib/x86_64-linux-gnu/libpython3.10.so (found suitable version "3.10.12", minimum required is "3.5") 
[0.937s] -- Using PYTHON_EXECUTABLE: /usr/bin/python3
[0.937s] -- Using PYTHON_INCLUDE_DIRS: /usr/include/python3.10
[0.937s] -- Using PYTHON_LIBRARIES: /usr/lib/x86_64-linux-gnu/libpython3.10.so
[0.967s] -- Found PythonExtra: .so  
[0.998s] -- Added test 'copyright' to check source files copyright and LICENSE
[1.008s] -- Added test 'flake8' to check Python code syntax and style conventions
[1.009s] -- Added test 'lint_cmake' to check CMake code style
[1.010s] -- Added test 'pep257' to check Python code against some of the docstring style conventions in PEP 257
[1.014s] -- Added test 'xmllint' to check XML markup files
[1.015s] -- Configuring done
[1.017s] -- Generating done
[1.020s] -- Build files have been written to: /home/luca/topic-highlight/exam_ws/build/pmb2_description
[1.032s] Invoked command in '/home/luca/topic-highlight/exam_ws/build/pmb2_description' returned '0': AMENT_PREFIX_PATH=/home/luca/topic-highlight/exam_ws/install/pmb2_controller_configuration:/home/luca/topic-highlight/exam_ws/install/urdf_test:/home/luca/topic-highlight/exam_ws/install/pal_urdf_utils:/home/luca/topic-highlight/exam_ws/install/launch_pal:${AMENT_PREFIX_PATH} CMAKE_PREFIX_PATH=/home/luca/topic-highlight/exam_ws/install/pmb2_controller_configuration:/home/luca/topic-highlight/exam_ws/install/urdf_test:/home/luca/topic-highlight/exam_ws/install/pal_urdf_utils:/opt/ros/humble PYTHONPATH=/home/luca/topic-highlight/exam_ws/install/urdf_test/local/lib/python3.10/dist-packages:/home/luca/topic-highlight/exam_ws/install/launch_pal/lib/python3.10/site-packages:${PYTHONPATH} /usr/bin/cmake /home/luca/topic-highlight/exam_ws/src/pmb2_robot/pmb2_description -DCMAKE_INSTALL_PREFIX=/home/luca/topic-highlight/exam_ws/install/pmb2_description
[1.034s] Invoking command in '/home/luca/topic-highlight/exam_ws/build/pmb2_description': AMENT_PREFIX_PATH=/home/luca/topic-highlight/exam_ws/install/pmb2_controller_configuration:/home/luca/topic-highlight/exam_ws/install/urdf_test:/home/luca/topic-highlight/exam_ws/install/pal_urdf_utils:/home/luca/topic-highlight/exam_ws/install/launch_pal:${AMENT_PREFIX_PATH} CMAKE_PREFIX_PATH=/home/luca/topic-highlight/exam_ws/install/pmb2_controller_configuration:/home/luca/topic-highlight/exam_ws/install/urdf_test:/home/luca/topic-highlight/exam_ws/install/pal_urdf_utils:/opt/ros/humble PYTHONPATH=/home/luca/topic-highlight/exam_ws/install/urdf_test/local/lib/python3.10/dist-packages:/home/luca/topic-highlight/exam_ws/install/launch_pal/lib/python3.10/site-packages:${PYTHONPATH} /usr/bin/cmake --build /home/luca/topic-highlight/exam_ws/build/pmb2_description -- -j20 -l20
[1.087s] Built target ament_cmake_python_copy_pmb2_description
[1.338s] running egg_info
[1.352s] creating pmb2_description.egg-info
[1.352s] writing pmb2_description.egg-info/PKG-INFO
[1.352s] writing dependency_links to pmb2_description.egg-info/dependency_links.txt
[1.352s] writing top-level names to pmb2_description.egg-info/top_level.txt
[1.352s] writing manifest file 'pmb2_description.egg-info/SOURCES.txt'
[1.389s] reading manifest file 'pmb2_description.egg-info/SOURCES.txt'
[1.390s] writing manifest file 'pmb2_description.egg-info/SOURCES.txt'
[1.416s] Built target ament_cmake_python_build_pmb2_description_egg
[1.429s] Invoked command in '/home/luca/topic-highlight/exam_ws/build/pmb2_description' returned '0': AMENT_PREFIX_PATH=/home/luca/topic-highlight/exam_ws/install/pmb2_controller_configuration:/home/luca/topic-highlight/exam_ws/install/urdf_test:/home/luca/topic-highlight/exam_ws/install/pal_urdf_utils:/home/luca/topic-highlight/exam_ws/install/launch_pal:${AMENT_PREFIX_PATH} CMAKE_PREFIX_PATH=/home/luca/topic-highlight/exam_ws/install/pmb2_controller_configuration:/home/luca/topic-highlight/exam_ws/install/urdf_test:/home/luca/topic-highlight/exam_ws/install/pal_urdf_utils:/opt/ros/humble PYTHONPATH=/home/luca/topic-highlight/exam_ws/install/urdf_test/local/lib/python3.10/dist-packages:/home/luca/topic-highlight/exam_ws/install/launch_pal/lib/python3.10/site-packages:${PYTHONPATH} /usr/bin/cmake --build /home/luca/topic-highlight/exam_ws/build/pmb2_description -- -j20 -l20
[1.431s] Invoking command in '/home/luca/topic-highlight/exam_ws/build/pmb2_description': AMENT_PREFIX_PATH=/home/luca/topic-highlight/exam_ws/install/pmb2_controller_configuration:/home/luca/topic-highlight/exam_ws/install/urdf_test:/home/luca/topic-highlight/exam_ws/install/pal_urdf_utils:/home/luca/topic-highlight/exam_ws/install/launch_pal:${AMENT_PREFIX_PATH} CMAKE_PREFIX_PATH=/home/luca/topic-highlight/exam_ws/install/pmb2_controller_configuration:/home/luca/topic-highlight/exam_ws/install/urdf_test:/home/luca/topic-highlight/exam_ws/install/pal_urdf_utils:/opt/ros/humble PYTHONPATH=/home/luca/topic-highlight/exam_ws/install/urdf_test/local/lib/python3.10/dist-packages:/home/luca/topic-highlight/exam_ws/install/launch_pal/lib/python3.10/site-packages:${PYTHONPATH} /usr/bin/cmake --install /home/luca/topic-highlight/exam_ws/build/pmb2_description
[1.439s] -- Install configuration: ""
[1.439s] -- Installing: /home/luca/topic-highlight/exam_ws/install/pmb2_description/share/pmb2_description/environment/pythonpath.sh
[1.439s] -- Installing: /home/luca/topic-highlight/exam_ws/install/pmb2_description/share/pmb2_description/environment/pythonpath.dsv
[1.439s] -- Installing: /home/luca/topic-highlight/exam_ws/install/pmb2_description/local/lib/python3.10/dist-packages/pmb2_description-5.0.16-py3.10.egg-info
[1.439s] -- Installing: /home/luca/topic-highlight/exam_ws/install/pmb2_description/local/lib/python3.10/dist-packages/pmb2_description-5.0.16-py3.10.egg-info/SOURCES.txt
[1.439s] -- Installing: /home/luca/topic-highlight/exam_ws/install/pmb2_description/local/lib/python3.10/dist-packages/pmb2_description-5.0.16-py3.10.egg-info/PKG-INFO
[1.439s] -- Installing: /home/luca/topic-highlight/exam_ws/install/pmb2_description/local/lib/python3.10/dist-packages/pmb2_description-5.0.16-py3.10.egg-info/dependency_links.txt
[1.440s] -- Installing: /home/luca/topic-highlight/exam_ws/install/pmb2_description/local/lib/python3.10/dist-packages/pmb2_description-5.0.16-py3.10.egg-info/top_level.txt
[1.440s] -- Installing: /home/luca/topic-highlight/exam_ws/install/pmb2_description/local/lib/python3.10/dist-packages/pmb2_description
[1.440s] -- Installing: /home/luca/topic-highlight/exam_ws/install/pmb2_description/local/lib/python3.10/dist-packages/pmb2_description/__init__.py
[1.469s] Listing '/home/luca/topic-highlight/exam_ws/install/pmb2_description/local/lib/python3.10/dist-packages/pmb2_description'...
[1.469s] Compiling '/home/luca/topic-highlight/exam_ws/install/pmb2_description/local/lib/python3.10/dist-packages/pmb2_description/__init__.py'...
[1.473s] -- Installing: /home/luca/topic-highlight/exam_ws/install/pmb2_description/share/pmb2_description/config
[1.473s] -- Installing: /home/luca/topic-highlight/exam_ws/install/pmb2_description/share/pmb2_description/config/joint_limits.yaml
[1.473s] -- Installing: /home/luca/topic-highlight/exam_ws/install/pmb2_description/share/pmb2_description/gazebo
[1.474s] -- Installing: /home/luca/topic-highlight/exam_ws/install/pmb2_description/share/pmb2_description/gazebo/gazebo.urdf.xacro
[1.474s] -- Installing: /home/luca/topic-highlight/exam_ws/install/pmb2_description/share/pmb2_description/launch
[1.474s] -- Installing: /home/luca/topic-highlight/exam_ws/install/pmb2_description/share/pmb2_description/launch/robot_state_publisher.launch.py
[1.474s] -- Installing: /home/luca/topic-highlight/exam_ws/install/pmb2_description/share/pmb2_description/launch/show.launch.py
[1.474s] -- Installing: /home/luca/topic-highlight/exam_ws/install/pmb2_description/share/pmb2_description/Media
[1.474s] -- Installing: /home/luca/topic-highlight/exam_ws/install/pmb2_description/share/pmb2_description/Media/materials
[1.475s] -- Installing: /home/luca/topic-highlight/exam_ws/install/pmb2_description/share/pmb2_description/Media/materials/scripts
[1.475s] -- Installing: /home/luca/topic-highlight/exam_ws/install/pmb2_description/share/pmb2_description/Media/materials/scripts/markers.material
[1.475s] -- Installing: /home/luca/topic-highlight/exam_ws/install/pmb2_description/share/pmb2_description/Media/materials/textures
[1.475s] -- Installing: /home/luca/topic-highlight/exam_ws/install/pmb2_description/share/pmb2_description/Media/materials/textures/pal_logo_2_7cm.jpg
[1.476s] -- Installing: /home/luca/topic-highlight/exam_ws/install/pmb2_description/share/pmb2_description/Media/materials/textures/pal_logo_1_7cm.jpg
[1.476s] -- Installing: /home/luca/topic-highlight/exam_ws/install/pmb2_description/share/pmb2_description/Media/materials/textures/aruco-582_8cm.png
[1.476s] -- Installing: /home/luca/topic-highlight/exam_ws/install/pmb2_description/share/pmb2_description/Media/materials/textures/pal_logo_3_7cm.jpg
[1.476s] -- Installing: /home/luca/topic-highlight/exam_ws/install/pmb2_description/share/pmb2_description/Media/materials/textures/aruco-26_8cm.png
[1.477s] -- Installing: /home/luca/topic-highlight/exam_ws/install/pmb2_description/share/pmb2_description/meshes
[1.477s] -- Installing: /home/luca/topic-highlight/exam_ws/install/pmb2_description/share/pmb2_description/meshes/wheels
[1.477s] -- Installing: /home/luca/topic-highlight/exam_ws/install/pmb2_description/share/pmb2_description/meshes/wheels/caster_1.stl
[1.477s] -- Installing: /home/luca/topic-highlight/exam_ws/install/pmb2_description/share/pmb2_description/meshes/wheels/caster_2.stl
[1.478s] -- Installing: /home/luca/topic-highlight/exam_ws/install/pmb2_description/share/pmb2_description/meshes/wheels/high_resolution
[1.478s] -- Installing: /home/luca/topic-highlight/exam_ws/install/pmb2_description/share/pmb2_description/meshes/wheels/high_resolution/caster_1.stl
[1.478s] -- Installing: /home/luca/topic-highlight/exam_ws/install/pmb2_description/share/pmb2_description/meshes/wheels/high_resolution/caster_2.stl
[1.479s] -- Installing: /home/luca/topic-highlight/exam_ws/install/pmb2_description/share/pmb2_description/meshes/wheels/high_resolution/wheel.stl
[1.480s] -- Installing: /home/luca/topic-highlight/exam_ws/install/pmb2_description/share/pmb2_description/meshes/wheels/wheel.stl
[1.481s] -- Installing: /home/luca/topic-highlight/exam_ws/install/pmb2_description/share/pmb2_description/meshes/objects
[1.481s] -- Installing: /home/luca/topic-highlight/exam_ws/install/pmb2_description/share/pmb2_description/meshes/objects/cover.stl
[1.482s] -- Installing: /home/luca/topic-highlight/exam_ws/install/pmb2_description/share/pmb2_description/meshes/objects/antenna.stl
[1.482s] -- Installing: /home/luca/topic-highlight/exam_ws/install/pmb2_description/share/pmb2_description/meshes/objects/high_resolution
[1.482s] -- Installing: /home/luca/topic-highlight/exam_ws/install/pmb2_description/share/pmb2_description/meshes/objects/high_resolution/cover.stl
[1.483s] -- Installing: /home/luca/topic-highlight/exam_ws/install/pmb2_description/share/pmb2_description/meshes/sensors
[1.483s] -- Installing: /home/luca/topic-highlight/exam_ws/install/pmb2_description/share/pmb2_description/meshes/sensors/hokuyo_urg_04lx_ug01.stl
[1.483s] -- Installing: /home/luca/topic-highlight/exam_ws/install/pmb2_description/share/pmb2_description/meshes/sensors/bumper.stl
[1.483s] -- Installing: /home/luca/topic-highlight/exam_ws/install/pmb2_description/share/pmb2_description/meshes/sensors/srf05.stl
[1.484s] -- Installing: /home/luca/topic-highlight/exam_ws/install/pmb2_description/share/pmb2_description/meshes/sensors/sick_tim551.stl
[1.484s] -- Installing: /home/luca/topic-highlight/exam_ws/install/pmb2_description/share/pmb2_description/meshes/sensors/elp_camera.stl
[1.485s] -- Installing: /home/luca/topic-highlight/exam_ws/install/pmb2_description/share/pmb2_description/meshes/sensors/high_resolution
[1.485s] -- Installing: /home/luca/topic-highlight/exam_ws/install/pmb2_description/share/pmb2_description/meshes/sensors/high_resolution/hokuyo_urg_04lx_ug01.stl
[1.486s] -- Installing: /home/luca/topic-highlight/exam_ws/install/pmb2_description/share/pmb2_description/meshes/sensors/high_resolution/bumper.stl
[1.486s] -- Installing: /home/luca/topic-highlight/exam_ws/install/pmb2_description/share/pmb2_description/meshes/sensors/high_resolution/srf05.stl
[1.487s] -- Installing: /home/luca/topic-highlight/exam_ws/install/pmb2_description/share/pmb2_description/meshes/sensors/high_resolution/sick_tim551.stl
[1.489s] -- Installing: /home/luca/topic-highlight/exam_ws/install/pmb2_description/share/pmb2_description/meshes/sensors/high_resolution/xtion_pro_live.stl
[1.490s] -- Installing: /home/luca/topic-highlight/exam_ws/install/pmb2_description/share/pmb2_description/meshes/sensors/bumper_collision.stl
[1.490s] -- Installing: /home/luca/topic-highlight/exam_ws/install/pmb2_description/share/pmb2_description/meshes/sensors/structure_sensor.stl
[1.491s] -- Installing: /home/luca/topic-highlight/exam_ws/install/pmb2_description/share/pmb2_description/meshes/sensors/xtion_pro_live.dae
[1.491s] -- Installing: /home/luca/topic-highlight/exam_ws/install/pmb2_description/share/pmb2_description/meshes/base
[1.492s] -- Installing: /home/luca/topic-highlight/exam_ws/install/pmb2_description/share/pmb2_description/meshes/base/base_collision.dae
[1.492s] -- Installing: /home/luca/topic-highlight/exam_ws/install/pmb2_description/share/pmb2_description/meshes/base/base_ring.stl
[1.492s] -- Installing: /home/luca/topic-highlight/exam_ws/install/pmb2_description/share/pmb2_description/meshes/base/base.stl
[1.494s] -- Installing: /home/luca/topic-highlight/exam_ws/install/pmb2_description/share/pmb2_description/meshes/base/high_resolution
[1.494s] -- Installing: /home/luca/topic-highlight/exam_ws/install/pmb2_description/share/pmb2_description/meshes/base/high_resolution/base.stl
[1.498s] -- Installing: /home/luca/topic-highlight/exam_ws/install/pmb2_description/share/pmb2_description/meshes/base/high_resolution/base_collision.stl
[1.498s] -- Installing: /home/luca/topic-highlight/exam_ws/install/pmb2_description/share/pmb2_description/meshes/dock
[1.499s] -- Installing: /home/luca/topic-highlight/exam_ws/install/pmb2_description/share/pmb2_description/meshes/dock/dock.stl
[1.499s] -- Installing: /home/luca/topic-highlight/exam_ws/install/pmb2_description/share/pmb2_description/meshes/dock/dock_collision.stl
[1.499s] -- Installing: /home/luca/topic-highlight/exam_ws/install/pmb2_description/share/pmb2_description/meshes/cameras_add_on
[1.499s] -- Installing: /home/luca/topic-highlight/exam_ws/install/pmb2_description/share/pmb2_description/meshes/cameras_add_on/cameras_add_on_collision.stl
[1.499s] -- Installing: /home/luca/topic-highlight/exam_ws/install/pmb2_description/share/pmb2_description/meshes/cameras_add_on/cameras_add_on.stl
[1.500s] -- Installing: /home/luca/topic-highlight/exam_ws/install/pmb2_description/share/pmb2_description/robots
[1.500s] -- Installing: /home/luca/topic-highlight/exam_ws/install/pmb2_description/share/pmb2_description/robots/pmb2.urdf.xacro
[1.500s] -- Installing: /home/luca/topic-highlight/exam_ws/install/pmb2_description/share/pmb2_description/ros2_control
[1.501s] -- Installing: /home/luca/topic-highlight/exam_ws/install/pmb2_description/share/pmb2_description/ros2_control/ros2_control.urdf.xacro
[1.501s] -- Installing: /home/luca/topic-highlight/exam_ws/install/pmb2_description/share/pmb2_description/urdf
[1.501s] -- Installing: /home/luca/topic-highlight/exam_ws/install/pmb2_description/share/pmb2_description/urdf/wheels
[1.501s] -- Installing: /home/luca/topic-highlight/exam_ws/install/pmb2_description/share/pmb2_description/urdf/wheels/caster.gazebo.xacro
[1.501s] -- Installing: /home/luca/topic-highlight/exam_ws/install/pmb2_description/share/pmb2_description/urdf/wheels/caster.urdf.xacro
[1.501s] -- Installing: /home/luca/topic-highlight/exam_ws/install/pmb2_description/share/pmb2_description/urdf/wheels/wheel.ros2_control.xacro
[1.502s] -- Installing: /home/luca/topic-highlight/exam_ws/install/pmb2_description/share/pmb2_description/urdf/wheels/wheel.urdf.xacro
[1.502s] -- Installing: /home/luca/topic-highlight/exam_ws/install/pmb2_description/share/pmb2_description/urdf/wheels/wheel.gazebo.xacro
[1.502s] -- Installing: /home/luca/topic-highlight/exam_ws/install/pmb2_description/share/pmb2_description/urdf/materials.urdf.xacro
[1.502s] -- Installing: /home/luca/topic-highlight/exam_ws/install/pmb2_description/share/pmb2_description/urdf/objects
[1.502s] -- Installing: /home/luca/topic-highlight/exam_ws/install/pmb2_description/share/pmb2_description/urdf/objects/antenna.urdf.xacro
[1.503s] -- Installing: /home/luca/topic-highlight/exam_ws/install/pmb2_description/share/pmb2_description/urdf/objects/cover.urdf.xacro
[1.503s] -- Installing: /home/luca/topic-highlight/exam_ws/install/pmb2_description/share/pmb2_description/urdf/sensors
[1.503s] -- Installing: /home/luca/topic-highlight/exam_ws/install/pmb2_description/share/pmb2_description/urdf/sensors/bumper.urdf.xacro
[1.504s] -- Installing: /home/luca/topic-highlight/exam_ws/install/pmb2_description/share/pmb2_description/urdf/sensors/sick_tim571_laser.urdf.xacro
[1.504s] -- Installing: /home/luca/topic-highlight/exam_ws/install/pmb2_description/share/pmb2_description/urdf/sensors/structure_sensor.gazebo.xacro
[1.504s] -- Installing: /home/luca/topic-highlight/exam_ws/install/pmb2_description/share/pmb2_description/urdf/sensors/sick_tim551_laser.gazebo.xacro
[1.504s] -- Installing: /home/luca/topic-highlight/exam_ws/install/pmb2_description/share/pmb2_description/urdf/sensors/courier.urdf.xacro
[1.504s] -- Installing: /home/luca/topic-highlight/exam_ws/install/pmb2_description/share/pmb2_description/urdf/sensors/sick_tim561_laser.urdf.xacro
[1.504s] -- Installing: /home/luca/topic-highlight/exam_ws/install/pmb2_description/share/pmb2_description/urdf/sensors/sick_tim571_laser.gazebo.xacro
[1.504s] -- Installing: /home/luca/topic-highlight/exam_ws/install/pmb2_description/share/pmb2_description/urdf/sensors/hokuyo_urg_04lx_ug01_laser.urdf.xacro
[1.505s] -- Installing: /home/luca/topic-highlight/exam_ws/install/pmb2_description/share/pmb2_description/urdf/sensors/sensors.ros2_control.xacro
[1.505s] -- Installing: /home/luca/topic-highlight/exam_ws/install/pmb2_description/share/pmb2_description/urdf/sensors/range.gazebo.xacro
[1.505s] -- Installing: /home/luca/topic-highlight/exam_ws/install/pmb2_description/share/pmb2_description/urdf/sensors/hokuyo_urg_04lx_ug01_laser.gazebo.xacro
[1.505s] -- Installing: /home/luca/topic-highlight/exam_ws/install/pmb2_description/share/pmb2_description/urdf/sensors/range.urdf.xacro
[1.506s] -- Installing: /home/luca/topic-highlight/exam_ws/install/pmb2_description/share/pmb2_description/urdf/sensors/structure_sensor.urdf.xacro
[1.506s] -- Installing: /home/luca/topic-highlight/exam_ws/install/pmb2_description/share/pmb2_description/urdf/sensors/sick_tim561_laser.gazebo.xacro
[1.506s] -- Installing: /home/luca/topic-highlight/exam_ws/install/pmb2_description/share/pmb2_description/urdf/sensors/elp_rgb.urdf.xacro
[1.506s] -- Installing: /home/luca/topic-highlight/exam_ws/install/pmb2_description/share/pmb2_description/urdf/sensors/sick_tim551_laser.urdf.xacro
[1.507s] -- Installing: /home/luca/topic-highlight/exam_ws/install/pmb2_description/share/pmb2_description/urdf/sensors/bumper.gazebo.xacro
[1.507s] -- Installing: /home/luca/topic-highlight/exam_ws/install/pmb2_description/share/pmb2_description/urdf/sensors/imu.urdf.xacro
[1.507s] -- Installing: /home/luca/topic-highlight/exam_ws/install/pmb2_description/share/pmb2_description/urdf/sensors/elp_rgb.gazebo.xacro
[1.507s] -- Installing: /home/luca/topic-highlight/exam_ws/install/pmb2_description/share/pmb2_description/urdf/sensors/microphone.urdf.xacro
[1.507s] -- Installing: /home/luca/topic-highlight/exam_ws/install/pmb2_description/share/pmb2_description/urdf/deg_to_rad.xacro
[1.508s] -- Installing: /home/luca/topic-highlight/exam_ws/install/pmb2_description/share/pmb2_description/urdf/base
[1.508s] -- Installing: /home/luca/topic-highlight/exam_ws/install/pmb2_description/share/pmb2_description/urdf/base/base.urdf.xacro
[1.508s] -- Installing: /home/luca/topic-highlight/exam_ws/install/pmb2_description/share/pmb2_description/urdf/base/base_sensors.urdf.xacro
[1.508s] -- Installing: /home/luca/topic-highlight/exam_ws/install/pmb2_description/share/pmb2_description/urdf/base/footprint.yaml
[1.508s] -- Installing: /home/luca/topic-highlight/exam_ws/install/pmb2_description/share/pmb2_description/urdf/dock
[1.509s] -- Installing: /home/luca/topic-highlight/exam_ws/install/pmb2_description/share/pmb2_description/urdf/dock/dock.urdf.xacro
[1.509s] -- Installing: /home/luca/topic-highlight/exam_ws/install/pmb2_description/share/pmb2_description/urdf/cameras_add_on
[1.509s] -- Installing: /home/luca/topic-highlight/exam_ws/install/pmb2_description/share/pmb2_description/urdf/cameras_add_on/cameras_add_on.urdf.xacro
[1.509s] -- Installing: /home/luca/topic-highlight/exam_ws/install/pmb2_description/share/ament_index/resource_index/package_run_dependencies/pmb2_description
[1.509s] -- Installing: /home/luca/topic-highlight/exam_ws/install/pmb2_description/share/ament_index/resource_index/parent_prefix_path/pmb2_description
[1.510s] -- Installing: /home/luca/topic-highlight/exam_ws/install/pmb2_description/share/pmb2_description/environment/ament_prefix_path.sh
[1.510s] -- Installing: /home/luca/topic-highlight/exam_ws/install/pmb2_description/share/pmb2_description/environment/ament_prefix_path.dsv
[1.510s] -- Installing: /home/luca/topic-highlight/exam_ws/install/pmb2_description/share/pmb2_description/environment/path.sh
[1.511s] -- Installing: /home/luca/topic-highlight/exam_ws/install/pmb2_description/share/pmb2_description/environment/path.dsv
[1.511s] -- Installing: /home/luca/topic-highlight/exam_ws/install/pmb2_description/share/pmb2_description/local_setup.bash
[1.511s] -- Installing: /home/luca/topic-highlight/exam_ws/install/pmb2_description/share/pmb2_description/local_setup.sh
[1.511s] -- Installing: /home/luca/topic-highlight/exam_ws/install/pmb2_description/share/pmb2_description/local_setup.zsh
[1.511s] -- Installing: /home/luca/topic-highlight/exam_ws/install/pmb2_description/share/pmb2_description/local_setup.dsv
[1.511s] -- Installing: /home/luca/topic-highlight/exam_ws/install/pmb2_description/share/pmb2_description/package.dsv
[1.511s] -- Installing: /home/luca/topic-highlight/exam_ws/install/pmb2_description/share/ament_index/resource_index/packages/pmb2_description
[1.511s] -- Installing: /home/luca/topic-highlight/exam_ws/install/pmb2_description/share/pmb2_description/cmake/pmb2_descriptionConfig.cmake
[1.511s] -- Installing: /home/luca/topic-highlight/exam_ws/install/pmb2_description/share/pmb2_description/cmake/pmb2_descriptionConfig-version.cmake
[1.511s] -- Installing: /home/luca/topic-highlight/exam_ws/install/pmb2_description/share/pmb2_description/package.xml
[1.514s] Invoked command in '/home/luca/topic-highlight/exam_ws/build/pmb2_description' returned '0': AMENT_PREFIX_PATH=/home/luca/topic-highlight/exam_ws/install/pmb2_controller_configuration:/home/luca/topic-highlight/exam_ws/install/urdf_test:/home/luca/topic-highlight/exam_ws/install/pal_urdf_utils:/home/luca/topic-highlight/exam_ws/install/launch_pal:${AMENT_PREFIX_PATH} CMAKE_PREFIX_PATH=/home/luca/topic-highlight/exam_ws/install/pmb2_controller_configuration:/home/luca/topic-highlight/exam_ws/install/urdf_test:/home/luca/topic-highlight/exam_ws/install/pal_urdf_utils:/opt/ros/humble PYTHONPATH=/home/luca/topic-highlight/exam_ws/install/urdf_test/local/lib/python3.10/dist-packages:/home/luca/topic-highlight/exam_ws/install/launch_pal/lib/python3.10/site-packages:${PYTHONPATH} /usr/bin/cmake --install /home/luca/topic-highlight/exam_ws/build/pmb2_description
