[0.013s] Invoking command in '/home/luca/topic-highlight/exam_ws/build/pal_gripper_description': AMENT_PREFIX_PATH=/home/luca/topic-highlight/exam_ws/install/urdf_test:/home/luca/topic-highlight/exam_ws/install/pal_urdf_utils:${AMENT_PREFIX_PATH} CMAKE_PREFIX_PATH=/home/luca/topic-highlight/exam_ws/install/urdf_test:/home/luca/topic-highlight/exam_ws/install/pal_urdf_utils:/opt/ros/humble PYTHONPATH=/home/luca/topic-highlight/exam_ws/install/urdf_test/local/lib/python3.10/dist-packages:${PYTHONPATH} /usr/bin/cmake /home/luca/topic-highlight/exam_ws/src/pal_gripper/pal_gripper_description -DCMAKE_INSTALL_PREFIX=/home/luca/topic-highlight/exam_ws/install/pal_gripper_description
[0.075s] -- The C compiler identification is GNU 11.4.0
[0.133s] -- The CXX compiler identification is GNU 11.4.0
[0.140s] -- Detecting C compiler ABI info
[0.201s] -- Detecting C compiler ABI info - done
[0.207s] -- Check for working C compiler: /usr/bin/cc - skipped
[0.207s] -- Detecting C compile features
[0.208s] -- Detecting C compile features - done
[0.211s] -- Detecting CXX compiler ABI info
[0.277s] -- Detecting CXX compiler ABI info - done
[0.283s] -- Check for working CXX compiler: /usr/bin/c++ - skipped
[0.284s] -- Detecting CXX compile features
[0.284s] -- Detecting CXX compile features - done
[0.286s] -- Found ament_cmake_auto: 1.3.11 (/opt/ros/humble/share/ament_cmake_auto/cmake)
[0.626s] -- Found Python3: /usr/bin/python3 (found version "3.10.12") found components: Interpreter 
[0.714s] -- Found xacro: 2.0.8 (/opt/ros/humble/share/xacro/cmake)
[0.806s] -- Found ament_lint_auto: 0.12.11 (/opt/ros/humble/share/ament_lint_auto/cmake)
[0.826s] -- Added test 'copyright' to check source files copyright and LICENSE
[0.829s] -- Added test 'lint_cmake' to check CMake code style
[0.831s] -- Added test 'xmllint' to check XML markup files
[0.833s] -- Configuring done
[0.836s] -- Generating done
[0.839s] -- Build files have been written to: /home/luca/topic-highlight/exam_ws/build/pal_gripper_description
[0.844s] Invoked command in '/home/luca/topic-highlight/exam_ws/build/pal_gripper_description' returned '0': AMENT_PREFIX_PATH=/home/luca/topic-highlight/exam_ws/install/urdf_test:/home/luca/topic-highlight/exam_ws/install/pal_urdf_utils:${AMENT_PREFIX_PATH} CMAKE_PREFIX_PATH=/home/luca/topic-highlight/exam_ws/install/urdf_test:/home/luca/topic-highlight/exam_ws/install/pal_urdf_utils:/opt/ros/humble PYTHONPATH=/home/luca/topic-highlight/exam_ws/install/urdf_test/local/lib/python3.10/dist-packages:${PYTHONPATH} /usr/bin/cmake /home/luca/topic-highlight/exam_ws/src/pal_gripper/pal_gripper_description -DCMAKE_INSTALL_PREFIX=/home/luca/topic-highlight/exam_ws/install/pal_gripper_description
[0.846s] Invoking command in '/home/luca/topic-highlight/exam_ws/build/pal_gripper_description': AMENT_PREFIX_PATH=/home/luca/topic-highlight/exam_ws/install/urdf_test:/home/luca/topic-highlight/exam_ws/install/pal_urdf_utils:${AMENT_PREFIX_PATH} CMAKE_PREFIX_PATH=/home/luca/topic-highlight/exam_ws/install/urdf_test:/home/luca/topic-highlight/exam_ws/install/pal_urdf_utils:/opt/ros/humble PYTHONPATH=/home/luca/topic-highlight/exam_ws/install/urdf_test/local/lib/python3.10/dist-packages:${PYTHONPATH} /usr/bin/cmake --build /home/luca/topic-highlight/exam_ws/build/pal_gripper_description -- -j20 -l20
[0.883s] Invoked command in '/home/luca/topic-highlight/exam_ws/build/pal_gripper_description' returned '0': AMENT_PREFIX_PATH=/home/luca/topic-highlight/exam_ws/install/urdf_test:/home/luca/topic-highlight/exam_ws/install/pal_urdf_utils:${AMENT_PREFIX_PATH} CMAKE_PREFIX_PATH=/home/luca/topic-highlight/exam_ws/install/urdf_test:/home/luca/topic-highlight/exam_ws/install/pal_urdf_utils:/opt/ros/humble PYTHONPATH=/home/luca/topic-highlight/exam_ws/install/urdf_test/local/lib/python3.10/dist-packages:${PYTHONPATH} /usr/bin/cmake --build /home/luca/topic-highlight/exam_ws/build/pal_gripper_description -- -j20 -l20
[0.885s] Invoking command in '/home/luca/topic-highlight/exam_ws/build/pal_gripper_description': AMENT_PREFIX_PATH=/home/luca/topic-highlight/exam_ws/install/urdf_test:/home/luca/topic-highlight/exam_ws/install/pal_urdf_utils:${AMENT_PREFIX_PATH} CMAKE_PREFIX_PATH=/home/luca/topic-highlight/exam_ws/install/urdf_test:/home/luca/topic-highlight/exam_ws/install/pal_urdf_utils:/opt/ros/humble PYTHONPATH=/home/luca/topic-highlight/exam_ws/install/urdf_test/local/lib/python3.10/dist-packages:${PYTHONPATH} /usr/bin/cmake --install /home/luca/topic-highlight/exam_ws/build/pal_gripper_description
[0.895s] -- Install configuration: ""
[0.896s] -- Installing: /home/luca/topic-highlight/exam_ws/install/pal_gripper_description/share/pal_gripper_description/gazebo
[0.896s] -- Installing: /home/luca/topic-highlight/exam_ws/install/pal_gripper_description/share/pal_gripper_description/gazebo/gazebo.urdf.xacro
[0.896s] -- Installing: /home/luca/topic-highlight/exam_ws/install/pal_gripper_description/share/pal_gripper_description/meshes
[0.896s] -- Installing: /home/luca/topic-highlight/exam_ws/install/pal_gripper_description/share/pal_gripper_description/meshes/gripper_link_collision.stl
[0.896s] -- Installing: /home/luca/topic-highlight/exam_ws/install/pal_gripper_description/share/pal_gripper_description/meshes/gripper_finger_link.stl
[0.897s] -- Installing: /home/luca/topic-highlight/exam_ws/install/pal_gripper_description/share/pal_gripper_description/meshes/gripper_link.stl
[0.897s] -- Installing: /home/luca/topic-highlight/exam_ws/install/pal_gripper_description/share/pal_gripper_description/meshes/gripper_finger_link_collision.stl
[0.897s] -- Installing: /home/luca/topic-highlight/exam_ws/install/pal_gripper_description/share/pal_gripper_description/robots
[0.897s] -- Installing: /home/luca/topic-highlight/exam_ws/install/pal_gripper_description/share/pal_gripper_description/robots/upload.launch
[0.897s] -- Installing: /home/luca/topic-highlight/exam_ws/install/pal_gripper_description/share/pal_gripper_description/robots/upload_gripper.launch
[0.897s] -- Installing: /home/luca/topic-highlight/exam_ws/install/pal_gripper_description/share/pal_gripper_description/robots/gripper_test.urdf.xacro
[0.897s] -- Installing: /home/luca/topic-highlight/exam_ws/install/pal_gripper_description/share/pal_gripper_description/urdf
[0.897s] -- Installing: /home/luca/topic-highlight/exam_ws/install/pal_gripper_description/share/pal_gripper_description/urdf/gripper.urdf.xacro
[0.898s] -- Installing: /home/luca/topic-highlight/exam_ws/install/pal_gripper_description/share/pal_gripper_description/urdf/gripper.gazebo.xacro
[0.898s] -- Installing: /home/luca/topic-highlight/exam_ws/install/pal_gripper_description/share/pal_gripper_description/urdf/gripper.transmission.xacro
[0.898s] -- Installing: /home/luca/topic-highlight/exam_ws/install/pal_gripper_description/share/pal_gripper_description/urdf/gripper.ros2_control.xacro
[0.898s] -- Installing: /home/luca/topic-highlight/exam_ws/install/pal_gripper_description/share/ament_index/resource_index/package_run_dependencies/pal_gripper_description
[0.899s] -- Installing: /home/luca/topic-highlight/exam_ws/install/pal_gripper_description/share/ament_index/resource_index/parent_prefix_path/pal_gripper_description
[0.899s] -- Installing: /home/luca/topic-highlight/exam_ws/install/pal_gripper_description/share/pal_gripper_description/environment/ament_prefix_path.sh
[0.899s] -- Installing: /home/luca/topic-highlight/exam_ws/install/pal_gripper_description/share/pal_gripper_description/environment/ament_prefix_path.dsv
[0.899s] -- Installing: /home/luca/topic-highlight/exam_ws/install/pal_gripper_description/share/pal_gripper_description/environment/path.sh
[0.899s] -- Installing: /home/luca/topic-highlight/exam_ws/install/pal_gripper_description/share/pal_gripper_description/environment/path.dsv
[0.899s] -- Installing: /home/luca/topic-highlight/exam_ws/install/pal_gripper_description/share/pal_gripper_description/local_setup.bash
[0.899s] -- Installing: /home/luca/topic-highlight/exam_ws/install/pal_gripper_description/share/pal_gripper_description/local_setup.sh
[0.899s] -- Installing: /home/luca/topic-highlight/exam_ws/install/pal_gripper_description/share/pal_gripper_description/local_setup.zsh
[0.900s] -- Installing: /home/luca/topic-highlight/exam_ws/install/pal_gripper_description/share/pal_gripper_description/local_setup.dsv
[0.901s] -- Installing: /home/luca/topic-highlight/exam_ws/install/pal_gripper_description/share/pal_gripper_description/package.dsv
[0.901s] -- Installing: /home/luca/topic-highlight/exam_ws/install/pal_gripper_description/share/ament_index/resource_index/packages/pal_gripper_description
[0.901s] -- Installing: /home/luca/topic-highlight/exam_ws/install/pal_gripper_description/share/pal_gripper_description/cmake/ament_cmake_export_dependencies-extras.cmake
[0.902s] -- Installing: /home/luca/topic-highlight/exam_ws/install/pal_gripper_description/share/pal_gripper_description/cmake/pal_gripper_descriptionConfig.cmake
[0.902s] -- Installing: /home/luca/topic-highlight/exam_ws/install/pal_gripper_description/share/pal_gripper_description/cmake/pal_gripper_descriptionConfig-version.cmake
[0.902s] -- Installing: /home/luca/topic-highlight/exam_ws/install/pal_gripper_description/share/pal_gripper_description/package.xml
[0.913s] Invoked command in '/home/luca/topic-highlight/exam_ws/build/pal_gripper_description' returned '0': AMENT_PREFIX_PATH=/home/luca/topic-highlight/exam_ws/install/urdf_test:/home/luca/topic-highlight/exam_ws/install/pal_urdf_utils:${AMENT_PREFIX_PATH} CMAKE_PREFIX_PATH=/home/luca/topic-highlight/exam_ws/install/urdf_test:/home/luca/topic-highlight/exam_ws/install/pal_urdf_utils:/opt/ros/humble PYTHONPATH=/home/luca/topic-highlight/exam_ws/install/urdf_test/local/lib/python3.10/dist-packages:${PYTHONPATH} /usr/bin/cmake --install /home/luca/topic-highlight/exam_ws/build/pal_gripper_description
