[0.189s] Invoking command in '/home/luca/topic-highlight/exam_ws/build/pal_navigation_cfg_params': CMAKE_PREFIX_PATH=/opt/ros/humble /usr/bin/cmake /home/luca/topic-highlight/exam_ws/src/pal_navigation_cfg_public/pal_navigation_cfg_params -DCMAKE_INSTALL_PREFIX=/home/luca/topic-highlight/exam_ws/install/pal_navigation_cfg_params
[0.484s] -- The C compiler identification is GNU 11.4.0
[0.484s] -- The CXX compiler identification is GNU 11.4.0
[0.484s] -- Detecting C compiler ABI info
[0.484s] -- Detecting C compiler ABI info - done
[0.484s] -- Check for working C compiler: /usr/bin/cc - skipped
[0.484s] -- Detecting C compile features
[0.484s] -- Detecting C compile features - done
[0.484s] -- Detecting CXX compiler ABI info
[0.484s] -- Detecting CXX compiler ABI info - done
[0.484s] -- Check for working CXX compiler: /usr/bin/c++ - skipped
[0.485s] -- Detecting CXX compile features
[0.485s] -- Detecting CXX compile features - done
[0.485s] -- Found ament_cmake_auto: 1.3.11 (/opt/ros/humble/share/ament_cmake_auto/cmake)
[0.906s] -- Found Python3: /usr/bin/python3 (found version "3.10.12") found components: Interpreter 
[1.120s] -- Found ament_lint_auto: 0.12.11 (/opt/ros/humble/share/ament_lint_auto/cmake)
[1.151s] -- Added test 'copyright' to check source files copyright and LICENSE
[1.153s] -- Added test 'lint_cmake' to check CMake code style
[1.154s] -- Added test 'xmllint' to check XML markup files
[1.155s] -- Configuring done
[1.158s] -- Generating done
[1.159s] -- Build files have been written to: /home/luca/topic-highlight/exam_ws/build/pal_navigation_cfg_params
[1.166s] Invoked command in '/home/luca/topic-highlight/exam_ws/build/pal_navigation_cfg_params' returned '0': CMAKE_PREFIX_PATH=/opt/ros/humble /usr/bin/cmake /home/luca/topic-highlight/exam_ws/src/pal_navigation_cfg_public/pal_navigation_cfg_params -DCMAKE_INSTALL_PREFIX=/home/luca/topic-highlight/exam_ws/install/pal_navigation_cfg_params
[1.167s] Invoking command in '/home/luca/topic-highlight/exam_ws/build/pal_navigation_cfg_params': CMAKE_PREFIX_PATH=/opt/ros/humble /usr/bin/cmake --build /home/luca/topic-highlight/exam_ws/build/pal_navigation_cfg_params -- -j20 -l20
[1.235s] Invoked command in '/home/luca/topic-highlight/exam_ws/build/pal_navigation_cfg_params' returned '0': CMAKE_PREFIX_PATH=/opt/ros/humble /usr/bin/cmake --build /home/luca/topic-highlight/exam_ws/build/pal_navigation_cfg_params -- -j20 -l20
[1.235s] Invoking command in '/home/luca/topic-highlight/exam_ws/build/pal_navigation_cfg_params': CMAKE_PREFIX_PATH=/opt/ros/humble /usr/bin/cmake --install /home/luca/topic-highlight/exam_ws/build/pal_navigation_cfg_params
[1.240s] -- Install configuration: ""
[1.241s] -- Installing: /home/luca/topic-highlight/exam_ws/install/pal_navigation_cfg_params/share/pal_navigation_cfg_params/params
[1.241s] -- Installing: /home/luca/topic-highlight/exam_ws/install/pal_navigation_cfg_params/share/pal_navigation_cfg_params/params/pmb2_nav2.yaml
[1.241s] -- Installing: /home/luca/topic-highlight/exam_ws/install/pal_navigation_cfg_params/share/pal_navigation_cfg_params/params/tiago_nav2.yaml
[1.242s] -- Installing: /home/luca/topic-highlight/exam_ws/install/pal_navigation_cfg_params/share/pal_navigation_cfg_params/params/omni_base_nav2.yaml
[1.242s] -- Installing: /home/luca/topic-highlight/exam_ws/install/pal_navigation_cfg_params/share/pal_navigation_cfg_params/params/tiago_dual_nav2.yaml
[1.242s] -- Installing: /home/luca/topic-highlight/exam_ws/install/pal_navigation_cfg_params/share/ament_index/resource_index/package_run_dependencies/pal_navigation_cfg_params
[1.242s] -- Installing: /home/luca/topic-highlight/exam_ws/install/pal_navigation_cfg_params/share/ament_index/resource_index/parent_prefix_path/pal_navigation_cfg_params
[1.242s] -- Installing: /home/luca/topic-highlight/exam_ws/install/pal_navigation_cfg_params/share/pal_navigation_cfg_params/environment/ament_prefix_path.sh
[1.242s] -- Installing: /home/luca/topic-highlight/exam_ws/install/pal_navigation_cfg_params/share/pal_navigation_cfg_params/environment/ament_prefix_path.dsv
[1.243s] -- Installing: /home/luca/topic-highlight/exam_ws/install/pal_navigation_cfg_params/share/pal_navigation_cfg_params/environment/path.sh
[1.244s] -- Installing: /home/luca/topic-highlight/exam_ws/install/pal_navigation_cfg_params/share/pal_navigation_cfg_params/environment/path.dsv
[1.244s] -- Installing: /home/luca/topic-highlight/exam_ws/install/pal_navigation_cfg_params/share/pal_navigation_cfg_params/local_setup.bash
[1.244s] -- Installing: /home/luca/topic-highlight/exam_ws/install/pal_navigation_cfg_params/share/pal_navigation_cfg_params/local_setup.sh
[1.244s] -- Installing: /home/luca/topic-highlight/exam_ws/install/pal_navigation_cfg_params/share/pal_navigation_cfg_params/local_setup.zsh
[1.244s] -- Installing: /home/luca/topic-highlight/exam_ws/install/pal_navigation_cfg_params/share/pal_navigation_cfg_params/local_setup.dsv
[1.245s] -- Installing: /home/luca/topic-highlight/exam_ws/install/pal_navigation_cfg_params/share/pal_navigation_cfg_params/package.dsv
[1.245s] -- Installing: /home/luca/topic-highlight/exam_ws/install/pal_navigation_cfg_params/share/ament_index/resource_index/packages/pal_navigation_cfg_params
[1.245s] -- Installing: /home/luca/topic-highlight/exam_ws/install/pal_navigation_cfg_params/share/pal_navigation_cfg_params/cmake/pal_navigation_cfg_paramsConfig.cmake
[1.246s] -- Installing: /home/luca/topic-highlight/exam_ws/install/pal_navigation_cfg_params/share/pal_navigation_cfg_params/cmake/pal_navigation_cfg_paramsConfig-version.cmake
[1.246s] -- Installing: /home/luca/topic-highlight/exam_ws/install/pal_navigation_cfg_params/share/pal_navigation_cfg_params/package.xml
[1.269s] Invoked command in '/home/luca/topic-highlight/exam_ws/build/pal_navigation_cfg_params' returned '0': CMAKE_PREFIX_PATH=/opt/ros/humble /usr/bin/cmake --install /home/luca/topic-highlight/exam_ws/build/pal_navigation_cfg_params
