/home/luca/.local/lib/python3.10/site-packages/setuptools/_distutils/dist.py:270: UserWarning: Unknown distribution option: 'tests_require'
  warnings.warn(msg)
running egg_info
creating ../../build/yolo_tiago/yolo_tiago.egg-info
writing ../../build/yolo_tiago/yolo_tiago.egg-info/PKG-INFO
writing dependency_links to ../../build/yolo_tiago/yolo_tiago.egg-info/dependency_links.txt
writing entry points to ../../build/yolo_tiago/yolo_tiago.egg-info/entry_points.txt
writing requirements to ../../build/yolo_tiago/yolo_tiago.egg-info/requires.txt
writing top-level names to ../../build/yolo_tiago/yolo_tiago.egg-info/top_level.txt
writing manifest file '../../build/yolo_tiago/yolo_tiago.egg-info/SOURCES.txt'
reading manifest file '../../build/yolo_tiago/yolo_tiago.egg-info/SOURCES.txt'
writing manifest file '../../build/yolo_tiago/yolo_tiago.egg-info/SOURCES.txt'
running build
running build_py
creating /home/luca/topic-highlight/exam_ws/build/yolo_tiago/build/lib/yolo_tiago
copying yolo_tiago/__init__.py -> /home/luca/topic-highlight/exam_ws/build/yolo_tiago/build/lib/yolo_tiago
copying yolo_tiago/yolo_tiago_node.py -> /home/luca/topic-highlight/exam_ws/build/yolo_tiago/build/lib/yolo_tiago
running install
running install_lib
creating /home/luca/topic-highlight/exam_ws/install/yolo_tiago/lib/python3.10/site-packages/yolo_tiago
copying /home/luca/topic-highlight/exam_ws/build/yolo_tiago/build/lib/yolo_tiago/__init__.py -> /home/luca/topic-highlight/exam_ws/install/yolo_tiago/lib/python3.10/site-packages/yolo_tiago
copying /home/luca/topic-highlight/exam_ws/build/yolo_tiago/build/lib/yolo_tiago/yolo_tiago_node.py -> /home/luca/topic-highlight/exam_ws/install/yolo_tiago/lib/python3.10/site-packages/yolo_tiago
byte-compiling /home/luca/topic-highlight/exam_ws/install/yolo_tiago/lib/python3.10/site-packages/yolo_tiago/__init__.py to __init__.cpython-310.pyc
byte-compiling /home/luca/topic-highlight/exam_ws/install/yolo_tiago/lib/python3.10/site-packages/yolo_tiago/yolo_tiago_node.py to yolo_tiago_node.cpython-310.pyc
running install_data
creating /home/luca/topic-highlight/exam_ws/install/yolo_tiago/share/ament_index/resource_index/packages
copying resource/yolo_tiago -> /home/luca/topic-highlight/exam_ws/install/yolo_tiago/share/ament_index/resource_index/packages
copying package.xml -> /home/luca/topic-highlight/exam_ws/install/yolo_tiago/share/yolo_tiago
running install_egg_info
Copying ../../build/yolo_tiago/yolo_tiago.egg-info to /home/luca/topic-highlight/exam_ws/install/yolo_tiago/lib/python3.10/site-packages/yolo_tiago-0.0.0-py3.10.egg-info
running install_scripts
Installing yolo_tiago_node script to /home/luca/topic-highlight/exam_ws/install/yolo_tiago/lib/yolo_tiago
writing list of installed files to '/home/luca/topic-highlight/exam_ws/build/yolo_tiago/install.log'
