[0.030s] Invoking command in '/home/luca/topic-highlight/exam_ws/build/tiago_2dnav': AMENT_PREFIX_PATH=/home/luca/topic-highlight/exam_ws/install/pmb2_maps:/home/luca/topic-highlight/exam_ws/install/launch_pal:${AMENT_PREFIX_PATH} CMAKE_PREFIX_PATH=/home/luca/topic-highlight/exam_ws/install/pmb2_maps:/opt/ros/humble PYTHONPATH=/home/luca/topic-highlight/exam_ws/install/launch_pal/lib/python3.10/site-packages:${PYTHONPATH} /usr/bin/cmake /home/luca/topic-highlight/exam_ws/src/tiago_navigation/tiago_2dnav -DCMAKE_INSTALL_PREFIX=/home/luca/topic-highlight/exam_ws/install/tiago_2dnav
[0.078s] -- The C compiler identification is GNU 11.4.0
[0.138s] -- The CXX compiler identification is GNU 11.4.0
[0.146s] -- Detecting C compiler ABI info
[0.204s] -- Detecting C compiler ABI info - done
[0.217s] -- Check for working C compiler: /usr/bin/cc - skipped
[0.217s] -- Detecting C compile features
[0.217s] -- Detecting C compile features - done
[0.220s] -- Detecting CXX compiler ABI info
[0.304s] -- Detecting CXX compiler ABI info - done
[0.311s] -- Check for working CXX compiler: /usr/bin/c++ - skipped
[0.312s] -- Detecting CXX compile features
[0.312s] -- Detecting CXX compile features - done
[0.314s] -- Found ament_cmake_auto: 1.3.11 (/opt/ros/humble/share/ament_cmake_auto/cmake)
[0.677s] -- Found Python3: /usr/bin/python3 (found version "3.10.12") found components: Interpreter 
[0.841s] -- Found ament_lint_auto: 0.12.11 (/opt/ros/humble/share/ament_lint_auto/cmake)
[0.860s] -- Added test 'copyright' to check source files copyright and LICENSE
[0.862s] -- Added test 'flake8' to check Python code syntax and style conventions
[0.863s] -- Added test 'lint_cmake' to check CMake code style
[0.864s] -- Added test 'pep257' to check Python code against some of the docstring style conventions in PEP 257
[0.864s] -- Added test 'xmllint' to check XML markup files
[0.865s] -- Configuring done
[0.867s] -- Generating done
[0.869s] -- Build files have been written to: /home/luca/topic-highlight/exam_ws/build/tiago_2dnav
[0.873s] Invoked command in '/home/luca/topic-highlight/exam_ws/build/tiago_2dnav' returned '0': AMENT_PREFIX_PATH=/home/luca/topic-highlight/exam_ws/install/pmb2_maps:/home/luca/topic-highlight/exam_ws/install/launch_pal:${AMENT_PREFIX_PATH} CMAKE_PREFIX_PATH=/home/luca/topic-highlight/exam_ws/install/pmb2_maps:/opt/ros/humble PYTHONPATH=/home/luca/topic-highlight/exam_ws/install/launch_pal/lib/python3.10/site-packages:${PYTHONPATH} /usr/bin/cmake /home/luca/topic-highlight/exam_ws/src/tiago_navigation/tiago_2dnav -DCMAKE_INSTALL_PREFIX=/home/luca/topic-highlight/exam_ws/install/tiago_2dnav
[0.876s] Invoking command in '/home/luca/topic-highlight/exam_ws/build/tiago_2dnav': AMENT_PREFIX_PATH=/home/luca/topic-highlight/exam_ws/install/pmb2_maps:/home/luca/topic-highlight/exam_ws/install/launch_pal:${AMENT_PREFIX_PATH} CMAKE_PREFIX_PATH=/home/luca/topic-highlight/exam_ws/install/pmb2_maps:/opt/ros/humble PYTHONPATH=/home/luca/topic-highlight/exam_ws/install/launch_pal/lib/python3.10/site-packages:${PYTHONPATH} /usr/bin/cmake --build /home/luca/topic-highlight/exam_ws/build/tiago_2dnav -- -j20 -l20
[0.938s] Invoked command in '/home/luca/topic-highlight/exam_ws/build/tiago_2dnav' returned '0': AMENT_PREFIX_PATH=/home/luca/topic-highlight/exam_ws/install/pmb2_maps:/home/luca/topic-highlight/exam_ws/install/launch_pal:${AMENT_PREFIX_PATH} CMAKE_PREFIX_PATH=/home/luca/topic-highlight/exam_ws/install/pmb2_maps:/opt/ros/humble PYTHONPATH=/home/luca/topic-highlight/exam_ws/install/launch_pal/lib/python3.10/site-packages:${PYTHONPATH} /usr/bin/cmake --build /home/luca/topic-highlight/exam_ws/build/tiago_2dnav -- -j20 -l20
[0.939s] Invoking command in '/home/luca/topic-highlight/exam_ws/build/tiago_2dnav': AMENT_PREFIX_PATH=/home/luca/topic-highlight/exam_ws/install/pmb2_maps:/home/luca/topic-highlight/exam_ws/install/launch_pal:${AMENT_PREFIX_PATH} CMAKE_PREFIX_PATH=/home/luca/topic-highlight/exam_ws/install/pmb2_maps:/opt/ros/humble PYTHONPATH=/home/luca/topic-highlight/exam_ws/install/launch_pal/lib/python3.10/site-packages:${PYTHONPATH} /usr/bin/cmake --install /home/luca/topic-highlight/exam_ws/build/tiago_2dnav
[0.949s] -- Install configuration: ""
[0.950s] -- Installing: /home/luca/topic-highlight/exam_ws/install/tiago_2dnav/share/tiago_2dnav/config
[0.950s] -- Installing: /home/luca/topic-highlight/exam_ws/install/tiago_2dnav/share/tiago_2dnav/config/rviz
[0.950s] -- Installing: /home/luca/topic-highlight/exam_ws/install/tiago_2dnav/share/tiago_2dnav/config/rviz/navigation.rviz
[0.950s] -- Installing: /home/luca/topic-highlight/exam_ws/install/tiago_2dnav/share/tiago_2dnav/config/rviz/advanced_navigation.rviz
[0.951s] -- Installing: /home/luca/topic-highlight/exam_ws/install/tiago_2dnav/share/tiago_2dnav/launch
[0.951s] -- Installing: /home/luca/topic-highlight/exam_ws/install/tiago_2dnav/share/tiago_2dnav/launch/tiago_nav_bringup.launch.py
[0.951s] -- Installing: /home/luca/topic-highlight/exam_ws/install/tiago_2dnav/share/tiago_2dnav/params
[0.951s] -- Installing: /home/luca/topic-highlight/exam_ws/install/tiago_2dnav/share/tiago_2dnav/params/tiago_nav.yaml
[0.952s] -- Installing: /home/luca/topic-highlight/exam_ws/install/tiago_2dnav/share/tiago_2dnav/params/tiago_remappings.yaml
[0.952s] -- Installing: /home/luca/topic-highlight/exam_ws/install/tiago_2dnav/share/tiago_2dnav/params/tiago_nav_public_sim.yaml
[0.952s] -- Installing: /home/luca/topic-highlight/exam_ws/install/tiago_2dnav/share/tiago_2dnav/params/tiago_remappings_sim.yaml
[0.952s] -- Installing: /home/luca/topic-highlight/exam_ws/install/tiago_2dnav/share/tiago_2dnav/params/tiago_nav_w_composition.yaml
[0.953s] -- Installing: /home/luca/topic-highlight/exam_ws/install/tiago_2dnav/share/ament_index/resource_index/package_run_dependencies/tiago_2dnav
[0.953s] -- Installing: /home/luca/topic-highlight/exam_ws/install/tiago_2dnav/share/ament_index/resource_index/parent_prefix_path/tiago_2dnav
[0.953s] -- Installing: /home/luca/topic-highlight/exam_ws/install/tiago_2dnav/share/tiago_2dnav/environment/ament_prefix_path.sh
[0.953s] -- Installing: /home/luca/topic-highlight/exam_ws/install/tiago_2dnav/share/tiago_2dnav/environment/ament_prefix_path.dsv
[0.953s] -- Installing: /home/luca/topic-highlight/exam_ws/install/tiago_2dnav/share/tiago_2dnav/environment/path.sh
[0.954s] -- Installing: /home/luca/topic-highlight/exam_ws/install/tiago_2dnav/share/tiago_2dnav/environment/path.dsv
[0.954s] -- Installing: /home/luca/topic-highlight/exam_ws/install/tiago_2dnav/share/tiago_2dnav/local_setup.bash
[0.954s] -- Installing: /home/luca/topic-highlight/exam_ws/install/tiago_2dnav/share/tiago_2dnav/local_setup.sh
[0.954s] -- Installing: /home/luca/topic-highlight/exam_ws/install/tiago_2dnav/share/tiago_2dnav/local_setup.zsh
[0.954s] -- Installing: /home/luca/topic-highlight/exam_ws/install/tiago_2dnav/share/tiago_2dnav/local_setup.dsv
[0.955s] -- Installing: /home/luca/topic-highlight/exam_ws/install/tiago_2dnav/share/tiago_2dnav/package.dsv
[0.955s] -- Installing: /home/luca/topic-highlight/exam_ws/install/tiago_2dnav/share/ament_index/resource_index/packages/tiago_2dnav
[0.955s] -- Installing: /home/luca/topic-highlight/exam_ws/install/tiago_2dnav/share/tiago_2dnav/cmake/tiago_2dnavConfig.cmake
[0.955s] -- Installing: /home/luca/topic-highlight/exam_ws/install/tiago_2dnav/share/tiago_2dnav/cmake/tiago_2dnavConfig-version.cmake
[0.955s] -- Installing: /home/luca/topic-highlight/exam_ws/install/tiago_2dnav/share/tiago_2dnav/package.xml
[0.959s] Invoked command in '/home/luca/topic-highlight/exam_ws/build/tiago_2dnav' returned '0': AMENT_PREFIX_PATH=/home/luca/topic-highlight/exam_ws/install/pmb2_maps:/home/luca/topic-highlight/exam_ws/install/launch_pal:${AMENT_PREFIX_PATH} CMAKE_PREFIX_PATH=/home/luca/topic-highlight/exam_ws/install/pmb2_maps:/opt/ros/humble PYTHONPATH=/home/luca/topic-highlight/exam_ws/install/launch_pal/lib/python3.10/site-packages:${PYTHONPATH} /usr/bin/cmake --install /home/luca/topic-highlight/exam_ws/build/tiago_2dnav
