[0.031s] Invoking command in '/home/luca/topic-highlight/exam_ws/build/tiago_controller_configuration': AMENT_PREFIX_PATH=/home/luca/topic-highlight/exam_ws/install/pal_robotiq_controller_configuration:/home/luca/topic-highlight/exam_ws/install/pal_hey5_controller_configuration:/home/luca/topic-highlight/exam_ws/install/pal_gripper_controller_configuration:/home/luca/topic-highlight/exam_ws/install/launch_pal:${AMENT_PREFIX_PATH} CMAKE_PREFIX_PATH=/home/luca/topic-highlight/exam_ws/install/pal_robotiq_controller_configuration:/home/luca/topic-highlight/exam_ws/install/pal_hey5_controller_configuration:/home/luca/topic-highlight/exam_ws/install/pal_gripper_controller_configuration:/opt/ros/humble PYTHONPATH=/home/luca/topic-highlight/exam_ws/install/launch_pal/lib/python3.10/site-packages:${PYTHONPATH} /usr/bin/cmake /home/luca/topic-highlight/exam_ws/src/tiago_robot/tiago_controller_configuration -DCMAKE_INSTALL_PREFIX=/home/luca/topic-highlight/exam_ws/install/tiago_controller_configuration
[0.092s] -- The C compiler identification is GNU 11.4.0
[0.143s] -- The CXX compiler identification is GNU 11.4.0
[0.151s] -- Detecting C compiler ABI info
[0.220s] -- Detecting C compiler ABI info - done
[0.225s] -- Check for working C compiler: /usr/bin/cc - skipped
[0.226s] -- Detecting C compile features
[0.226s] -- Detecting C compile features - done
[0.229s] -- Detecting CXX compiler ABI info
[0.298s] -- Detecting CXX compiler ABI info - done
[0.304s] -- Check for working CXX compiler: /usr/bin/c++ - skipped
[0.304s] -- Detecting CXX compile features
[0.304s] -- Detecting CXX compile features - done
[0.308s] -- Found ament_cmake_auto: 1.3.11 (/opt/ros/humble/share/ament_cmake_auto/cmake)
[0.741s] -- Found Python3: /usr/bin/python3 (found version "3.10.12") found components: Interpreter 
[0.971s] -- Found ament_lint_auto: 0.12.11 (/opt/ros/humble/share/ament_lint_auto/cmake)
[0.999s] -- Added test 'copyright' to check source files copyright and LICENSE
[1.005s] -- Added test 'flake8' to check Python code syntax and style conventions
[1.005s] -- Added test 'lint_cmake' to check CMake code style
[1.006s] -- Added test 'pep257' to check Python code against some of the docstring style conventions in PEP 257
[1.008s] -- Added test 'xmllint' to check XML markup files
[1.010s] -- Configuring done
[1.013s] -- Generating done
[1.015s] -- Build files have been written to: /home/luca/topic-highlight/exam_ws/build/tiago_controller_configuration
[1.027s] Invoked command in '/home/luca/topic-highlight/exam_ws/build/tiago_controller_configuration' returned '0': AMENT_PREFIX_PATH=/home/luca/topic-highlight/exam_ws/install/pal_robotiq_controller_configuration:/home/luca/topic-highlight/exam_ws/install/pal_hey5_controller_configuration:/home/luca/topic-highlight/exam_ws/install/pal_gripper_controller_configuration:/home/luca/topic-highlight/exam_ws/install/launch_pal:${AMENT_PREFIX_PATH} CMAKE_PREFIX_PATH=/home/luca/topic-highlight/exam_ws/install/pal_robotiq_controller_configuration:/home/luca/topic-highlight/exam_ws/install/pal_hey5_controller_configuration:/home/luca/topic-highlight/exam_ws/install/pal_gripper_controller_configuration:/opt/ros/humble PYTHONPATH=/home/luca/topic-highlight/exam_ws/install/launch_pal/lib/python3.10/site-packages:${PYTHONPATH} /usr/bin/cmake /home/luca/topic-highlight/exam_ws/src/tiago_robot/tiago_controller_configuration -DCMAKE_INSTALL_PREFIX=/home/luca/topic-highlight/exam_ws/install/tiago_controller_configuration
[1.029s] Invoking command in '/home/luca/topic-highlight/exam_ws/build/tiago_controller_configuration': AMENT_PREFIX_PATH=/home/luca/topic-highlight/exam_ws/install/pal_robotiq_controller_configuration:/home/luca/topic-highlight/exam_ws/install/pal_hey5_controller_configuration:/home/luca/topic-highlight/exam_ws/install/pal_gripper_controller_configuration:/home/luca/topic-highlight/exam_ws/install/launch_pal:${AMENT_PREFIX_PATH} CMAKE_PREFIX_PATH=/home/luca/topic-highlight/exam_ws/install/pal_robotiq_controller_configuration:/home/luca/topic-highlight/exam_ws/install/pal_hey5_controller_configuration:/home/luca/topic-highlight/exam_ws/install/pal_gripper_controller_configuration:/opt/ros/humble PYTHONPATH=/home/luca/topic-highlight/exam_ws/install/launch_pal/lib/python3.10/site-packages:${PYTHONPATH} /usr/bin/cmake --build /home/luca/topic-highlight/exam_ws/build/tiago_controller_configuration -- -j20 -l20
[1.073s] Invoked command in '/home/luca/topic-highlight/exam_ws/build/tiago_controller_configuration' returned '0': AMENT_PREFIX_PATH=/home/luca/topic-highlight/exam_ws/install/pal_robotiq_controller_configuration:/home/luca/topic-highlight/exam_ws/install/pal_hey5_controller_configuration:/home/luca/topic-highlight/exam_ws/install/pal_gripper_controller_configuration:/home/luca/topic-highlight/exam_ws/install/launch_pal:${AMENT_PREFIX_PATH} CMAKE_PREFIX_PATH=/home/luca/topic-highlight/exam_ws/install/pal_robotiq_controller_configuration:/home/luca/topic-highlight/exam_ws/install/pal_hey5_controller_configuration:/home/luca/topic-highlight/exam_ws/install/pal_gripper_controller_configuration:/opt/ros/humble PYTHONPATH=/home/luca/topic-highlight/exam_ws/install/launch_pal/lib/python3.10/site-packages:${PYTHONPATH} /usr/bin/cmake --build /home/luca/topic-highlight/exam_ws/build/tiago_controller_configuration -- -j20 -l20
[1.075s] Invoking command in '/home/luca/topic-highlight/exam_ws/build/tiago_controller_configuration': AMENT_PREFIX_PATH=/home/luca/topic-highlight/exam_ws/install/pal_robotiq_controller_configuration:/home/luca/topic-highlight/exam_ws/install/pal_hey5_controller_configuration:/home/luca/topic-highlight/exam_ws/install/pal_gripper_controller_configuration:/home/luca/topic-highlight/exam_ws/install/launch_pal:${AMENT_PREFIX_PATH} CMAKE_PREFIX_PATH=/home/luca/topic-highlight/exam_ws/install/pal_robotiq_controller_configuration:/home/luca/topic-highlight/exam_ws/install/pal_hey5_controller_configuration:/home/luca/topic-highlight/exam_ws/install/pal_gripper_controller_configuration:/opt/ros/humble PYTHONPATH=/home/luca/topic-highlight/exam_ws/install/launch_pal/lib/python3.10/site-packages:${PYTHONPATH} /usr/bin/cmake --install /home/luca/topic-highlight/exam_ws/build/tiago_controller_configuration
[1.081s] -- Install configuration: ""
[1.081s] -- Installing: /home/luca/topic-highlight/exam_ws/install/tiago_controller_configuration/share/tiago_controller_configuration/config
[1.081s] -- Installing: /home/luca/topic-highlight/exam_ws/install/tiago_controller_configuration/share/tiago_controller_configuration/config/torso_controller.yaml
[1.081s] -- Installing: /home/luca/topic-highlight/exam_ws/install/tiago_controller_configuration/share/tiago_controller_configuration/config/arm_controller.yaml
[1.082s] -- Installing: /home/luca/topic-highlight/exam_ws/install/tiago_controller_configuration/share/tiago_controller_configuration/config/arm_controller_2.yaml
[1.082s] -- Installing: /home/luca/topic-highlight/exam_ws/install/tiago_controller_configuration/share/tiago_controller_configuration/config/ft_sensor_controller.yaml
[1.082s] -- Installing: /home/luca/topic-highlight/exam_ws/install/tiago_controller_configuration/share/tiago_controller_configuration/config/mobile_base_controller.yaml
[1.083s] -- Installing: /home/luca/topic-highlight/exam_ws/install/tiago_controller_configuration/share/tiago_controller_configuration/config/test_pid_controller.yaml
[1.083s] -- Installing: /home/luca/topic-highlight/exam_ws/install/tiago_controller_configuration/share/tiago_controller_configuration/config/gravity_compensation_controller.yaml
[1.084s] -- Installing: /home/luca/topic-highlight/exam_ws/install/tiago_controller_configuration/share/tiago_controller_configuration/config/head_controller.yaml
[1.084s] -- Installing: /home/luca/topic-highlight/exam_ws/install/tiago_controller_configuration/share/tiago_controller_configuration/config/gazebo_controller_manager_cfg.yaml
[1.084s] -- Installing: /home/luca/topic-highlight/exam_ws/install/tiago_controller_configuration/share/tiago_controller_configuration/config/arm_position_controller.yaml
[1.084s] -- Installing: /home/luca/topic-highlight/exam_ws/install/tiago_controller_configuration/share/tiago_controller_configuration/config/joint_state_broadcaster.yaml
[1.085s] -- Installing: /home/luca/topic-highlight/exam_ws/install/tiago_controller_configuration/share/tiago_controller_configuration/launch
[1.085s] -- Installing: /home/luca/topic-highlight/exam_ws/install/tiago_controller_configuration/share/tiago_controller_configuration/launch/mobile_base_controller.launch.py
[1.085s] -- Installing: /home/luca/topic-highlight/exam_ws/install/tiago_controller_configuration/share/tiago_controller_configuration/launch/arm_impedance_controller.launch.py
[1.085s] -- Installing: /home/luca/topic-highlight/exam_ws/install/tiago_controller_configuration/share/tiago_controller_configuration/launch/head_controller.launch.py
[1.085s] -- Installing: /home/luca/topic-highlight/exam_ws/install/tiago_controller_configuration/share/tiago_controller_configuration/launch/default_controllers.launch.py
[1.086s] -- Installing: /home/luca/topic-highlight/exam_ws/install/tiago_controller_configuration/share/tiago_controller_configuration/launch/gravity_compensation_controller.launch.py
[1.086s] -- Installing: /home/luca/topic-highlight/exam_ws/install/tiago_controller_configuration/share/tiago_controller_configuration/launch/ft_sensor_controller.launch.py
[1.086s] -- Installing: /home/luca/topic-highlight/exam_ws/install/tiago_controller_configuration/share/tiago_controller_configuration/launch/test_pid_controller.launch.py
[1.086s] -- Installing: /home/luca/topic-highlight/exam_ws/install/tiago_controller_configuration/share/tiago_controller_configuration/launch/joint_state_broadcaster.launch.py
[1.087s] -- Installing: /home/luca/topic-highlight/exam_ws/install/tiago_controller_configuration/share/tiago_controller_configuration/launch/arm2_controller.launch.py
[1.087s] -- Installing: /home/luca/topic-highlight/exam_ws/install/tiago_controller_configuration/share/tiago_controller_configuration/launch/arm_position_controller.launch.py
[1.088s] -- Installing: /home/luca/topic-highlight/exam_ws/install/tiago_controller_configuration/share/tiago_controller_configuration/launch/torso_controller.launch.py
[1.088s] -- Installing: /home/luca/topic-highlight/exam_ws/install/tiago_controller_configuration/share/tiago_controller_configuration/launch/arm_controller.launch.py
[1.089s] -- Installing: /home/luca/topic-highlight/exam_ws/install/tiago_controller_configuration/share/ament_index/resource_index/package_run_dependencies/tiago_controller_configuration
[1.089s] -- Installing: /home/luca/topic-highlight/exam_ws/install/tiago_controller_configuration/share/ament_index/resource_index/parent_prefix_path/tiago_controller_configuration
[1.089s] -- Installing: /home/luca/topic-highlight/exam_ws/install/tiago_controller_configuration/share/tiago_controller_configuration/environment/ament_prefix_path.sh
[1.089s] -- Installing: /home/luca/topic-highlight/exam_ws/install/tiago_controller_configuration/share/tiago_controller_configuration/environment/ament_prefix_path.dsv
[1.090s] -- Installing: /home/luca/topic-highlight/exam_ws/install/tiago_controller_configuration/share/tiago_controller_configuration/environment/path.sh
[1.090s] -- Installing: /home/luca/topic-highlight/exam_ws/install/tiago_controller_configuration/share/tiago_controller_configuration/environment/path.dsv
[1.090s] -- Installing: /home/luca/topic-highlight/exam_ws/install/tiago_controller_configuration/share/tiago_controller_configuration/local_setup.bash
[1.090s] -- Installing: /home/luca/topic-highlight/exam_ws/install/tiago_controller_configuration/share/tiago_controller_configuration/local_setup.sh
[1.091s] -- Installing: /home/luca/topic-highlight/exam_ws/install/tiago_controller_configuration/share/tiago_controller_configuration/local_setup.zsh
[1.091s] -- Installing: /home/luca/topic-highlight/exam_ws/install/tiago_controller_configuration/share/tiago_controller_configuration/local_setup.dsv
[1.091s] -- Installing: /home/luca/topic-highlight/exam_ws/install/tiago_controller_configuration/share/tiago_controller_configuration/package.dsv
[1.092s] -- Installing: /home/luca/topic-highlight/exam_ws/install/tiago_controller_configuration/share/ament_index/resource_index/packages/tiago_controller_configuration
[1.092s] -- Installing: /home/luca/topic-highlight/exam_ws/install/tiago_controller_configuration/share/tiago_controller_configuration/cmake/tiago_controller_configurationConfig.cmake
[1.092s] -- Installing: /home/luca/topic-highlight/exam_ws/install/tiago_controller_configuration/share/tiago_controller_configuration/cmake/tiago_controller_configurationConfig-version.cmake
[1.092s] -- Installing: /home/luca/topic-highlight/exam_ws/install/tiago_controller_configuration/share/tiago_controller_configuration/package.xml
[1.096s] Invoked command in '/home/luca/topic-highlight/exam_ws/build/tiago_controller_configuration' returned '0': AMENT_PREFIX_PATH=/home/luca/topic-highlight/exam_ws/install/pal_robotiq_controller_configuration:/home/luca/topic-highlight/exam_ws/install/pal_hey5_controller_configuration:/home/luca/topic-highlight/exam_ws/install/pal_gripper_controller_configuration:/home/luca/topic-highlight/exam_ws/install/launch_pal:${AMENT_PREFIX_PATH} CMAKE_PREFIX_PATH=/home/luca/topic-highlight/exam_ws/install/pal_robotiq_controller_configuration:/home/luca/topic-highlight/exam_ws/install/pal_hey5_controller_configuration:/home/luca/topic-highlight/exam_ws/install/pal_gripper_controller_configuration:/opt/ros/humble PYTHONPATH=/home/luca/topic-highlight/exam_ws/install/launch_pal/lib/python3.10/site-packages:${PYTHONPATH} /usr/bin/cmake --install /home/luca/topic-highlight/exam_ws/build/tiago_controller_configuration
