[0.188s] Invoking command in '/home/luca/topic-highlight/exam_ws/build/pal_gripper_controller_configuration': CMAKE_PREFIX_PATH=/opt/ros/humble /usr/bin/cmake /home/luca/topic-highlight/exam_ws/src/pal_gripper/pal_gripper_controller_configuration -DCMAKE_INSTALL_PREFIX=/home/luca/topic-highlight/exam_ws/install/pal_gripper_controller_configuration
[0.487s] -- The C compiler identification is GNU 11.4.0
[0.487s] -- The CXX compiler identification is GNU 11.4.0
[0.487s] -- Detecting C compiler ABI info
[0.487s] -- Detecting C compiler ABI info - done
[0.487s] -- Check for working C compiler: /usr/bin/cc - skipped
[0.487s] -- Detecting C compile features
[0.488s] -- Detecting C compile features - done
[0.488s] -- Detecting CXX compiler ABI info
[0.488s] -- Detecting CXX compiler ABI info - done
[0.488s] -- Check for working CXX compiler: /usr/bin/c++ - skipped
[0.489s] -- Detecting CXX compile features
[0.489s] -- Detecting CXX compile features - done
[0.489s] -- Found ament_cmake_auto: 1.3.11 (/opt/ros/humble/share/ament_cmake_auto/cmake)
[0.983s] -- Found Python3: /usr/bin/python3 (found version "3.10.12") found components: Interpreter 
[1.074s] -- Found ament_lint_auto: 0.12.11 (/opt/ros/humble/share/ament_lint_auto/cmake)
[1.149s] -- Added test 'copyright' to check source files copyright and LICENSE
[1.151s] -- Added test 'flake8' to check Python code syntax and style conventions
[1.151s] -- Added test 'lint_cmake' to check CMake code style
[1.152s] -- Added test 'pep257' to check Python code against some of the docstring style conventions in PEP 257
[1.153s] -- Added test 'xmllint' to check XML markup files
[1.154s] -- Configuring done
[1.156s] -- Generating done
[1.157s] -- Build files have been written to: /home/luca/topic-highlight/exam_ws/build/pal_gripper_controller_configuration
[1.161s] Invoked command in '/home/luca/topic-highlight/exam_ws/build/pal_gripper_controller_configuration' returned '0': CMAKE_PREFIX_PATH=/opt/ros/humble /usr/bin/cmake /home/luca/topic-highlight/exam_ws/src/pal_gripper/pal_gripper_controller_configuration -DCMAKE_INSTALL_PREFIX=/home/luca/topic-highlight/exam_ws/install/pal_gripper_controller_configuration
[1.162s] Invoking command in '/home/luca/topic-highlight/exam_ws/build/pal_gripper_controller_configuration': CMAKE_PREFIX_PATH=/opt/ros/humble /usr/bin/cmake --build /home/luca/topic-highlight/exam_ws/build/pal_gripper_controller_configuration -- -j20 -l20
[1.230s] Invoked command in '/home/luca/topic-highlight/exam_ws/build/pal_gripper_controller_configuration' returned '0': CMAKE_PREFIX_PATH=/opt/ros/humble /usr/bin/cmake --build /home/luca/topic-highlight/exam_ws/build/pal_gripper_controller_configuration -- -j20 -l20
[1.231s] Invoking command in '/home/luca/topic-highlight/exam_ws/build/pal_gripper_controller_configuration': CMAKE_PREFIX_PATH=/opt/ros/humble /usr/bin/cmake --install /home/luca/topic-highlight/exam_ws/build/pal_gripper_controller_configuration
[1.238s] -- Install configuration: ""
[1.238s] -- Installing: /home/luca/topic-highlight/exam_ws/install/pal_gripper_controller_configuration/share/pal_gripper_controller_configuration/config
[1.238s] -- Installing: /home/luca/topic-highlight/exam_ws/install/pal_gripper_controller_configuration/share/pal_gripper_controller_configuration/config/pids.yaml
[1.238s] -- Installing: /home/luca/topic-highlight/exam_ws/install/pal_gripper_controller_configuration/share/pal_gripper_controller_configuration/config/current_limit_controllers_right.yaml
[1.238s] -- Installing: /home/luca/topic-highlight/exam_ws/install/pal_gripper_controller_configuration/share/pal_gripper_controller_configuration/config/gripper_controller.yaml
[1.238s] -- Installing: /home/luca/topic-highlight/exam_ws/install/pal_gripper_controller_configuration/share/pal_gripper_controller_configuration/config/joint_trajectory_controllers.yaml
[1.239s] -- Installing: /home/luca/topic-highlight/exam_ws/install/pal_gripper_controller_configuration/share/pal_gripper_controller_configuration/config/current_limit_controllers.yaml
[1.239s] -- Installing: /home/luca/topic-highlight/exam_ws/install/pal_gripper_controller_configuration/share/pal_gripper_controller_configuration/config/current_limit_controllers_left.yaml
[1.239s] -- Installing: /home/luca/topic-highlight/exam_ws/install/pal_gripper_controller_configuration/share/pal_gripper_controller_configuration/launch
[1.239s] -- Installing: /home/luca/topic-highlight/exam_ws/install/pal_gripper_controller_configuration/share/pal_gripper_controller_configuration/launch/pal_gripper_controller.launch.py
[1.240s] -- Installing: /home/luca/topic-highlight/exam_ws/install/pal_gripper_controller_configuration/share/pal_gripper_controller_configuration/launch/current_limit_controllers.launch
[1.240s] -- Installing: /home/luca/topic-highlight/exam_ws/install/pal_gripper_controller_configuration/share/pal_gripper_controller_configuration/launch/gripper_controller.launch
[1.240s] -- Installing: /home/luca/topic-highlight/exam_ws/install/pal_gripper_controller_configuration/share/ament_index/resource_index/package_run_dependencies/pal_gripper_controller_configuration
[1.240s] -- Installing: /home/luca/topic-highlight/exam_ws/install/pal_gripper_controller_configuration/share/ament_index/resource_index/parent_prefix_path/pal_gripper_controller_configuration
[1.240s] -- Installing: /home/luca/topic-highlight/exam_ws/install/pal_gripper_controller_configuration/share/pal_gripper_controller_configuration/environment/ament_prefix_path.sh
[1.240s] -- Installing: /home/luca/topic-highlight/exam_ws/install/pal_gripper_controller_configuration/share/pal_gripper_controller_configuration/environment/ament_prefix_path.dsv
[1.240s] -- Installing: /home/luca/topic-highlight/exam_ws/install/pal_gripper_controller_configuration/share/pal_gripper_controller_configuration/environment/path.sh
[1.240s] -- Installing: /home/luca/topic-highlight/exam_ws/install/pal_gripper_controller_configuration/share/pal_gripper_controller_configuration/environment/path.dsv
[1.240s] -- Installing: /home/luca/topic-highlight/exam_ws/install/pal_gripper_controller_configuration/share/pal_gripper_controller_configuration/local_setup.bash
[1.240s] -- Installing: /home/luca/topic-highlight/exam_ws/install/pal_gripper_controller_configuration/share/pal_gripper_controller_configuration/local_setup.sh
[1.240s] -- Installing: /home/luca/topic-highlight/exam_ws/install/pal_gripper_controller_configuration/share/pal_gripper_controller_configuration/local_setup.zsh
[1.241s] -- Installing: /home/luca/topic-highlight/exam_ws/install/pal_gripper_controller_configuration/share/pal_gripper_controller_configuration/local_setup.dsv
[1.241s] -- Installing: /home/luca/topic-highlight/exam_ws/install/pal_gripper_controller_configuration/share/pal_gripper_controller_configuration/package.dsv
[1.241s] -- Installing: /home/luca/topic-highlight/exam_ws/install/pal_gripper_controller_configuration/share/ament_index/resource_index/packages/pal_gripper_controller_configuration
[1.241s] -- Installing: /home/luca/topic-highlight/exam_ws/install/pal_gripper_controller_configuration/share/pal_gripper_controller_configuration/cmake/pal_gripper_controller_configurationConfig.cmake
[1.241s] -- Installing: /home/luca/topic-highlight/exam_ws/install/pal_gripper_controller_configuration/share/pal_gripper_controller_configuration/cmake/pal_gripper_controller_configurationConfig-version.cmake
[1.241s] -- Installing: /home/luca/topic-highlight/exam_ws/install/pal_gripper_controller_configuration/share/pal_gripper_controller_configuration/package.xml
[1.264s] Invoked command in '/home/luca/topic-highlight/exam_ws/build/pal_gripper_controller_configuration' returned '0': CMAKE_PREFIX_PATH=/opt/ros/humble /usr/bin/cmake --install /home/luca/topic-highlight/exam_ws/build/pal_gripper_controller_configuration
