[0.012s] Invoking command in '/home/luca/topic-highlight/exam_ws/build/pal_gripper': AMENT_PREFIX_PATH=/home/luca/topic-highlight/exam_ws/install/pal_gripper_description:/home/luca/topic-highlight/exam_ws/install/urdf_test:/home/luca/topic-highlight/exam_ws/install/pal_urdf_utils:/home/luca/topic-highlight/exam_ws/install/pal_gripper_controller_configuration:${AMENT_PREFIX_PATH} CMAKE_PREFIX_PATH=/home/luca/topic-highlight/exam_ws/install/pal_gripper_description:/home/luca/topic-highlight/exam_ws/install/urdf_test:/home/luca/topic-highlight/exam_ws/install/pal_urdf_utils:/home/luca/topic-highlight/exam_ws/install/pal_gripper_controller_configuration:/opt/ros/humble PYTHONPATH=/home/luca/topic-highlight/exam_ws/install/urdf_test/local/lib/python3.10/dist-packages:${PYTHONPATH} /usr/bin/cmake /home/luca/topic-highlight/exam_ws/src/pal_gripper/pal_gripper -DCMAKE_INSTALL_PREFIX=/home/luca/topic-highlight/exam_ws/install/pal_gripper
[0.057s] -- The C compiler identification is GNU 11.4.0
[0.113s] -- The CXX compiler identification is GNU 11.4.0
[0.123s] -- Detecting C compiler ABI info
[0.186s] -- Detecting C compiler ABI info - done
[0.192s] -- Check for working C compiler: /usr/bin/cc - skipped
[0.192s] -- Detecting C compile features
[0.192s] -- Detecting C compile features - done
[0.195s] -- Detecting CXX compiler ABI info
[0.261s] -- Detecting CXX compiler ABI info - done
[0.269s] -- Check for working CXX compiler: /usr/bin/c++ - skipped
[0.269s] -- Detecting CXX compile features
[0.270s] -- Detecting CXX compile features - done
[0.272s] -- Found ament_cmake: 1.3.11 (/opt/ros/humble/share/ament_cmake/cmake)
[0.705s] -- Found Python3: /usr/bin/python3 (found version "3.10.12") found components: Interpreter 
[0.873s] -- Configuring done
[0.876s] -- Generating done
[0.878s] -- Build files have been written to: /home/luca/topic-highlight/exam_ws/build/pal_gripper
[0.883s] Invoked command in '/home/luca/topic-highlight/exam_ws/build/pal_gripper' returned '0': AMENT_PREFIX_PATH=/home/luca/topic-highlight/exam_ws/install/pal_gripper_description:/home/luca/topic-highlight/exam_ws/install/urdf_test:/home/luca/topic-highlight/exam_ws/install/pal_urdf_utils:/home/luca/topic-highlight/exam_ws/install/pal_gripper_controller_configuration:${AMENT_PREFIX_PATH} CMAKE_PREFIX_PATH=/home/luca/topic-highlight/exam_ws/install/pal_gripper_description:/home/luca/topic-highlight/exam_ws/install/urdf_test:/home/luca/topic-highlight/exam_ws/install/pal_urdf_utils:/home/luca/topic-highlight/exam_ws/install/pal_gripper_controller_configuration:/opt/ros/humble PYTHONPATH=/home/luca/topic-highlight/exam_ws/install/urdf_test/local/lib/python3.10/dist-packages:${PYTHONPATH} /usr/bin/cmake /home/luca/topic-highlight/exam_ws/src/pal_gripper/pal_gripper -DCMAKE_INSTALL_PREFIX=/home/luca/topic-highlight/exam_ws/install/pal_gripper
[0.885s] Invoking command in '/home/luca/topic-highlight/exam_ws/build/pal_gripper': AMENT_PREFIX_PATH=/home/luca/topic-highlight/exam_ws/install/pal_gripper_description:/home/luca/topic-highlight/exam_ws/install/urdf_test:/home/luca/topic-highlight/exam_ws/install/pal_urdf_utils:/home/luca/topic-highlight/exam_ws/install/pal_gripper_controller_configuration:${AMENT_PREFIX_PATH} CMAKE_PREFIX_PATH=/home/luca/topic-highlight/exam_ws/install/pal_gripper_description:/home/luca/topic-highlight/exam_ws/install/urdf_test:/home/luca/topic-highlight/exam_ws/install/pal_urdf_utils:/home/luca/topic-highlight/exam_ws/install/pal_gripper_controller_configuration:/opt/ros/humble PYTHONPATH=/home/luca/topic-highlight/exam_ws/install/urdf_test/local/lib/python3.10/dist-packages:${PYTHONPATH} /usr/bin/cmake --build /home/luca/topic-highlight/exam_ws/build/pal_gripper -- -j20 -l20
[0.918s] Invoked command in '/home/luca/topic-highlight/exam_ws/build/pal_gripper' returned '0': AMENT_PREFIX_PATH=/home/luca/topic-highlight/exam_ws/install/pal_gripper_description:/home/luca/topic-highlight/exam_ws/install/urdf_test:/home/luca/topic-highlight/exam_ws/install/pal_urdf_utils:/home/luca/topic-highlight/exam_ws/install/pal_gripper_controller_configuration:${AMENT_PREFIX_PATH} CMAKE_PREFIX_PATH=/home/luca/topic-highlight/exam_ws/install/pal_gripper_description:/home/luca/topic-highlight/exam_ws/install/urdf_test:/home/luca/topic-highlight/exam_ws/install/pal_urdf_utils:/home/luca/topic-highlight/exam_ws/install/pal_gripper_controller_configuration:/opt/ros/humble PYTHONPATH=/home/luca/topic-highlight/exam_ws/install/urdf_test/local/lib/python3.10/dist-packages:${PYTHONPATH} /usr/bin/cmake --build /home/luca/topic-highlight/exam_ws/build/pal_gripper -- -j20 -l20
[0.920s] Invoking command in '/home/luca/topic-highlight/exam_ws/build/pal_gripper': AMENT_PREFIX_PATH=/home/luca/topic-highlight/exam_ws/install/pal_gripper_description:/home/luca/topic-highlight/exam_ws/install/urdf_test:/home/luca/topic-highlight/exam_ws/install/pal_urdf_utils:/home/luca/topic-highlight/exam_ws/install/pal_gripper_controller_configuration:${AMENT_PREFIX_PATH} CMAKE_PREFIX_PATH=/home/luca/topic-highlight/exam_ws/install/pal_gripper_description:/home/luca/topic-highlight/exam_ws/install/urdf_test:/home/luca/topic-highlight/exam_ws/install/pal_urdf_utils:/home/luca/topic-highlight/exam_ws/install/pal_gripper_controller_configuration:/opt/ros/humble PYTHONPATH=/home/luca/topic-highlight/exam_ws/install/urdf_test/local/lib/python3.10/dist-packages:${PYTHONPATH} /usr/bin/cmake --install /home/luca/topic-highlight/exam_ws/build/pal_gripper
[0.925s] -- Install configuration: ""
[0.925s] -- Installing: /home/luca/topic-highlight/exam_ws/install/pal_gripper/share/ament_index/resource_index/package_run_dependencies/pal_gripper
[0.925s] -- Installing: /home/luca/topic-highlight/exam_ws/install/pal_gripper/share/ament_index/resource_index/parent_prefix_path/pal_gripper
[0.926s] -- Installing: /home/luca/topic-highlight/exam_ws/install/pal_gripper/share/pal_gripper/environment/ament_prefix_path.sh
[0.926s] -- Installing: /home/luca/topic-highlight/exam_ws/install/pal_gripper/share/pal_gripper/environment/ament_prefix_path.dsv
[0.926s] -- Installing: /home/luca/topic-highlight/exam_ws/install/pal_gripper/share/pal_gripper/environment/path.sh
[0.926s] -- Installing: /home/luca/topic-highlight/exam_ws/install/pal_gripper/share/pal_gripper/environment/path.dsv
[0.926s] -- Installing: /home/luca/topic-highlight/exam_ws/install/pal_gripper/share/pal_gripper/local_setup.bash
[0.926s] -- Installing: /home/luca/topic-highlight/exam_ws/install/pal_gripper/share/pal_gripper/local_setup.sh
[0.926s] -- Installing: /home/luca/topic-highlight/exam_ws/install/pal_gripper/share/pal_gripper/local_setup.zsh
[0.926s] -- Installing: /home/luca/topic-highlight/exam_ws/install/pal_gripper/share/pal_gripper/local_setup.dsv
[0.926s] -- Installing: /home/luca/topic-highlight/exam_ws/install/pal_gripper/share/pal_gripper/package.dsv
[0.926s] -- Installing: /home/luca/topic-highlight/exam_ws/install/pal_gripper/share/ament_index/resource_index/packages/pal_gripper
[0.926s] -- Installing: /home/luca/topic-highlight/exam_ws/install/pal_gripper/share/pal_gripper/cmake/pal_gripperConfig.cmake
[0.926s] -- Installing: /home/luca/topic-highlight/exam_ws/install/pal_gripper/share/pal_gripper/cmake/pal_gripperConfig-version.cmake
[0.926s] -- Installing: /home/luca/topic-highlight/exam_ws/install/pal_gripper/share/pal_gripper/package.xml
[0.929s] Invoked command in '/home/luca/topic-highlight/exam_ws/build/pal_gripper' returned '0': AMENT_PREFIX_PATH=/home/luca/topic-highlight/exam_ws/install/pal_gripper_description:/home/luca/topic-highlight/exam_ws/install/urdf_test:/home/luca/topic-highlight/exam_ws/install/pal_urdf_utils:/home/luca/topic-highlight/exam_ws/install/pal_gripper_controller_configuration:${AMENT_PREFIX_PATH} CMAKE_PREFIX_PATH=/home/luca/topic-highlight/exam_ws/install/pal_gripper_description:/home/luca/topic-highlight/exam_ws/install/urdf_test:/home/luca/topic-highlight/exam_ws/install/pal_urdf_utils:/home/luca/topic-highlight/exam_ws/install/pal_gripper_controller_configuration:/opt/ros/humble PYTHONPATH=/home/luca/topic-highlight/exam_ws/install/urdf_test/local/lib/python3.10/dist-packages:${PYTHONPATH} /usr/bin/cmake --install /home/luca/topic-highlight/exam_ws/build/pal_gripper
