[0.011s] Invoking command in '/home/luca/topic-highlight/exam_ws/build/pal_hey5': AMENT_PREFIX_PATH=/home/luca/topic-highlight/exam_ws/install/pal_hey5_description:/home/luca/topic-highlight/exam_ws/install/pal_urdf_utils:/home/luca/topic-highlight/exam_ws/install/pal_hey5_controller_configuration:${AMENT_PREFIX_PATH} CMAKE_PREFIX_PATH=/home/luca/topic-highlight/exam_ws/install/pal_hey5_description:/home/luca/topic-highlight/exam_ws/install/pal_urdf_utils:/home/luca/topic-highlight/exam_ws/install/pal_hey5_controller_configuration:/opt/ros/humble /usr/bin/cmake /home/luca/topic-highlight/exam_ws/src/pal_hey5/pal_hey5 -DCMAKE_INSTALL_PREFIX=/home/luca/topic-highlight/exam_ws/install/pal_hey5
[0.064s] -- The C compiler identification is GNU 11.4.0
[0.112s] -- The CXX compiler identification is GNU 11.4.0
[0.118s] -- Detecting C compiler ABI info
[0.182s] -- Detecting C compiler ABI info - done
[0.193s] -- Check for working C compiler: /usr/bin/cc - skipped
[0.194s] -- Detecting C compile features
[0.194s] -- Detecting C compile features - done
[0.199s] -- Detecting CXX compiler ABI info
[0.285s] -- Detecting CXX compiler ABI info - done
[0.291s] -- Check for working CXX compiler: /usr/bin/c++ - skipped
[0.292s] -- Detecting CXX compile features
[0.292s] -- Detecting CXX compile features - done
[0.294s] -- Found ament_cmake_auto: 1.3.11 (/opt/ros/humble/share/ament_cmake_auto/cmake)
[0.622s] -- Found Python3: /usr/bin/python3 (found version "3.10.12") found components: Interpreter 
[0.780s] -- Configuring done
[0.782s] -- Generating done
[0.783s] -- Build files have been written to: /home/luca/topic-highlight/exam_ws/build/pal_hey5
[0.787s] Invoked command in '/home/luca/topic-highlight/exam_ws/build/pal_hey5' returned '0': AMENT_PREFIX_PATH=/home/luca/topic-highlight/exam_ws/install/pal_hey5_description:/home/luca/topic-highlight/exam_ws/install/pal_urdf_utils:/home/luca/topic-highlight/exam_ws/install/pal_hey5_controller_configuration:${AMENT_PREFIX_PATH} CMAKE_PREFIX_PATH=/home/luca/topic-highlight/exam_ws/install/pal_hey5_description:/home/luca/topic-highlight/exam_ws/install/pal_urdf_utils:/home/luca/topic-highlight/exam_ws/install/pal_hey5_controller_configuration:/opt/ros/humble /usr/bin/cmake /home/luca/topic-highlight/exam_ws/src/pal_hey5/pal_hey5 -DCMAKE_INSTALL_PREFIX=/home/luca/topic-highlight/exam_ws/install/pal_hey5
[0.789s] Invoking command in '/home/luca/topic-highlight/exam_ws/build/pal_hey5': AMENT_PREFIX_PATH=/home/luca/topic-highlight/exam_ws/install/pal_hey5_description:/home/luca/topic-highlight/exam_ws/install/pal_urdf_utils:/home/luca/topic-highlight/exam_ws/install/pal_hey5_controller_configuration:${AMENT_PREFIX_PATH} CMAKE_PREFIX_PATH=/home/luca/topic-highlight/exam_ws/install/pal_hey5_description:/home/luca/topic-highlight/exam_ws/install/pal_urdf_utils:/home/luca/topic-highlight/exam_ws/install/pal_hey5_controller_configuration:/opt/ros/humble /usr/bin/cmake --build /home/luca/topic-highlight/exam_ws/build/pal_hey5 -- -j20 -l20
[0.831s] Invoked command in '/home/luca/topic-highlight/exam_ws/build/pal_hey5' returned '0': AMENT_PREFIX_PATH=/home/luca/topic-highlight/exam_ws/install/pal_hey5_description:/home/luca/topic-highlight/exam_ws/install/pal_urdf_utils:/home/luca/topic-highlight/exam_ws/install/pal_hey5_controller_configuration:${AMENT_PREFIX_PATH} CMAKE_PREFIX_PATH=/home/luca/topic-highlight/exam_ws/install/pal_hey5_description:/home/luca/topic-highlight/exam_ws/install/pal_urdf_utils:/home/luca/topic-highlight/exam_ws/install/pal_hey5_controller_configuration:/opt/ros/humble /usr/bin/cmake --build /home/luca/topic-highlight/exam_ws/build/pal_hey5 -- -j20 -l20
[0.833s] Invoking command in '/home/luca/topic-highlight/exam_ws/build/pal_hey5': AMENT_PREFIX_PATH=/home/luca/topic-highlight/exam_ws/install/pal_hey5_description:/home/luca/topic-highlight/exam_ws/install/pal_urdf_utils:/home/luca/topic-highlight/exam_ws/install/pal_hey5_controller_configuration:${AMENT_PREFIX_PATH} CMAKE_PREFIX_PATH=/home/luca/topic-highlight/exam_ws/install/pal_hey5_description:/home/luca/topic-highlight/exam_ws/install/pal_urdf_utils:/home/luca/topic-highlight/exam_ws/install/pal_hey5_controller_configuration:/opt/ros/humble /usr/bin/cmake --install /home/luca/topic-highlight/exam_ws/build/pal_hey5
[0.842s] -- Install configuration: ""
[0.843s] -- Installing: /home/luca/topic-highlight/exam_ws/install/pal_hey5/share/ament_index/resource_index/package_run_dependencies/pal_hey5
[0.843s] -- Installing: /home/luca/topic-highlight/exam_ws/install/pal_hey5/share/ament_index/resource_index/parent_prefix_path/pal_hey5
[0.843s] -- Installing: /home/luca/topic-highlight/exam_ws/install/pal_hey5/share/pal_hey5/environment/ament_prefix_path.sh
[0.843s] -- Installing: /home/luca/topic-highlight/exam_ws/install/pal_hey5/share/pal_hey5/environment/ament_prefix_path.dsv
[0.843s] -- Installing: /home/luca/topic-highlight/exam_ws/install/pal_hey5/share/pal_hey5/environment/path.sh
[0.844s] -- Installing: /home/luca/topic-highlight/exam_ws/install/pal_hey5/share/pal_hey5/environment/path.dsv
[0.844s] -- Installing: /home/luca/topic-highlight/exam_ws/install/pal_hey5/share/pal_hey5/local_setup.bash
[0.844s] -- Installing: /home/luca/topic-highlight/exam_ws/install/pal_hey5/share/pal_hey5/local_setup.sh
[0.844s] -- Installing: /home/luca/topic-highlight/exam_ws/install/pal_hey5/share/pal_hey5/local_setup.zsh
[0.844s] -- Installing: /home/luca/topic-highlight/exam_ws/install/pal_hey5/share/pal_hey5/local_setup.dsv
[0.844s] -- Installing: /home/luca/topic-highlight/exam_ws/install/pal_hey5/share/pal_hey5/package.dsv
[0.845s] -- Installing: /home/luca/topic-highlight/exam_ws/install/pal_hey5/share/ament_index/resource_index/packages/pal_hey5
[0.845s] -- Installing: /home/luca/topic-highlight/exam_ws/install/pal_hey5/share/pal_hey5/cmake/pal_hey5Config.cmake
[0.845s] -- Installing: /home/luca/topic-highlight/exam_ws/install/pal_hey5/share/pal_hey5/cmake/pal_hey5Config-version.cmake
[0.845s] -- Installing: /home/luca/topic-highlight/exam_ws/install/pal_hey5/share/pal_hey5/package.xml
[0.848s] Invoked command in '/home/luca/topic-highlight/exam_ws/build/pal_hey5' returned '0': AMENT_PREFIX_PATH=/home/luca/topic-highlight/exam_ws/install/pal_hey5_description:/home/luca/topic-highlight/exam_ws/install/pal_urdf_utils:/home/luca/topic-highlight/exam_ws/install/pal_hey5_controller_configuration:${AMENT_PREFIX_PATH} CMAKE_PREFIX_PATH=/home/luca/topic-highlight/exam_ws/install/pal_hey5_description:/home/luca/topic-highlight/exam_ws/install/pal_urdf_utils:/home/luca/topic-highlight/exam_ws/install/pal_hey5_controller_configuration:/opt/ros/humble /usr/bin/cmake --install /home/luca/topic-highlight/exam_ws/build/pal_hey5
