[0.040s] Invoking command in '/home/luca/topic-highlight/exam_ws/build/pal_hey5_description': AMENT_PREFIX_PATH=/home/luca/topic-highlight/exam_ws/install/pal_urdf_utils:${AMENT_PREFIX_PATH} CMAKE_PREFIX_PATH=/home/luca/topic-highlight/exam_ws/install/pal_urdf_utils:/opt/ros/humble /usr/bin/cmake /home/luca/topic-highlight/exam_ws/src/pal_hey5/pal_hey5_description -DCMAKE_INSTALL_PREFIX=/home/luca/topic-highlight/exam_ws/install/pal_hey5_description
[0.085s] -- The C compiler identification is GNU 11.4.0
[0.129s] -- The CXX compiler identification is GNU 11.4.0
[0.133s] -- Detecting C compiler ABI info
[0.194s] -- Detecting C compiler ABI info - done
[0.201s] -- Check for working C compiler: /usr/bin/cc - skipped
[0.201s] -- Detecting C compile features
[0.202s] -- Detecting C compile features - done
[0.204s] -- Detecting CXX compiler ABI info
[0.287s] -- Detecting CXX compiler ABI info - done
[0.295s] -- Check for working CXX compiler: /usr/bin/c++ - skipped
[0.295s] -- Detecting CXX compile features
[0.295s] -- Detecting CXX compile features - done
[0.297s] -- Found ament_cmake_auto: 1.3.11 (/opt/ros/humble/share/ament_cmake_auto/cmake)
[0.640s] -- Found Python3: /usr/bin/python3 (found version "3.10.12") found components: Interpreter 
[0.724s] -- Found ament_lint_auto: 0.12.11 (/opt/ros/humble/share/ament_lint_auto/cmake)
[0.800s] -- Added test 'copyright' to check source files copyright and LICENSE
[0.805s] -- Added test 'lint_cmake' to check CMake code style
[0.806s] -- Added test 'xmllint' to check XML markup files
[0.807s] -- Configuring done
[0.809s] -- Generating done
[0.810s] -- Build files have been written to: /home/luca/topic-highlight/exam_ws/build/pal_hey5_description
[0.814s] Invoked command in '/home/luca/topic-highlight/exam_ws/build/pal_hey5_description' returned '0': AMENT_PREFIX_PATH=/home/luca/topic-highlight/exam_ws/install/pal_urdf_utils:${AMENT_PREFIX_PATH} CMAKE_PREFIX_PATH=/home/luca/topic-highlight/exam_ws/install/pal_urdf_utils:/opt/ros/humble /usr/bin/cmake /home/luca/topic-highlight/exam_ws/src/pal_hey5/pal_hey5_description -DCMAKE_INSTALL_PREFIX=/home/luca/topic-highlight/exam_ws/install/pal_hey5_description
[0.816s] Invoking command in '/home/luca/topic-highlight/exam_ws/build/pal_hey5_description': AMENT_PREFIX_PATH=/home/luca/topic-highlight/exam_ws/install/pal_urdf_utils:${AMENT_PREFIX_PATH} CMAKE_PREFIX_PATH=/home/luca/topic-highlight/exam_ws/install/pal_urdf_utils:/opt/ros/humble /usr/bin/cmake --build /home/luca/topic-highlight/exam_ws/build/pal_hey5_description -- -j20 -l20
[0.852s] Invoked command in '/home/luca/topic-highlight/exam_ws/build/pal_hey5_description' returned '0': AMENT_PREFIX_PATH=/home/luca/topic-highlight/exam_ws/install/pal_urdf_utils:${AMENT_PREFIX_PATH} CMAKE_PREFIX_PATH=/home/luca/topic-highlight/exam_ws/install/pal_urdf_utils:/opt/ros/humble /usr/bin/cmake --build /home/luca/topic-highlight/exam_ws/build/pal_hey5_description -- -j20 -l20
[0.854s] Invoking command in '/home/luca/topic-highlight/exam_ws/build/pal_hey5_description': AMENT_PREFIX_PATH=/home/luca/topic-highlight/exam_ws/install/pal_urdf_utils:${AMENT_PREFIX_PATH} CMAKE_PREFIX_PATH=/home/luca/topic-highlight/exam_ws/install/pal_urdf_utils:/opt/ros/humble /usr/bin/cmake --install /home/luca/topic-highlight/exam_ws/build/pal_hey5_description
[0.863s] -- Install configuration: ""
[0.863s] -- Installing: /home/luca/topic-highlight/exam_ws/install/pal_hey5_description/share/pal_hey5_description/config
[0.863s] -- Installing: /home/luca/topic-highlight/exam_ws/install/pal_hey5_description/share/pal_hey5_description/config/two_hands.rviz
[0.864s] -- Installing: /home/luca/topic-highlight/exam_ws/install/pal_hey5_description/share/pal_hey5_description/gazebo
[0.864s] -- Installing: /home/luca/topic-highlight/exam_ws/install/pal_hey5_description/share/pal_hey5_description/gazebo/gazebo.urdf.xacro
[0.864s] -- Installing: /home/luca/topic-highlight/exam_ws/install/pal_hey5_description/share/pal_hey5_description/launch
[0.865s] -- Installing: /home/luca/topic-highlight/exam_ws/install/pal_hey5_description/share/pal_hey5_description/launch/pal_hey5_kinematics_test.launch
[0.865s] -- Installing: /home/luca/topic-highlight/exam_ws/install/pal_hey5_description/share/pal_hey5_description/meshes
[0.865s] -- Installing: /home/luca/topic-highlight/exam_ws/install/pal_hey5_description/share/pal_hey5_description/meshes/finger_abd_collision.stl
[0.865s] -- Installing: /home/luca/topic-highlight/exam_ws/install/pal_hey5_description/share/pal_hey5_description/meshes/palm_collision.stl
[0.865s] -- Installing: /home/luca/topic-highlight/exam_ws/install/pal_hey5_description/share/pal_hey5_description/meshes/palm.stl
[0.865s] -- Installing: /home/luca/topic-highlight/exam_ws/install/pal_hey5_description/share/pal_hey5_description/meshes/finger_flex_collision.stl
[0.866s] -- Installing: /home/luca/topic-highlight/exam_ws/install/pal_hey5_description/share/pal_hey5_description/meshes/finger_flex_tip_collision.stl
[0.866s] -- Installing: /home/luca/topic-highlight/exam_ws/install/pal_hey5_description/share/pal_hey5_description/meshes/thumb_abd_collision.stl
[0.866s] -- Installing: /home/luca/topic-highlight/exam_ws/install/pal_hey5_description/share/pal_hey5_description/robots
[0.866s] -- Installing: /home/luca/topic-highlight/exam_ws/install/pal_hey5_description/share/pal_hey5_description/robots/pal_hey5_test.urdf.xacro
[0.867s] -- Installing: /home/luca/topic-highlight/exam_ws/install/pal_hey5_description/share/pal_hey5_description/urdf
[0.867s] -- Installing: /home/luca/topic-highlight/exam_ws/install/pal_hey5_description/share/pal_hey5_description/urdf/transmissions.urdf.xacro
[0.867s] -- Installing: /home/luca/topic-highlight/exam_ws/install/pal_hey5_description/share/pal_hey5_description/urdf/pal_hey5.ros2_control.xacro
[0.867s] -- Installing: /home/luca/topic-highlight/exam_ws/install/pal_hey5_description/share/pal_hey5_description/urdf/fingers.urdf.xacro
[0.868s] -- Installing: /home/luca/topic-highlight/exam_ws/install/pal_hey5_description/share/pal_hey5_description/urdf/actuators.urdf.xacro
[0.868s] -- Installing: /home/luca/topic-highlight/exam_ws/install/pal_hey5_description/share/pal_hey5_description/urdf/pal_hey5_hand.urdf.xacro
[0.868s] -- Installing: /home/luca/topic-highlight/exam_ws/install/pal_hey5_description/share/pal_hey5_description/urdf/pal_hey5.transmission.xacro
[0.868s] -- Installing: /home/luca/topic-highlight/exam_ws/install/pal_hey5_description/share/pal_hey5_description/urdf/palm.urdf.xacro
[0.870s] -- Installing: /home/luca/topic-highlight/exam_ws/install/pal_hey5_description/share/ament_index/resource_index/package_run_dependencies/pal_hey5_description
[0.870s] -- Installing: /home/luca/topic-highlight/exam_ws/install/pal_hey5_description/share/ament_index/resource_index/parent_prefix_path/pal_hey5_description
[0.870s] -- Installing: /home/luca/topic-highlight/exam_ws/install/pal_hey5_description/share/pal_hey5_description/environment/ament_prefix_path.sh
[0.870s] -- Installing: /home/luca/topic-highlight/exam_ws/install/pal_hey5_description/share/pal_hey5_description/environment/ament_prefix_path.dsv
[0.870s] -- Installing: /home/luca/topic-highlight/exam_ws/install/pal_hey5_description/share/pal_hey5_description/environment/path.sh
[0.870s] -- Installing: /home/luca/topic-highlight/exam_ws/install/pal_hey5_description/share/pal_hey5_description/environment/path.dsv
[0.870s] -- Installing: /home/luca/topic-highlight/exam_ws/install/pal_hey5_description/share/pal_hey5_description/local_setup.bash
[0.870s] -- Installing: /home/luca/topic-highlight/exam_ws/install/pal_hey5_description/share/pal_hey5_description/local_setup.sh
[0.870s] -- Installing: /home/luca/topic-highlight/exam_ws/install/pal_hey5_description/share/pal_hey5_description/local_setup.zsh
[0.870s] -- Installing: /home/luca/topic-highlight/exam_ws/install/pal_hey5_description/share/pal_hey5_description/local_setup.dsv
[0.870s] -- Installing: /home/luca/topic-highlight/exam_ws/install/pal_hey5_description/share/pal_hey5_description/package.dsv
[0.871s] -- Installing: /home/luca/topic-highlight/exam_ws/install/pal_hey5_description/share/ament_index/resource_index/packages/pal_hey5_description
[0.871s] -- Installing: /home/luca/topic-highlight/exam_ws/install/pal_hey5_description/share/pal_hey5_description/cmake/pal_hey5_descriptionConfig.cmake
[0.871s] -- Installing: /home/luca/topic-highlight/exam_ws/install/pal_hey5_description/share/pal_hey5_description/cmake/pal_hey5_descriptionConfig-version.cmake
[0.871s] -- Installing: /home/luca/topic-highlight/exam_ws/install/pal_hey5_description/share/pal_hey5_description/package.xml
[0.874s] Invoked command in '/home/luca/topic-highlight/exam_ws/build/pal_hey5_description' returned '0': AMENT_PREFIX_PATH=/home/luca/topic-highlight/exam_ws/install/pal_urdf_utils:${AMENT_PREFIX_PATH} CMAKE_PREFIX_PATH=/home/luca/topic-highlight/exam_ws/install/pal_urdf_utils:/opt/ros/humble /usr/bin/cmake --install /home/luca/topic-highlight/exam_ws/build/pal_hey5_description
