[0.014s] Invoking command in '/home/luca/topic-highlight/exam_ws/build/pmb2_navigation': AMENT_PREFIX_PATH=/home/luca/topic-highlight/exam_ws/install/pmb2_2dnav:/home/luca/topic-highlight/exam_ws/install/pmb2_maps:/home/luca/topic-highlight/exam_ws/install/pmb2_laser_sensors:${AMENT_PREFIX_PATH} CMAKE_PREFIX_PATH=/home/luca/topic-highlight/exam_ws/install/pmb2_2dnav:/home/luca/topic-highlight/exam_ws/install/pmb2_maps:/home/luca/topic-highlight/exam_ws/install/pmb2_laser_sensors:/opt/ros/humble /usr/bin/cmake /home/luca/topic-highlight/exam_ws/src/pmb2_navigation/pmb2_navigation -DCMAKE_INSTALL_PREFIX=/home/luca/topic-highlight/exam_ws/install/pmb2_navigation
[0.065s] -- The C compiler identification is GNU 11.4.0
[0.121s] -- The CXX compiler identification is GNU 11.4.0
[0.131s] -- Detecting C compiler ABI info
[0.205s] -- Detecting C compiler ABI info - done
[0.214s] -- Check for working C compiler: /usr/bin/cc - skipped
[0.215s] -- Detecting C compile features
[0.215s] -- Detecting C compile features - done
[0.219s] -- Detecting CXX compiler ABI info
[0.290s] -- Detecting CXX compiler ABI info - done
[0.301s] -- Check for working CXX compiler: /usr/bin/c++ - skipped
[0.302s] -- Detecting CXX compile features
[0.302s] -- Detecting CXX compile features - done
[0.306s] -- Found ament_cmake_auto: 1.3.11 (/opt/ros/humble/share/ament_cmake_auto/cmake)
[0.634s] -- Found Python3: /usr/bin/python3 (found version "3.10.12") found components: Interpreter 
[0.838s] -- Configuring done
[0.839s] -- Generating done
[0.841s] -- Build files have been written to: /home/luca/topic-highlight/exam_ws/build/pmb2_navigation
[0.846s] Invoked command in '/home/luca/topic-highlight/exam_ws/build/pmb2_navigation' returned '0': AMENT_PREFIX_PATH=/home/luca/topic-highlight/exam_ws/install/pmb2_2dnav:/home/luca/topic-highlight/exam_ws/install/pmb2_maps:/home/luca/topic-highlight/exam_ws/install/pmb2_laser_sensors:${AMENT_PREFIX_PATH} CMAKE_PREFIX_PATH=/home/luca/topic-highlight/exam_ws/install/pmb2_2dnav:/home/luca/topic-highlight/exam_ws/install/pmb2_maps:/home/luca/topic-highlight/exam_ws/install/pmb2_laser_sensors:/opt/ros/humble /usr/bin/cmake /home/luca/topic-highlight/exam_ws/src/pmb2_navigation/pmb2_navigation -DCMAKE_INSTALL_PREFIX=/home/luca/topic-highlight/exam_ws/install/pmb2_navigation
[0.848s] Invoking command in '/home/luca/topic-highlight/exam_ws/build/pmb2_navigation': AMENT_PREFIX_PATH=/home/luca/topic-highlight/exam_ws/install/pmb2_2dnav:/home/luca/topic-highlight/exam_ws/install/pmb2_maps:/home/luca/topic-highlight/exam_ws/install/pmb2_laser_sensors:${AMENT_PREFIX_PATH} CMAKE_PREFIX_PATH=/home/luca/topic-highlight/exam_ws/install/pmb2_2dnav:/home/luca/topic-highlight/exam_ws/install/pmb2_maps:/home/luca/topic-highlight/exam_ws/install/pmb2_laser_sensors:/opt/ros/humble /usr/bin/cmake --build /home/luca/topic-highlight/exam_ws/build/pmb2_navigation -- -j20 -l20
[0.887s] Invoked command in '/home/luca/topic-highlight/exam_ws/build/pmb2_navigation' returned '0': AMENT_PREFIX_PATH=/home/luca/topic-highlight/exam_ws/install/pmb2_2dnav:/home/luca/topic-highlight/exam_ws/install/pmb2_maps:/home/luca/topic-highlight/exam_ws/install/pmb2_laser_sensors:${AMENT_PREFIX_PATH} CMAKE_PREFIX_PATH=/home/luca/topic-highlight/exam_ws/install/pmb2_2dnav:/home/luca/topic-highlight/exam_ws/install/pmb2_maps:/home/luca/topic-highlight/exam_ws/install/pmb2_laser_sensors:/opt/ros/humble /usr/bin/cmake --build /home/luca/topic-highlight/exam_ws/build/pmb2_navigation -- -j20 -l20
[0.889s] Invoking command in '/home/luca/topic-highlight/exam_ws/build/pmb2_navigation': AMENT_PREFIX_PATH=/home/luca/topic-highlight/exam_ws/install/pmb2_2dnav:/home/luca/topic-highlight/exam_ws/install/pmb2_maps:/home/luca/topic-highlight/exam_ws/install/pmb2_laser_sensors:${AMENT_PREFIX_PATH} CMAKE_PREFIX_PATH=/home/luca/topic-highlight/exam_ws/install/pmb2_2dnav:/home/luca/topic-highlight/exam_ws/install/pmb2_maps:/home/luca/topic-highlight/exam_ws/install/pmb2_laser_sensors:/opt/ros/humble /usr/bin/cmake --install /home/luca/topic-highlight/exam_ws/build/pmb2_navigation
[0.894s] -- Install configuration: ""
[0.895s] -- Installing: /home/luca/topic-highlight/exam_ws/install/pmb2_navigation/share/ament_index/resource_index/package_run_dependencies/pmb2_navigation
[0.895s] -- Installing: /home/luca/topic-highlight/exam_ws/install/pmb2_navigation/share/ament_index/resource_index/parent_prefix_path/pmb2_navigation
[0.895s] -- Installing: /home/luca/topic-highlight/exam_ws/install/pmb2_navigation/share/pmb2_navigation/environment/ament_prefix_path.sh
[0.895s] -- Installing: /home/luca/topic-highlight/exam_ws/install/pmb2_navigation/share/pmb2_navigation/environment/ament_prefix_path.dsv
[0.895s] -- Installing: /home/luca/topic-highlight/exam_ws/install/pmb2_navigation/share/pmb2_navigation/environment/path.sh
[0.896s] -- Installing: /home/luca/topic-highlight/exam_ws/install/pmb2_navigation/share/pmb2_navigation/environment/path.dsv
[0.896s] -- Installing: /home/luca/topic-highlight/exam_ws/install/pmb2_navigation/share/pmb2_navigation/local_setup.bash
[0.896s] -- Installing: /home/luca/topic-highlight/exam_ws/install/pmb2_navigation/share/pmb2_navigation/local_setup.sh
[0.896s] -- Installing: /home/luca/topic-highlight/exam_ws/install/pmb2_navigation/share/pmb2_navigation/local_setup.zsh
[0.896s] -- Installing: /home/luca/topic-highlight/exam_ws/install/pmb2_navigation/share/pmb2_navigation/local_setup.dsv
[0.896s] -- Installing: /home/luca/topic-highlight/exam_ws/install/pmb2_navigation/share/pmb2_navigation/package.dsv
[0.896s] -- Installing: /home/luca/topic-highlight/exam_ws/install/pmb2_navigation/share/ament_index/resource_index/packages/pmb2_navigation
[0.896s] -- Installing: /home/luca/topic-highlight/exam_ws/install/pmb2_navigation/share/pmb2_navigation/cmake/pmb2_navigationConfig.cmake
[0.896s] -- Installing: /home/luca/topic-highlight/exam_ws/install/pmb2_navigation/share/pmb2_navigation/cmake/pmb2_navigationConfig-version.cmake
[0.896s] -- Installing: /home/luca/topic-highlight/exam_ws/install/pmb2_navigation/share/pmb2_navigation/package.xml
[0.898s] Invoked command in '/home/luca/topic-highlight/exam_ws/build/pmb2_navigation' returned '0': AMENT_PREFIX_PATH=/home/luca/topic-highlight/exam_ws/install/pmb2_2dnav:/home/luca/topic-highlight/exam_ws/install/pmb2_maps:/home/luca/topic-highlight/exam_ws/install/pmb2_laser_sensors:${AMENT_PREFIX_PATH} CMAKE_PREFIX_PATH=/home/luca/topic-highlight/exam_ws/install/pmb2_2dnav:/home/luca/topic-highlight/exam_ws/install/pmb2_maps:/home/luca/topic-highlight/exam_ws/install/pmb2_laser_sensors:/opt/ros/humble /usr/bin/cmake --install /home/luca/topic-highlight/exam_ws/build/pmb2_navigation
