[0.013s] Invoking command in '/home/luca/topic-highlight/exam_ws/build/tiago_laser_sensors': AMENT_PREFIX_PATH=/home/luca/topic-highlight/exam_ws/install/pmb2_laser_sensors:${AMENT_PREFIX_PATH} CMAKE_PREFIX_PATH=/home/luca/topic-highlight/exam_ws/install/pmb2_laser_sensors:/opt/ros/humble /usr/bin/cmake /home/luca/topic-highlight/exam_ws/src/tiago_navigation/tiago_laser_sensors -DCMAKE_INSTALL_PREFIX=/home/luca/topic-highlight/exam_ws/install/tiago_laser_sensors
[0.064s] -- The C compiler identification is GNU 11.4.0
[0.118s] -- The CXX compiler identification is GNU 11.4.0
[0.126s] -- Detecting C compiler ABI info
[0.186s] -- Detecting C compiler ABI info - done
[0.197s] -- Check for working C compiler: /usr/bin/cc - skipped
[0.198s] -- Detecting C compile features
[0.199s] -- Detecting C compile features - done
[0.202s] -- Detecting CXX compiler ABI info
[0.285s] -- Detecting CXX compiler ABI info - done
[0.292s] -- Check for working CXX compiler: /usr/bin/c++ - skipped
[0.293s] -- Detecting CXX compile features
[0.293s] -- Detecting CXX compile features - done
[0.293s] -- Found ament_cmake_auto: 1.3.11 (/opt/ros/humble/share/ament_cmake_auto/cmake)
[0.723s] -- Found Python3: /usr/bin/python3 (found version "3.10.12") found components: Interpreter 
[0.906s] -- Added test 'copyright' to check source files copyright and LICENSE
[0.909s] -- Added test 'flake8' to check Python code syntax and style conventions
[0.909s] -- Added test 'lint_cmake' to check CMake code style
[0.910s] -- Added test 'pep257' to check Python code against some of the docstring style conventions in PEP 257
[0.911s] -- Added test 'xmllint' to check XML markup files
[0.913s] -- Configuring done
[0.916s] -- Generating done
[0.918s] -- Build files have been written to: /home/luca/topic-highlight/exam_ws/build/tiago_laser_sensors
[0.925s] Invoked command in '/home/luca/topic-highlight/exam_ws/build/tiago_laser_sensors' returned '0': AMENT_PREFIX_PATH=/home/luca/topic-highlight/exam_ws/install/pmb2_laser_sensors:${AMENT_PREFIX_PATH} CMAKE_PREFIX_PATH=/home/luca/topic-highlight/exam_ws/install/pmb2_laser_sensors:/opt/ros/humble /usr/bin/cmake /home/luca/topic-highlight/exam_ws/src/tiago_navigation/tiago_laser_sensors -DCMAKE_INSTALL_PREFIX=/home/luca/topic-highlight/exam_ws/install/tiago_laser_sensors
[0.926s] Invoking command in '/home/luca/topic-highlight/exam_ws/build/tiago_laser_sensors': AMENT_PREFIX_PATH=/home/luca/topic-highlight/exam_ws/install/pmb2_laser_sensors:${AMENT_PREFIX_PATH} CMAKE_PREFIX_PATH=/home/luca/topic-highlight/exam_ws/install/pmb2_laser_sensors:/opt/ros/humble /usr/bin/cmake --build /home/luca/topic-highlight/exam_ws/build/tiago_laser_sensors -- -j20 -l20
[0.956s] Invoked command in '/home/luca/topic-highlight/exam_ws/build/tiago_laser_sensors' returned '0': AMENT_PREFIX_PATH=/home/luca/topic-highlight/exam_ws/install/pmb2_laser_sensors:${AMENT_PREFIX_PATH} CMAKE_PREFIX_PATH=/home/luca/topic-highlight/exam_ws/install/pmb2_laser_sensors:/opt/ros/humble /usr/bin/cmake --build /home/luca/topic-highlight/exam_ws/build/tiago_laser_sensors -- -j20 -l20
[0.958s] Invoking command in '/home/luca/topic-highlight/exam_ws/build/tiago_laser_sensors': AMENT_PREFIX_PATH=/home/luca/topic-highlight/exam_ws/install/pmb2_laser_sensors:${AMENT_PREFIX_PATH} CMAKE_PREFIX_PATH=/home/luca/topic-highlight/exam_ws/install/pmb2_laser_sensors:/opt/ros/humble /usr/bin/cmake --install /home/luca/topic-highlight/exam_ws/build/tiago_laser_sensors
[0.964s] -- Install configuration: ""
[0.964s] -- Installing: /home/luca/topic-highlight/exam_ws/install/tiago_laser_sensors/share/tiago_laser_sensors/launch
[0.964s] -- Installing: /home/luca/topic-highlight/exam_ws/install/tiago_laser_sensors/share/tiago_laser_sensors/launch/laser.launch.py
[0.965s] -- Installing: /home/luca/topic-highlight/exam_ws/install/tiago_laser_sensors/share/ament_index/resource_index/package_run_dependencies/tiago_laser_sensors
[0.965s] -- Installing: /home/luca/topic-highlight/exam_ws/install/tiago_laser_sensors/share/ament_index/resource_index/parent_prefix_path/tiago_laser_sensors
[0.965s] -- Installing: /home/luca/topic-highlight/exam_ws/install/tiago_laser_sensors/share/tiago_laser_sensors/environment/ament_prefix_path.sh
[0.965s] -- Installing: /home/luca/topic-highlight/exam_ws/install/tiago_laser_sensors/share/tiago_laser_sensors/environment/ament_prefix_path.dsv
[0.965s] -- Installing: /home/luca/topic-highlight/exam_ws/install/tiago_laser_sensors/share/tiago_laser_sensors/environment/path.sh
[0.965s] -- Installing: /home/luca/topic-highlight/exam_ws/install/tiago_laser_sensors/share/tiago_laser_sensors/environment/path.dsv
[0.966s] -- Installing: /home/luca/topic-highlight/exam_ws/install/tiago_laser_sensors/share/tiago_laser_sensors/local_setup.bash
[0.966s] -- Installing: /home/luca/topic-highlight/exam_ws/install/tiago_laser_sensors/share/tiago_laser_sensors/local_setup.sh
[0.966s] -- Installing: /home/luca/topic-highlight/exam_ws/install/tiago_laser_sensors/share/tiago_laser_sensors/local_setup.zsh
[0.966s] -- Installing: /home/luca/topic-highlight/exam_ws/install/tiago_laser_sensors/share/tiago_laser_sensors/local_setup.dsv
[0.966s] -- Installing: /home/luca/topic-highlight/exam_ws/install/tiago_laser_sensors/share/tiago_laser_sensors/package.dsv
[0.967s] -- Installing: /home/luca/topic-highlight/exam_ws/install/tiago_laser_sensors/share/ament_index/resource_index/packages/tiago_laser_sensors
[0.967s] -- Installing: /home/luca/topic-highlight/exam_ws/install/tiago_laser_sensors/share/tiago_laser_sensors/cmake/tiago_laser_sensorsConfig.cmake
[0.967s] -- Installing: /home/luca/topic-highlight/exam_ws/install/tiago_laser_sensors/share/tiago_laser_sensors/cmake/tiago_laser_sensorsConfig-version.cmake
[0.967s] -- Installing: /home/luca/topic-highlight/exam_ws/install/tiago_laser_sensors/share/tiago_laser_sensors/package.xml
[0.968s] Invoked command in '/home/luca/topic-highlight/exam_ws/build/tiago_laser_sensors' returned '0': AMENT_PREFIX_PATH=/home/luca/topic-highlight/exam_ws/install/pmb2_laser_sensors:${AMENT_PREFIX_PATH} CMAKE_PREFIX_PATH=/home/luca/topic-highlight/exam_ws/install/pmb2_laser_sensors:/opt/ros/humble /usr/bin/cmake --install /home/luca/topic-highlight/exam_ws/build/tiago_laser_sensors
