[0.032s] Invoking command in '/home/luca/topic-highlight/exam_ws/build/pmb2_controller_configuration': AMENT_PREFIX_PATH=/home/luca/topic-highlight/exam_ws/install/launch_pal:${AMENT_PREFIX_PATH} CMAKE_PREFIX_PATH=/opt/ros/humble PYTHONPATH=/home/luca/topic-highlight/exam_ws/install/launch_pal/lib/python3.10/site-packages:${PYTHONPATH} /usr/bin/cmake /home/luca/topic-highlight/exam_ws/src/pmb2_robot/pmb2_controller_configuration -DCMAKE_INSTALL_PREFIX=/home/luca/topic-highlight/exam_ws/install/pmb2_controller_configuration
[0.088s] -- The C compiler identification is GNU 11.4.0
[0.140s] -- The CXX compiler identification is GNU 11.4.0
[0.147s] -- Detecting C compiler ABI info
[0.219s] -- Detecting C compiler ABI info - done
[0.227s] -- Check for working C compiler: /usr/bin/cc - skipped
[0.227s] -- Detecting C compile features
[0.228s] -- Detecting C compile features - done
[0.230s] -- Detecting CXX compiler ABI info
[0.299s] -- Detecting CXX compiler ABI info - done
[0.306s] -- Check for working CXX compiler: /usr/bin/c++ - skipped
[0.306s] -- Detecting CXX compile features
[0.307s] -- Detecting CXX compile features - done
[0.308s] -- Found ament_cmake_auto: 1.3.11 (/opt/ros/humble/share/ament_cmake_auto/cmake)
[0.640s] -- Found Python3: /usr/bin/python3 (found version "3.10.12") found components: Interpreter 
[0.812s] -- Found ament_lint_auto: 0.12.11 (/opt/ros/humble/share/ament_lint_auto/cmake)
[0.843s] -- Added test 'copyright' to check source files copyright and LICENSE
[0.847s] -- Added test 'flake8' to check Python code syntax and style conventions
[0.847s] -- Added test 'lint_cmake' to check CMake code style
[0.848s] -- Added test 'pep257' to check Python code against some of the docstring style conventions in PEP 257
[0.849s] -- Added test 'xmllint' to check XML markup files
[0.850s] -- Configuring done
[0.854s] -- Generating done
[0.856s] -- Build files have been written to: /home/luca/topic-highlight/exam_ws/build/pmb2_controller_configuration
[0.862s] Invoked command in '/home/luca/topic-highlight/exam_ws/build/pmb2_controller_configuration' returned '0': AMENT_PREFIX_PATH=/home/luca/topic-highlight/exam_ws/install/launch_pal:${AMENT_PREFIX_PATH} CMAKE_PREFIX_PATH=/opt/ros/humble PYTHONPATH=/home/luca/topic-highlight/exam_ws/install/launch_pal/lib/python3.10/site-packages:${PYTHONPATH} /usr/bin/cmake /home/luca/topic-highlight/exam_ws/src/pmb2_robot/pmb2_controller_configuration -DCMAKE_INSTALL_PREFIX=/home/luca/topic-highlight/exam_ws/install/pmb2_controller_configuration
[0.865s] Invoking command in '/home/luca/topic-highlight/exam_ws/build/pmb2_controller_configuration': AMENT_PREFIX_PATH=/home/luca/topic-highlight/exam_ws/install/launch_pal:${AMENT_PREFIX_PATH} CMAKE_PREFIX_PATH=/opt/ros/humble PYTHONPATH=/home/luca/topic-highlight/exam_ws/install/launch_pal/lib/python3.10/site-packages:${PYTHONPATH} /usr/bin/cmake --build /home/luca/topic-highlight/exam_ws/build/pmb2_controller_configuration -- -j20 -l20
[0.894s] Invoked command in '/home/luca/topic-highlight/exam_ws/build/pmb2_controller_configuration' returned '0': AMENT_PREFIX_PATH=/home/luca/topic-highlight/exam_ws/install/launch_pal:${AMENT_PREFIX_PATH} CMAKE_PREFIX_PATH=/opt/ros/humble PYTHONPATH=/home/luca/topic-highlight/exam_ws/install/launch_pal/lib/python3.10/site-packages:${PYTHONPATH} /usr/bin/cmake --build /home/luca/topic-highlight/exam_ws/build/pmb2_controller_configuration -- -j20 -l20
[0.896s] Invoking command in '/home/luca/topic-highlight/exam_ws/build/pmb2_controller_configuration': AMENT_PREFIX_PATH=/home/luca/topic-highlight/exam_ws/install/launch_pal:${AMENT_PREFIX_PATH} CMAKE_PREFIX_PATH=/opt/ros/humble PYTHONPATH=/home/luca/topic-highlight/exam_ws/install/launch_pal/lib/python3.10/site-packages:${PYTHONPATH} /usr/bin/cmake --install /home/luca/topic-highlight/exam_ws/build/pmb2_controller_configuration
[0.902s] -- Install configuration: ""
[0.902s] -- Installing: /home/luca/topic-highlight/exam_ws/install/pmb2_controller_configuration/share/pmb2_controller_configuration/config
[0.902s] -- Installing: /home/luca/topic-highlight/exam_ws/install/pmb2_controller_configuration/share/pmb2_controller_configuration/config/mobile_base_controller.yaml
[0.903s] -- Installing: /home/luca/topic-highlight/exam_ws/install/pmb2_controller_configuration/share/pmb2_controller_configuration/config/gazebo_controller_manager_cfg.yaml
[0.903s] -- Installing: /home/luca/topic-highlight/exam_ws/install/pmb2_controller_configuration/share/pmb2_controller_configuration/config/joint_state_broadcaster.yaml
[0.903s] -- Installing: /home/luca/topic-highlight/exam_ws/install/pmb2_controller_configuration/share/pmb2_controller_configuration/launch
[0.903s] -- Installing: /home/luca/topic-highlight/exam_ws/install/pmb2_controller_configuration/share/pmb2_controller_configuration/launch/mobile_base_controller.launch.py
[0.903s] -- Installing: /home/luca/topic-highlight/exam_ws/install/pmb2_controller_configuration/share/pmb2_controller_configuration/launch/default_controllers.launch.py
[0.903s] -- Installing: /home/luca/topic-highlight/exam_ws/install/pmb2_controller_configuration/share/pmb2_controller_configuration/launch/joint_state_broadcaster.launch.py
[0.904s] -- Installing: /home/luca/topic-highlight/exam_ws/install/pmb2_controller_configuration/share/ament_index/resource_index/package_run_dependencies/pmb2_controller_configuration
[0.904s] -- Installing: /home/luca/topic-highlight/exam_ws/install/pmb2_controller_configuration/share/ament_index/resource_index/parent_prefix_path/pmb2_controller_configuration
[0.904s] -- Installing: /home/luca/topic-highlight/exam_ws/install/pmb2_controller_configuration/share/pmb2_controller_configuration/environment/ament_prefix_path.sh
[0.904s] -- Installing: /home/luca/topic-highlight/exam_ws/install/pmb2_controller_configuration/share/pmb2_controller_configuration/environment/ament_prefix_path.dsv
[0.904s] -- Installing: /home/luca/topic-highlight/exam_ws/install/pmb2_controller_configuration/share/pmb2_controller_configuration/environment/path.sh
[0.905s] -- Installing: /home/luca/topic-highlight/exam_ws/install/pmb2_controller_configuration/share/pmb2_controller_configuration/environment/path.dsv
[0.905s] -- Installing: /home/luca/topic-highlight/exam_ws/install/pmb2_controller_configuration/share/pmb2_controller_configuration/local_setup.bash
[0.905s] -- Installing: /home/luca/topic-highlight/exam_ws/install/pmb2_controller_configuration/share/pmb2_controller_configuration/local_setup.sh
[0.905s] -- Installing: /home/luca/topic-highlight/exam_ws/install/pmb2_controller_configuration/share/pmb2_controller_configuration/local_setup.zsh
[0.906s] -- Installing: /home/luca/topic-highlight/exam_ws/install/pmb2_controller_configuration/share/pmb2_controller_configuration/local_setup.dsv
[0.906s] -- Installing: /home/luca/topic-highlight/exam_ws/install/pmb2_controller_configuration/share/pmb2_controller_configuration/package.dsv
[0.906s] -- Installing: /home/luca/topic-highlight/exam_ws/install/pmb2_controller_configuration/share/ament_index/resource_index/packages/pmb2_controller_configuration
[0.906s] -- Installing: /home/luca/topic-highlight/exam_ws/install/pmb2_controller_configuration/share/pmb2_controller_configuration/cmake/pmb2_controller_configurationConfig.cmake
[0.906s] -- Installing: /home/luca/topic-highlight/exam_ws/install/pmb2_controller_configuration/share/pmb2_controller_configuration/cmake/pmb2_controller_configurationConfig-version.cmake
[0.906s] -- Installing: /home/luca/topic-highlight/exam_ws/install/pmb2_controller_configuration/share/pmb2_controller_configuration/package.xml
[0.910s] Invoked command in '/home/luca/topic-highlight/exam_ws/build/pmb2_controller_configuration' returned '0': AMENT_PREFIX_PATH=/home/luca/topic-highlight/exam_ws/install/launch_pal:${AMENT_PREFIX_PATH} CMAKE_PREFIX_PATH=/opt/ros/humble PYTHONPATH=/home/luca/topic-highlight/exam_ws/install/launch_pal/lib/python3.10/site-packages:${PYTHONPATH} /usr/bin/cmake --install /home/luca/topic-highlight/exam_ws/build/pmb2_controller_configuration
